<html>
<body>
<pre>
<h1>礦ision Build Log</h1>
<h2>Tool Versions:</h2>
IDE-Version: μVision V5.25.3.0
Copyright (C) 2018 ARM Ltd and ARM Germany GmbH. All rights reserved.
License Information: 1 Microsoft, Microsoft, LIC=S5ITG-V5G2Q-BXVUY-I5T0J-4HUEL-MI8C5
 
Tool Versions:
Toolchain:       MDK-ARM Professional  Version: 5.25.2.0
Toolchain Path:  D:\Keil_v5\ARM\ARMCC\Bin
C Compiler:      Armcc.exe V5.06 update 6 (build 750)
Assembler:       Armasm.exe V5.06 update 6 (build 750)
Linker/Locator:  ArmLink.exe V5.06 update 6 (build 750)
Library Manager: ArmAr.exe V5.06 update 6 (build 750)
Hex Converter:   FromElf.exe V5.06 update 6 (build 750)
CPU DLL:         SARMCM3.DLL V5.25.2.0
Dialog DLL:      DCM.DLL V1.17.1.0
Target DLL:      Segger\JL2CM3.dll V2.99.29.0
Dialog DLL:      TCM.DLL V1.35.1.0
 
<h2>Project:</h2>
F:\JK525N\Project\RVMDK（uv5）\BH-F429.uvprojx
Project File Date:  12/23/2020

<h2>Output:</h2>
*** Using Compiler 'V5.06 update 6 (build 750)', folder: 'D:\Keil_v5\ARM\ARMCC\Bin'
Build target '工程模板'
compiling user.c...
..\..\User\user.c(1107): warning:  #188-D: enumerated type mixed with another type
        bool f_upper=FALSE;//量程过压标志
..\..\User\user.c(1108): warning:  #188-D: enumerated type mixed with another type
        bool f_below=FALSE;//量程欠压标志
..\..\User\user.c(1109): warning:  #188-D: enumerated type mixed with another type
        bool f_switch=FALSE;//量程切换标志
..\..\User\user.c(1110): warning:  #188-D: enumerated type mixed with another type
      bool V_upper=FALSE;//量程过压标志
..\..\User\user.c(1111): warning:  #188-D: enumerated type mixed with another type
        bool V_below=FALSE;//量程欠压标志
..\..\User\user.c(1112): warning:  #188-D: enumerated type mixed with another type
        bool V_switch=FALSE;//量程切换标志
..\..\User\user.c(1117): warning:  #188-D: enumerated type mixed with another type
                f_upper=TRUE;//量程过压标志
..\..\User\user.c(1118): warning:  #188-D: enumerated type mixed with another type
                f_below=FALSE;//量程欠压标志
..\..\User\user.c(1126): warning:  #188-D: enumerated type mixed with another type
                f_below=TRUE;//量程低压标志
..\..\User\user.c(1127): warning:  #188-D: enumerated type mixed with another type
                f_upper=FALSE;//量程欠压标志
..\..\User\user.c(1131): warning:  #188-D: enumerated type mixed with another type
                f_upper=FALSE;//量程过压标志
..\..\User\user.c(1132): warning:  #188-D: enumerated type mixed with another type
                f_below=FALSE;//量程欠压标志
..\..\User\user.c(1134): warning:  #188-D: enumerated type mixed with another type
        f_switch=FALSE;//量程切换标志
..\..\User\user.c(1140): warning:  #188-D: enumerated type mixed with another type
                                f_switch=TRUE;//量程切换标志
..\..\User\user.c(1150): warning:  #188-D: enumerated type mixed with another type
                                f_switch=TRUE;//量程切换标志
..\..\User\user.c(1162): warning:  #188-D: enumerated type mixed with another type
          f_switch=FALSE;
..\..\User\user.c(1110): warning:  #177-D: variable "V_upper"  was declared but never referenced
      bool V_upper=FALSE;//量程过压标志
..\..\User\user.c(1111): warning:  #177-D: variable "V_below"  was declared but never referenced
        bool V_below=FALSE;//量程欠压标志
..\..\User\user.c(1112): warning:  #177-D: variable "V_switch"  was declared but never referenced
        bool V_switch=FALSE;//量程切换标志
..\..\User\user.c(1173): warning:  #188-D: enumerated type mixed with another type
                bool f_upper=FALSE;//量程过压标志
..\..\User\user.c(1174): warning:  #188-D: enumerated type mixed with another type
                bool f_below=FALSE;//量程欠压标志
..\..\User\user.c(1175): warning:  #188-D: enumerated type mixed with another type
                bool f_switch=FALSE;//量程切换标志
..\..\User\user.c(1176): warning:  #188-D: enumerated type mixed with another type
                bool V_upper=FALSE;//量程过压标志
..\..\User\user.c(1177): warning:  #188-D: enumerated type mixed with another type
                bool V_below=FALSE;//量程欠压标志
..\..\User\user.c(1178): warning:  #188-D: enumerated type mixed with another type
                bool V_switch=FALSE;//量程切换标志
..\..\User\user.c(1183): warning:  #188-D: enumerated type mixed with another type
          V_upper=TRUE;  //量程过压标志
..\..\User\user.c(1184): warning:  #188-D: enumerated type mixed with another type
          V_below=FALSE; //量程欠压标志       
..\..\User\user.c(1188): warning:  #188-D: enumerated type mixed with another type
          V_below=TRUE;  //量程低压标志
..\..\User\user.c(1189): warning:  #188-D: enumerated type mixed with another type
          V_upper=FALSE; //量程欠压标志
..\..\User\user.c(1193): warning:  #188-D: enumerated type mixed with another type
          V_upper=FALSE; //量程过压标志
..\..\User\user.c(1194): warning:  #188-D: enumerated type mixed with another type
          V_below=FALSE; //量程欠压标志
..\..\User\user.c(1196): warning:  #188-D: enumerated type mixed with another type
                V_switch=FALSE; //量程切换标志
..\..\User\user.c(1200): warning:  #188-D: enumerated type mixed with another type
                        V_switch=TRUE;//量程切换标志
..\..\User\user.c(1207): warning:  #188-D: enumerated type mixed with another type
                        V_switch=TRUE;//量程切换标志
..\..\User\user.c(1173): warning:  #177-D: variable "f_upper"  was declared but never referenced
                bool f_upper=FALSE;//量程过压标志
..\..\User\user.c(1174): warning:  #177-D: variable "f_below"  was declared but never referenced
                bool f_below=FALSE;//量程欠压标志
..\..\User\user.c(1175): warning:  #177-D: variable "f_switch"  was declared but never referenced
                bool f_switch=FALSE;//量程切换标志
..\..\User\user.c(1239): warning:  #177-D: variable "a"  was declared but never referenced
      float a,b;
..\..\User\user.c(1239): warning:  #177-D: variable "b"  was declared but never referenced
      float a,b;
..\..\User\user.c(1854): warning:  #177-D: variable "i"  was declared but never referenced
                u8 i;
..\..\User\user.c(2323): warning:  #177-D: variable "i"  was declared but never referenced
        uint32_t i;
..\..\User\user.c(2324): warning:  #177-D: variable "pt"  was declared but never referenced
      const u8 (*pt)[sizeof(Set_testitem[0])];
..\..\User\user.c: 42 warnings, 0 errors
linking...
Program Size: Code=73808 RO-data=574784 RW-data=720 ZI-data=33776  
FromELF: creating hex file...
After Build - User command #1: D:\Keil_v5\ARM\ARMCC\bin\fromelf.exe --bin -o ..\..\Output\update.bin ..\..\Output\Template.axf
"..\..\Output\Template.axf" - 0 Error(s), 42 Warning(s).

<h2>Software Packages used:</h2>

Package Vendor: Keil
                http://www.keil.com/pack/Keil.STM32F4xx_DFP.2.12.0.pack
                Keil.STM32F4xx_DFP.2.12.0
                STMicroelectronics STM32F4 Series Device Support, Drivers and Examples

<h2>Collection of Component include folders:</h2>
  .\RTE\_________
  D:\Keil_v5\ARM\PACK\Keil\STM32F4xx_DFP\2.12.0\Drivers\CMSIS\Device\ST\STM32F4xx\Include

<h2>Collection of Component Files used:</h2>
Build Time Elapsed:  00:00:03
</pre>
</body>
</html>
