<html>
<body>
<pre>
<h1>µVision Build Log</h1>
<h2>Tool Versions:</h2>
IDE-Version: ¦ÌVision V5.25.3.0
Copyright (C) 2018 ARM Ltd and ARM Germany GmbH. All rights reserved.
License Information: 1 Microsoft, Microsoft, LIC=S5ITG-V5G2Q-BXVUY-I5T0J-4HUEL-MI8C5
 
Tool Versions:
Toolchain:       MDK-ARM Professional  Version: 5.25.2.0
Toolchain Path:  D:\Keil_v5\ARM\ARMCC\Bin
C Compiler:      Armcc.exe V5.06 update 6 (build 750)
Assembler:       Armasm.exe V5.06 update 6 (build 750)
Linker/Locator:  ArmLink.exe V5.06 update 6 (build 750)
Library Manager: ArmAr.exe V5.06 update 6 (build 750)
Hex Converter:   FromElf.exe V5.06 update 6 (build 750)
CPU DLL:         SARMCM3.DLL V5.25.2.0
Dialog DLL:      DCM.DLL V1.17.1.0
Target DLL:      Segger\JL2CM3.dll V2.99.29.0
Dialog DLL:      TCM.DLL V1.35.1.0
 
<h2>Project:</h2>
F:\JK525N\Project\RVMDK£¨uv5£©\BH-F429.uvprojx
Project File Date:  12/28/2020

<h2>Output:</h2>
*** Using Compiler 'V5.06 update 6 (build 750)', folder: 'D:\Keil_v5\ARM\ARMCC\Bin'
Build target '¹¤³ÌÄ£°å'
compiling test.c...
..\..\User\test.c(191): warning:  #177-D: variable "i"  was declared but never referenced
        u16 i;
..\..\User\test.c(223): warning:  #167-D: argument of type "u8 *" is incompatible with parameter of type "const char *restrict"
                strcpy(HisIndex.Date[BlockNum.Num[1]%40],usbreadtime);
..\..\User\test.c(214): warning:  #177-D: variable "i"  was declared but never referenced
        u16 i;
..\..\User\test.c(258): warning:  #177-D: variable "j"  was declared but never referenced
        u16 i,j;
..\..\User\test.c(259): warning:  #177-D: variable "buf"  was declared but never referenced
        char buf[14],num[5],indexpages[10];
..\..\User\test.c(736): warning:  #177-D: variable "i"  was declared but never referenced
        u8 keynum=0,i;
..\..\User\test.c(983): warning:  #177-D: variable "i"  was declared but never referenced
        u8 keynum=0,i;
..\..\User\test.c(2355): warning:  #167-D: argument of type "vu8 *" is incompatible with parameter of type "u8 *"
                                                                                result=CH376FileOpenPath(copybuff);
..\..\User\test.c(2358): warning:  #167-D: argument of type "vu8 *" is incompatible with parameter of type "u8 *"
                                                                                        result = CH376FileCreatePath(copybuff);
..\..\User\test.c(2373): warning:  #167-D: argument of type "vu8 *" is incompatible with parameter of type "u8 *"
                                                                                result=CH376FileOpenPath(copybuff);
..\..\User\test.c(1746): warning:  #177-D: variable "fnum"  was declared but never referenced
      UINT fnum;
..\..\User\test.c(3010): warning:  #177-D: variable "a"  was declared but never referenced
      float a,b;
..\..\User\test.c(3010): warning:  #177-D: variable "b"  was declared but never referenced
      float a,b;
..\..\User\test.c(3323): warning:  #550-D: variable "range_v"  was set but never used
      u8 range_v,range;;
..\..\User\test.c(3325): warning:  #177-D: variable "Clear_num"  was declared but never referenced
      u8 Clear_num=0;
..\..\User\test.c: 15 warnings, 0 errors
linking...
Program Size: Code=76576 RO-data=575288 RW-data=724 ZI-data=33780  
FromELF: creating hex file...
After Build - User command #1: D:\Keil_v5\ARM\ARMCC\bin\fromelf.exe --bin -o ..\..\Output\update.bin ..\..\Output\Template.axf
"..\..\Output\Template.axf" - 0 Error(s), 15 Warning(s).

<h2>Software Packages used:</h2>

Package Vendor: Keil
                http://www.keil.com/pack/Keil.STM32F4xx_DFP.2.12.0.pack
                Keil.STM32F4xx_DFP.2.12.0
                STMicroelectronics STM32F4 Series Device Support, Drivers and Examples

<h2>Collection of Component include folders:</h2>
  .\RTE\_________
  D:\Keil_v5\ARM\PACK\Keil\STM32F4xx_DFP\2.12.0\Drivers\CMSIS\Device\ST\STM32F4xx\Include

<h2>Collection of Component Files used:</h2>
Build Time Elapsed:  00:00:06
</pre>
</body>
</html>
