Component: ARM Compiler 5.06 update 6 (build 750) Tool: armlink [4d35ed]

==============================================================================

Section Cross References

    startup_stm32f429_439xx.o(RESET) refers to startup_stm32f429_439xx.o(STACK) for __initial_sp
    startup_stm32f429_439xx.o(RESET) refers to startup_stm32f429_439xx.o(.text) for Reset_Handler
    startup_stm32f429_439xx.o(RESET) refers to stm32f4xx_it.o(i.NMI_Handler) for NMI_Handler
    startup_stm32f429_439xx.o(RESET) refers to stm32f4xx_it.o(i.HardFault_Handler) for HardFault_Handler
    startup_stm32f429_439xx.o(RESET) refers to stm32f4xx_it.o(i.MemManage_Handler) for MemManage_Handler
    startup_stm32f429_439xx.o(RESET) refers to stm32f4xx_it.o(i.BusFault_Handler) for BusFault_Handler
    startup_stm32f429_439xx.o(RESET) refers to stm32f4xx_it.o(i.UsageFault_Handler) for UsageFault_Handler
    startup_stm32f429_439xx.o(RESET) refers to stm32f4xx_it.o(i.SVC_Handler) for SVC_Handler
    startup_stm32f429_439xx.o(RESET) refers to stm32f4xx_it.o(i.DebugMon_Handler) for DebugMon_Handler
    startup_stm32f429_439xx.o(RESET) refers to stm32f4xx_it.o(i.PendSV_Handler) for PendSV_Handler
    startup_stm32f429_439xx.o(RESET) refers to stm32f4xx_it.o(i.SysTick_Handler) for SysTick_Handler
    startup_stm32f429_439xx.o(RESET) refers to bsp_rtc.o(i.RTC_WKUP_IRQHandler) for RTC_WKUP_IRQHandler
    startup_stm32f429_439xx.o(RESET) refers to stm32f4xx_it.o(i.EXTI3_IRQHandler) for EXTI3_IRQHandler
    startup_stm32f429_439xx.o(RESET) refers to stm32f4xx_it.o(i.USART3_IRQHandler) for USART3_IRQHandler
    startup_stm32f429_439xx.o(RESET) refers to bsp_sdio_sd.o(i.SDIO_IRQHandler) for SDIO_IRQHandler
    startup_stm32f429_439xx.o(RESET) refers to stm32f4xx_it.o(i.TIM6_DAC_IRQHandler) for TIM6_DAC_IRQHandler
    startup_stm32f429_439xx.o(RESET) refers to bsp_sdio_sd.o(i.DMA2_Stream3_IRQHandler) for DMA2_Stream3_IRQHandler
    startup_stm32f429_439xx.o(RESET) refers to stm32f4xx_it.o(i.OTG_FS_IRQHandler) for OTG_FS_IRQHandler
    startup_stm32f429_439xx.o(RESET) refers to usb_bsp.o(i.OTG_HS_EP1_OUT_IRQHandler) for OTG_HS_EP1_OUT_IRQHandler
    startup_stm32f429_439xx.o(RESET) refers to usb_bsp.o(i.OTG_HS_EP1_IN_IRQHandler) for OTG_HS_EP1_IN_IRQHandler
    startup_stm32f429_439xx.o(RESET) refers to usb_bsp.o(i.OTG_HS_IRQHandler) for OTG_HS_IRQHandler
    startup_stm32f429_439xx.o(.text) refers to system_stm32f4xx.o(i.SystemInit) for SystemInit
    startup_stm32f429_439xx.o(.text) refers to entry.o(.ARM.Collect$$$$00000000) for __main
    system_stm32f4xx.o(i.SystemCoreClockUpdate) refers to system_stm32f4xx.o(.data) for SystemCoreClock
    system_stm32f4xx.o(i.SystemInit) refers to system_stm32f4xx.o(i.SetSysClock) for SetSysClock
    stm32f4xx_adc.o(i.ADC_DeInit) refers to stm32f4xx_rcc.o(i.RCC_APB2PeriphResetCmd) for RCC_APB2PeriphResetCmd
    stm32f4xx_can.o(i.CAN_DeInit) refers to stm32f4xx_rcc.o(i.RCC_APB1PeriphResetCmd) for RCC_APB1PeriphResetCmd
    stm32f4xx_can.o(i.CAN_GetITStatus) refers to stm32f4xx_can.o(i.CheckITStatus) for CheckITStatus
    stm32f4xx_cryp.o(i.CRYP_DeInit) refers to stm32f4xx_rcc.o(i.RCC_AHB2PeriphResetCmd) for RCC_AHB2PeriphResetCmd
    stm32f4xx_cryp_aes.o(i.CRYP_AES_CBC) refers to stm32f4xx_cryp.o(i.CRYP_KeyStructInit) for CRYP_KeyStructInit
    stm32f4xx_cryp_aes.o(i.CRYP_AES_CBC) refers to stm32f4xx_cryp.o(i.CRYP_FIFOFlush) for CRYP_FIFOFlush
    stm32f4xx_cryp_aes.o(i.CRYP_AES_CBC) refers to stm32f4xx_cryp.o(i.CRYP_Init) for CRYP_Init
    stm32f4xx_cryp_aes.o(i.CRYP_AES_CBC) refers to stm32f4xx_cryp.o(i.CRYP_KeyInit) for CRYP_KeyInit
    stm32f4xx_cryp_aes.o(i.CRYP_AES_CBC) refers to stm32f4xx_cryp.o(i.CRYP_Cmd) for CRYP_Cmd
    stm32f4xx_cryp_aes.o(i.CRYP_AES_CBC) refers to stm32f4xx_cryp.o(i.CRYP_GetFlagStatus) for CRYP_GetFlagStatus
    stm32f4xx_cryp_aes.o(i.CRYP_AES_CBC) refers to stm32f4xx_cryp.o(i.CRYP_IVInit) for CRYP_IVInit
    stm32f4xx_cryp_aes.o(i.CRYP_AES_CBC) refers to stm32f4xx_cryp.o(i.CRYP_GetCmdStatus) for CRYP_GetCmdStatus
    stm32f4xx_cryp_aes.o(i.CRYP_AES_CBC) refers to stm32f4xx_cryp.o(i.CRYP_DataIn) for CRYP_DataIn
    stm32f4xx_cryp_aes.o(i.CRYP_AES_CBC) refers to stm32f4xx_cryp.o(i.CRYP_DataOut) for CRYP_DataOut
    stm32f4xx_cryp_aes.o(i.CRYP_AES_CCM) refers to stm32f4xx_cryp.o(i.CRYP_KeyStructInit) for CRYP_KeyStructInit
    stm32f4xx_cryp_aes.o(i.CRYP_AES_CCM) refers to stm32f4xx_cryp.o(i.CRYP_FIFOFlush) for CRYP_FIFOFlush
    stm32f4xx_cryp_aes.o(i.CRYP_AES_CCM) refers to stm32f4xx_cryp.o(i.CRYP_KeyInit) for CRYP_KeyInit
    stm32f4xx_cryp_aes.o(i.CRYP_AES_CCM) refers to stm32f4xx_cryp.o(i.CRYP_IVInit) for CRYP_IVInit
    stm32f4xx_cryp_aes.o(i.CRYP_AES_CCM) refers to stm32f4xx_cryp.o(i.CRYP_Init) for CRYP_Init
    stm32f4xx_cryp_aes.o(i.CRYP_AES_CCM) refers to stm32f4xx_cryp.o(i.CRYP_PhaseConfig) for CRYP_PhaseConfig
    stm32f4xx_cryp_aes.o(i.CRYP_AES_CCM) refers to stm32f4xx_cryp.o(i.CRYP_DataIn) for CRYP_DataIn
[...]
    USBD_USR_ProductStrDescriptor            0x0800c815   Thumb Code    34  usbd_desc.o(i.USBD_USR_ProductStrDescriptor)
    USBD_USR_SerialStrDescriptor             0x0800c86d   Thumb Code    34  usbd_desc.o(i.USBD_USR_SerialStrDescriptor)
    USB_OTG_BSP_EnableInterrupt              0x0800c8b5   Thumb Code   116  usb_bsp.o(i.USB_OTG_BSP_EnableInterrupt)
    USB_OTG_BSP_Init                         0x0800c929   Thumb Code   112  usb_bsp.o(i.USB_OTG_BSP_Init)
    USB_OTG_BSP_mDelay                       0x0800c99d   Thumb Code    18  usb_bsp.o(i.USB_OTG_BSP_mDelay)
    USB_OTG_BSP_uDelay                       0x0800c9af   Thumb Code    34  usb_bsp.o(i.USB_OTG_BSP_uDelay)
    USB_OTG_CoreInit                         0x0800c9d1   Thumb Code   282  usb_core.o(i.USB_OTG_CoreInit)
    USB_OTG_CoreInitDev                      0x0800caeb   Thumb Code   598  usb_core.o(i.USB_OTG_CoreInitDev)
    USB_OTG_DisableGlobalInt                 0x0800cdb1   Thumb Code    34  usb_core.o(i.USB_OTG_DisableGlobalInt)
    USB_OTG_EP0Activate                      0x0800cdd3   Thumb Code   106  usb_core.o(i.USB_OTG_EP0Activate)
    USB_OTG_EP0StartXfer                     0x0800ce3d   Thumb Code   342  usb_core.o(i.USB_OTG_EP0StartXfer)
    USB_OTG_EP0_OutStart                     0x0800cf93   Thumb Code    98  usb_core.o(i.USB_OTG_EP0_OutStart)
    USB_OTG_EPActivate                       0x0800cff5   Thumb Code   176  usb_core.o(i.USB_OTG_EPActivate)
    USB_OTG_EPClearStall                     0x0800d0a5   Thumb Code    80  usb_core.o(i.USB_OTG_EPClearStall)
    USB_OTG_EPDeactivate                     0x0800d0f5   Thumb Code   118  usb_core.o(i.USB_OTG_EPDeactivate)
    USB_OTG_EPSetStall                       0x0800d16b   Thumb Code   100  usb_core.o(i.USB_OTG_EPSetStall)
    USB_OTG_EPStartXfer                      0x0800d1cf   Thumb Code   502  usb_core.o(i.USB_OTG_EPStartXfer)
    USB_OTG_EnableDevInt                     0x0800d3f9   Thumb Code   176  usb_core.o(i.USB_OTG_EnableDevInt)
    USB_OTG_EnableGlobalInt                  0x0800d4a9   Thumb Code    34  usb_core.o(i.USB_OTG_EnableGlobalInt)
    USB_OTG_FlushRxFifo                      0x0800d4cd   Thumb Code    70  usb_core.o(i.USB_OTG_FlushRxFifo)
    USB_OTG_FlushTxFifo                      0x0800d519   Thumb Code    80  usb_core.o(i.USB_OTG_FlushTxFifo)
    USB_OTG_GetDeviceSpeed                   0x0800d56d   Thumb Code    52  usb_core.o(i.USB_OTG_GetDeviceSpeed)
    USB_OTG_GetMode                          0x0800d5a1   Thumb Code    12  usb_core.o(i.USB_OTG_GetMode)
    USB_OTG_InitDevSpeed                     0x0800d5ad   Thumb Code    24  usb_core.o(i.USB_OTG_InitDevSpeed)
    USB_OTG_IsDeviceMode                     0x0800d5c5   Thumb Code    22  usb_core.o(i.USB_OTG_IsDeviceMode)
    USB_OTG_ReadCoreItr                      0x0800d5db   Thumb Code    16  usb_core.o(i.USB_OTG_ReadCoreItr)
    USB_OTG_ReadDevAllInEPItr                0x0800d5eb   Thumb Code    16  usb_core.o(i.USB_OTG_ReadDevAllInEPItr)
    USB_OTG_ReadDevAllOutEp_itr              0x0800d5fb   Thumb Code    16  usb_core.o(i.USB_OTG_ReadDevAllOutEp_itr)
    USB_OTG_ReadDevOutEP_itr                 0x0800d60b   Thumb Code    20  usb_core.o(i.USB_OTG_ReadDevOutEP_itr)
    USB_OTG_ReadPacket                       0x0800d61f   Thumb Code    40  usb_core.o(i.USB_OTG_ReadPacket)
    USB_OTG_SelectCore                       0x0800d649   Thumb Code   208  usb_core.o(i.USB_OTG_SelectCore)
    USB_OTG_SetCurrentMode                   0x0800d71d   Thumb Code    78  usb_core.o(i.USB_OTG_SetCurrentMode)
    USB_OTG_WritePacket                      0x0800d76b   Thumb Code    64  usb_core.o(i.USB_OTG_WritePacket)
    Uart_Process                             0x0800d7ad   Thumb Code   140  user.o(i.Uart_Process)
    UsageFault_Handler                       0x0800d855   Thumb Code     4  stm32f4xx_it.o(i.UsageFault_Handler)
    Usart_SendByte                           0x0800d859   Thumb Code    30  bsp_debug_usart.o(i.Usart_SendByte)
    Usart_SendString                         0x0800d877   Thumb Code    50  bsp_debug_usart.o(i.Usart_SendString)
    Use_DebugProcess                         0x0800d8a9   Thumb Code  1092  test.o(i.Use_DebugProcess)
    Use_SysSetProcess                        0x0800dcf1   Thumb Code  1616  test.o(i.Use_SysSetProcess)
    VRange_Changecomp                        0x0800e349   Thumb Code   220  user.o(i.VRange_Changecomp)
    V_Comp                                   0x0800e441   Thumb Code   140  user.o(i.V_Comp)
    V_Datacov                                0x0800e4d5   Thumb Code    44  user.o(i.V_Datacov)
    V_I_Select_Configuration                 0x0800e505   Thumb Code    52  gpio.o(i.V_I_Select_Configuration)
    V_I_amp                                  0x0800e53d   Thumb Code    26  gpio.o(i.V_I_amp)
    V_Range_Control                          0x0800e55d   Thumb Code    28  user.o(i.V_Range_Control)
    Wait376Interrupt                         0x0800e579   Thumb Code    30  filesys.o(i.Wait376Interrupt)
    WriteString_16                           0x0800e59d   Thumb Code    22  bsp_lcd.o(i.WriteString_16)
    WriteString_Big                          0x0800e5b5   Thumb Code   176  bsp_lcd.o(i.WriteString_Big)
    __0printf$6                              0x0800e671   Thumb Code    22  printf6.o(i.__0printf$6)
    __1printf$6                              0x0800e671   Thumb Code     0  printf6.o(i.__0printf$6)
    __2printf                                0x0800e671   Thumb Code     0  printf6.o(i.__0printf$6)
    __0sprintf$6                             0x0800e691   Thumb Code    34  printf6.o(i.__0sprintf$6)
    __1sprintf$6                             0x0800e691   Thumb Code     0  printf6.o(i.__0sprintf$6)
    __2sprintf                               0x0800e691   Thumb Code     0  printf6.o(i.__0sprintf$6)
    __ARM_fpclassify                         0x0800e6b9   Thumb Code    48  fpclassify.o(i.__ARM_fpclassify)
    __hardfp_fabs                            0x0800e6e9   Thumb Code    20  fabs.o(i.__hardfp_fabs)
    __hardfp_pow                             0x0800e701   Thumb Code  3072  pow.o(i.__hardfp_pow)
    __hardfp_sqrt                            0x0800f351   Thumb Code   122  sqrt.o(i.__hardfp_sqrt)
    __kernel_poly                            0x0800f3cb   Thumb Code   248  poly.o(i.__kernel_poly)
    __mathlib_dbl_divzero                    0x0800f4c9   Thumb Code    28  dunder.o(i.__mathlib_dbl_divzero)
    __mathlib_dbl_infnan2                    0x0800f4f9   Thumb Code    20  dunder.o(i.__mathlib_dbl_infnan2)
    __mathlib_dbl_invalid                    0x0800f511   Thumb Code    24  dunder.o(i.__mathlib_dbl_invalid)
    __mathlib_dbl_overflow                   0x0800f531   Thumb Code    24  dunder.o(i.__mathlib_dbl_overflow)
    __mathlib_dbl_underflow                  0x0800f551   Thumb Code    24  dunder.o(i.__mathlib_dbl_underflow)
    __scatterload_copy                       0x0800f571   Thumb Code    14  handlers.o(i.__scatterload_copy)
    __scatterload_null                       0x0800f57f   Thumb Code     2  handlers.o(i.__scatterload_null)
    __scatterload_zeroinit                   0x0800f581   Thumb Code    14  handlers.o(i.__scatterload_zeroinit)
    __set_errno                              0x0800f591   Thumb Code     6  errno.o(i.__set_errno)
    bubble_sort_better                       0x0800f8e9   Thumb Code    78  user.o(i.bubble_sort_better)
    delay                                    0x0800f937   Thumb Code    10  pbdata.o(i.delay)
    delay_1ms                                0x0800f941   Thumb Code    56  bsp_systick.o(i.delay_1ms)
    delay_1us                                0x0800f979   Thumb Code    54  bsp_systick.o(i.delay_1us)
    delay_us                                 0x0800f9af   Thumb Code    10  bsp_systick.o(i.delay_us)
    fabs                                     0x0800f9b9   Thumb Code    24  fabs.o(i.fabs)
    findHzIndex_32                           0x0800f9d1   Thumb Code    58  bsp_lcd.o(i.findHzIndex_32)
    fputc                                    0x0800fa11   Thumb Code    32  bsp_debug_usart.o(i.fputc)
    input_num                                0x0800fa35   Thumb Code   576  user.o(i.input_num)
    input_password                           0x0800fc9d   Thumb Code   612  user.o(i.input_password)
    lcd_image                                0x0800ff35   Thumb Code    90  bsp_lcd.o(i.lcd_image)
    main                                     0x0800ff99   Thumb Code   130  main.o(i.main)
    read_adI_1                               0x0801002d   Thumb Code   170  user.o(i.read_adI_1)
    read_adI_2                               0x080100f1   Thumb Code   170  user.o(i.read_adI_2)
    read_adI_3                               0x080101b5   Thumb Code   164  user.o(i.read_adI_3)
    read_adI_4                               0x08010271   Thumb Code   164  user.o(i.read_adI_4)
    read_adI_one                             0x0801032d   Thumb Code    52  user.o(i.read_adI_one)
    read_adV_1                               0x08010369   Thumb Code   184  user.o(i.read_adV_1)
    read_adV_2                               0x0801043d   Thumb Code   178  user.o(i.read_adV_2)
    read_adV_3                               0x0801050d   Thumb Code   178  user.o(i.read_adV_3)
    read_adV_4                               0x080105dd   Thumb Code   178  user.o(i.read_adV_4)
    read_adV_one                             0x080106ad   Thumb Code    52  user.o(i.read_adV_one)
    read_cpld                                0x080106e9   Thumb Code    72  gpio.o(i.read_cpld)
    search_MSFont_Index                      0x08010739   Thumb Code    68  bsp_lcd.o(i.search_MSFont_Index)
    sqrt                                     0x08010851   Thumb Code   110  sqrt.o(i.sqrt)
    udisk_scan                               0x080108c1   Thumb Code    88  test.o(i.udisk_scan)
    xEndCH376Cmd                             0x08010921   Thumb Code     8  ch376.o(i.xEndCH376Cmd)
    xReadCH376Data                           0x0801092d   Thumb Code    20  ch376.o(i.xReadCH376Data)
    xWriteCH376Cmd                           0x08010941   Thumb Code    40  ch376.o(i.xWriteCH376Cmd)
    xWriteCH376Data                          0x0801096d   Thumb Code    18  ch376.o(i.xWriteCH376Data)
    Port_Select                              0x08010980   Data        1024  user.o(.constdata)
    User_Check_main                          0x08010d80   Data          39  user.o(.constdata)
    User_Check_Item                          0x08010da7   Data          78  user.o(.constdata)
    Test_Setitem                             0x08010df5   Data          60  user.o(.constdata)
    Test_Setitem_E                           0x08010e31   Data          60  user.o(.constdata)
    All_TopName                              0x08010e6d   Data         242  user.o(.constdata)
    All_TopName_E                            0x08010f5f   Data         242  user.o(.constdata)
    Set_testitem                             0x08011051   Data         180  user.o(.constdata)
    Set_testitem_E                           0x08011105   Data         180  user.o(.constdata)
    Test_Tirpvalue                           0x080111b9   Data          14  user.o(.constdata)
    Test_Tirpvalue_E                         0x080111c7   Data          14  user.o(.constdata)
    Test_Speedvalue                          0x080111d5   Data          28  user.o(.constdata)
    Test_Speedvalue_E                        0x080111f1   Data          28  user.o(.constdata)
    Test_Compvalue                           0x0801120d   Data          14  user.o(.constdata)
    Test_Compvalue_E                         0x0801121b   Data          14  user.o(.constdata)
    Setup_Beep                               0x08011229   Data          21  user.o(.constdata)
    Setup_Beep_E                             0x0801123e   Data          21  user.o(.constdata)
    INPUT                                    0x08011253   Data           7  user.o(.constdata)
    INPUT_E                                  0x0801125a   Data           7  user.o(.constdata)
    User_Range                               0x08011261   Data          88  user.o(.constdata)
    User_Range_E                             0x080112b9   Data          88  user.o(.constdata)
    DISP_UINT                                0x08011311   Data          12  user.o(.constdata)
    User_Rangeset                            0x0801131d   Data          55  user.o(.constdata)
    Sys_Setitem                              0x08011354   Data          88  user.o(.constdata)
    Sys_Setitem_E                            0x080113ac   Data          88  user.o(.constdata)
    Sys_Buard_Value                          0x08011404   Data          56  user.o(.constdata)
    Sys_Language_Value                       0x0801143c   Data          16  user.o(.constdata)
    BiasButton_Tip                           0x0801144c   Data          16  user.o(.constdata)
    Sys_Sys                                  0x0801145c   Data          84  user.o(.constdata)
    Sys_Sys_E                                0x080114b0   Data          84  user.o(.constdata)
    Range_Disp_Test                          0x08011504   Data         168  user.o(.constdata)
    RANG_4094                                0x080115ac   Data           8  user.o(.constdata)
    POW_NUM                                  0x080115b4   Data           8  user.o(.constdata)
    RANGE_RATE                               0x080115bc   Data          20  user.o(.constdata)
    SystemLimit                              0x080115d0   Data          16  user.o(.constdata)
    SystemLimitDot                           0x080115e0   Data          10  user.o(.constdata)
    ParameterLimit                           0x080115ea   Data          12  user.o(.constdata)
    Debug_Limit                              0x080115f8   Data           8  user.o(.constdata)
    send_dot                                 0x08011600   Data          11  user.o(.constdata)
    Send_uint                                0x0801160b   Data          11  user.o(.constdata)
    Test_Uint                                0x08011616   Data          16  user.o(.constdata)
    gImage_open                              0x08011626   Data       460808  test.o(.constdata)
    s_CRCLo                                  0x08081f2e   Data         256  test.o(.constdata)
    GB_21                                    0x0808202e   Data        7930  bsp_lcd.o(.constdata)
    GB_16                                    0x08083f28   Data        5780  bsp_lcd.o(.constdata)
    GB_24                                    0x080855bc   Data        7548  bsp_lcd.o(.constdata)
    GB_32                                    0x08087338   Data       15340  bsp_lcd.o(.constdata)
    MS24x23                                  0x0808af24   Data       19388  bsp_lcd.o(.constdata)
    ASCII16x24_Table                         0x0808fae0   Data        4560  fonts.o(.constdata)
    Out_1224                                 0x08090cb0   Data         624  fonts.o(.constdata)
    Out_Assic                                0x08090f20   Data        7720  fonts.o(.constdata)
    _num                                     0x08092d48   Data        2944  fonts.o(.constdata)
    ASCII12x12_Table                         0x080938c8   Data        2304  fonts.o(.constdata)
    ASCII8x12_Table                          0x080941c8   Data        2304  fonts.o(.constdata)
    ASCII8x8_Table                           0x08094ac8   Data        1536  fonts.o(.constdata)
    nBitmapDot                               0x080956b8   Data         128  fonts.o(.constdata)
    Channel_16x32_Table                      0x08095738   Data       12160  fonts.o(.constdata)
    Channel_16x24_Table                      0x080986b8   Data        9120  fonts.o(.constdata)
    Channel_97x48_Table                      0x0809aa58   Data        7566  fonts.o(.constdata)
    __mathlib_zero                           0x0809c870   Data           8  qnan.o(.constdata)
    Region$$Table$$Base                      0x0809c878   Number         0  anon$$obj.o(Region$$Table)
    Region$$Table$$Limit                     0x0809c898   Number         0  anon$$obj.o(Region$$Table)
    SystemCoreClock                          0x20000000   Data           4  system_stm32f4xx.o(.data)
    AHBPrescTable                            0x20000004   Data          16  system_stm32f4xx.o(.data)
    Key_Up_flag                              0x20000018   Data           1  pbdata.o(.data)
    Touch_Up_flag                            0x20000019   Data           1  pbdata.o(.data)
    Touch_Item                               0x2000001a   Data           1  pbdata.o(.data)
    Readfirst_cpld                           0x2000001b   Data           1  pbdata.o(.data)
    Readsecond_cpld                          0x2000001c   Data           1  pbdata.o(.data)
    polarity_v                               0x2000001d   Data           1  pbdata.o(.data)
    polarity_r                               0x2000001e   Data           1  pbdata.o(.data)
    F_Fail                                   0x2000001f   Data           1  pbdata.o(.data)
    F_100ms                                  0x20000020   Data           1  pbdata.o(.data)
    F_Password                               0x20000021   Data           1  pbdata.o(.data)
    SystemStatus                             0x20000022   Data           1  pbdata.o(.data)
    SystemMessage                            0x20000023   Data           1  pbdata.o(.data)
    MenuIndex                                0x20000024   Data           1  pbdata.o(.data)
    Range                                    0x20000025   Data           1  pbdata.o(.data)
    V_Range                                  0x20000026   Data           1  pbdata.o(.data)
    ffit_data1                               0x20000027   Data           1  pbdata.o(.data)
    count_ffit                               0x20000028   Data           2  pbdata.o(.data)
    Ad_over                                  0x2000002a   Data           1  pbdata.o(.data)
    Relay_c                                  0x2000002b   Data           1  pbdata.o(.data)
    softswitch                               0x2000002c   Data           1  pbdata.o(.data)
    Voltage                                  0x20000030   Data           4  pbdata.o(.data)
    Test_Time                                0x20000034   Data           4  pbdata.o(.data)
    Resistance                               0x20000038   Data           4  pbdata.o(.data)
    System                                   0x2000003c   Data           8  pbdata.o(.data)
    USB_Openflag                             0x20000044   Data           1  pbdata.o(.data)
    Disp_usbflag                             0x20000045   Data           1  pbdata.o(.data)
    Disp_RTCflag                             0x20000046   Data           1  pbdata.o(.data)
    dt                                       0x20000047   Data           1  pbdata.o(.data)
    SoftTimer                                0x20000048   Data           2  pbdata.o(.data)
    range_over                               0x2000004a   Data           1  pbdata.o(.data)
    V_ad                                     0x2000004c   Data           4  pbdata.o(.data)
    I_ad                                     0x20000050   Data           4  pbdata.o(.data)
    POINT_COLOR                              0x20000054   Data           4  pbdata.o(.data)
    disp_I                                   0x20000058   Data           4  pbdata.o(.data)
    disp_V                                   0x2000005c   Data           4  pbdata.o(.data)
    Ad_value                                 0x20000060   Data           4  pbdata.o(.data)
    debug_flag                               0x20000064   Data           1  pbdata.o(.data)
    test_start                               0x20000065   Data           1  pbdata.o(.data)
    Set_flag                                 0x20000066   Data           1  pbdata.o(.data)
    Range_value                              0x20000068   Data           4  pbdata.o(.data)
    Range_Value_V                            0x2000006c   Data           4  pbdata.o(.data)
    g_LcdDirection                           0x20000070   Data           4  pbdata.o(.data)
    open_flag                                0x20000074   Data           1  pbdata.o(.data)
    touch_value                              0x20000075   Data           1  pbdata.o(.data)
    RangeChange_Flag                         0x20000076   Data           1  pbdata.o(.data)
    Int_Pe3flag                              0x20000077   Data           1  pbdata.o(.data)
    last_R_disp                              0x20000078   Data           4  pbdata.o(.data)
    last_V_disp                              0x2000007c   Data           4  pbdata.o(.data)
    cpld_buff                                0x20000080   Data           2  pbdata.o(.data)
    DispBuf                                  0x20000084   Data           8  user.o(.data)
    Debug_Compvalue                          0x2000008c   Data          48  user.o(.data)
    Debug_Compvaluemind                      0x200000bc   Data          32  user.o(.data)
    Test_Value                               0x200000dc   Data           8  user.o(.data)
    Test_Value_V                             0x200000e4   Data           8  user.o(.data)
    Pga_value2                               0x200000ec   Data           7  user.o(.data)
    Pga_value                                0x200000f3   Data           8  user.o(.data)
    Debug_Dot                                0x200000fb   Data           6  user.o(.data)
    U15_4094                                 0x20000104   Data           1  test.o(.data)
    U16_4094                                 0x20000105   Data           1  test.o(.data)
    result                                   0x20000106   Data           1  test.o(.data)
    fileflag                                 0x20000107   Data           1  test.o(.data)
    usbstatus                                0x20000108   Data           1  test.o(.data)
    Colour                                   0x20000118   Data           8  bsp_lcd.o(.data)
    Keyboard                                 0x20000134   Data           3  keyboard.o(.data)
    Font16x24                                0x2000013c   Data           8  fonts.o(.data)
    Font12x12                                0x20000144   Data           8  fonts.o(.data)
    Font8x12                                 0x2000014c   Data           8  fonts.o(.data)
    Font8x8                                  0x20000154   Data           8  fonts.o(.data)
    FontC_16x32                              0x2000015c   Data           8  fonts.o(.data)
    touch_flag                               0x20000170   Data           1  touch.o(.data)
    ADC_Converted                            0x20000172   Data           4  touch.o(.data)
    tp_dev                                   0x20000178   Data          52  touch.o(.data)
    CMD_RDX                                  0x200001ac   Data           1  touch.o(.data)
    CMD_RDY                                  0x200001ad   Data           1  touch.o(.data)
    StopCondition                            0x200001bc   Data           4  bsp_sdio_sd.o(.data)
    TransferError                            0x200001c0   Data           1  bsp_sdio_sd.o(.data)
    TransferEnd                              0x200001c4   Data           4  bsp_sdio_sd.o(.data)
    DMAEndOfTransfer                         0x200001c8   Data           4  bsp_sdio_sd.o(.data)
    SET_TEST_MODE                            0x200001cc   Data           4  usbd_core.o(.data)
    USBD_DCD_INT_cb                          0x200001d0   Data          44  usbd_core.o(.data)
    USBD_DCD_INT_fops                        0x200001fc   Data           4  usbd_core.o(.data)
    USBD_ep_status                           0x20000200   Data           4  usbd_req.o(.data)
    USBD_default_cfg                         0x20000204   Data           4  usbd_req.o(.data)
    USBD_cfg_status                          0x20000208   Data           4  usbd_req.o(.data)
    USR_desc                                 0x20000210   Data          28  usbd_desc.o(.data)
    USBD_DeviceDesc                          0x2000022c   Data          18  usbd_desc.o(.data)
    USBD_DeviceQualifierDesc                 0x2000023e   Data          10  usbd_desc.o(.data)
    USBD_LangIDDesc                          0x20000248   Data           4  usbd_desc.o(.data)
    USBD_HID_cb                              0x2000024c   Data          48  usbd_hid_core.o(.data)
    UsbHidReceiveComplete                    0x200002d2   Data           1  usbd_hid_core.o(.data)
    USR_cb                                   0x200002d4   Data          28  usbd_usr.o(.data)
    __stdout                                 0x200002f0   Data           4  stdout.o(.data)
    Send_ComBuff                             0x200002f8   Data          21  pbdata.o(.bss)
    Send_To_U                                0x2000030d   Data          47  pbdata.o(.bss)
    Rev_Combuff                              0x2000033c   Data          42  pbdata.o(.bss)
    scan_V                                   0x20000368   Data         520  pbdata.o(.bss)
    scan_I                                   0x20000570   Data        2000  pbdata.o(.bss)
    Savedata_2516                            0x20000d40   Data         112  pbdata.o(.bss)
    NumBox                                   0x20000db0   Data          12  pbdata.o(.bss)
    Test_value                               0x20000dbc   Data          16  pbdata.o(.bss)
    Float                                    0x20000dcc   Data          12  pbdata.o(.bss)
    SaveData                                 0x20000dd8   Data          54  pbdata.o(.bss)
    Calibrate                                0x20000e0e   Data          40  pbdata.o(.bss)
    Res_count                                0x20000e38   Data          16  pbdata.o(.bss)
    Jk516save                                0x20000e48   Data         308  pbdata.o(.bss)
    ComBuf                                   0x20000f7c   Data          80  pbdata.o(.bss)
    i_buff                                   0x20000fcc   Data          48  pbdata.o(.bss)
    fit_i_buff                               0x20000ffc   Data        1020  pbdata.o(.bss)
    fit_v_buff                               0x200013f8   Data        1020  pbdata.o(.bss)
    debug_buff                               0x200017f4   Data          55  pbdata.o(.bss)
    fs                                       0x2000182c   Data        4144  test.o(.bss)
    file                                     0x2000285c   Data        4132  test.o(.bss)
    usbbuf                                   0x20003880   Data          64  test.o(.bss)
    send_usbbuf                              0x200038c0   Data          64  test.o(.bss)
    USB_OTG_dev                              0x20003900   Data        1524  test.o(.bss)
    USBD_StrDesc                             0x20003ef4   Data         255  usbd_req.o(.bss)
    __initial_sp                             0x20007ff8   Data           0  startup_stm32f429_439xx.o(STACK)



==============================================================================

Memory Map of the image

  Image Entry point : 0x080001ad

  Load Region LR_IROM1 (Base: 0x08000000, Size: 0x0009cb90, Max: 0x00100000, ABSOLUTE, COMPRESSED[0x0009c9e8])

    Execution Region ER_IROM1 (Exec base: 0x08000000, Load base: 0x08000000, Size: 0x0009c898, Max: 0x00100000, ABSOLUTE)

    Exec Addr    Load Addr    Size         Type   Attr      Idx    E Section Name        Object

    0x08000000   0x08000000   0x000001ac   Data   RO            3    RESET               startup_stm32f429_439xx.o
    0x080001ac   0x080001ac   0x00000000   Code   RO         9799  * .ARM.Collect$$$$00000000  mc_w.l(entry.o)
    0x080001ac   0x080001ac   0x00000004   Code   RO        10110    .ARM.Collect$$$$00000001  mc_w.l(entry2.o)
    0x080001b0   0x080001b0   0x00000004   Code   RO        10113    .ARM.Collect$$$$00000004  mc_w.l(entry5.o)
    0x080001b4   0x080001b4   0x00000000   Code   RO        10115    .ARM.Collect$$$$00000008  mc_w.l(entry7b.o)
    0x080001b4   0x080001b4   0x00000000   Code   RO        10117    .ARM.Collect$$$$0000000A  mc_w.l(entry8b.o)
    0x080001b4   0x080001b4   0x00000008   Code   RO        10118    .ARM.Collect$$$$0000000B  mc_w.l(entry9a.o)
    0x080001bc   0x080001bc   0x00000000   Code   RO        10120    .ARM.Collect$$$$0000000D  mc_w.l(entry10a.o)
    0x080001bc   0x080001bc   0x00000000   Code   RO        10122    .ARM.Collect$$$$0000000F  mc_w.l(entry11a.o)
    0x080001bc   0x080001bc   0x00000004   Code   RO        10111    .ARM.Collect$$$$00002712  mc_w.l(entry2.o)
    0x080001c0   0x080001c0   0x00000024   Code   RO            4    .text               startup_stm32f429_439xx.o
    0x080001e4   0x080001e4   0x00000024   Code   RO         9804    .text               mc_w.l(memcpya.o)
    0x08000208   0x08000208   0x0000001c   Code   RO         9808    .text               mc_w.l(strcmp.o)
    0x08000224   0x08000224   0x000000e4   Code   RO        10073    .text               mf_w.l(dmul.o)
    0x08000308   0x08000308   0x000000de   Code   RO        10075    .text               mf_w.l(ddiv.o)
    0x080003e6   0x080003e6   0x00000022   Code   RO        10077    .text               mf_w.l(dflti.o)
    0x08000408   0x08000408   0x0000001a   Code   RO        10079    .text               mf_w.l(dfltui.o)
    0x08000422   0x08000422   0x00000032   Code   RO        10081    .text               mf_w.l(dfixui.o)
    0x08000454   0x08000454   0x00000026   Code   RO        10083    .text               mf_w.l(f2d.o)
    0x0800047a   0x0800047a   0x00000002   PAD
    0x0800047c   0x0800047c   0x00000030   Code   RO        10085    .text               mf_w.l(cdcmple.o)
    0x080004ac   0x080004ac   0x00000030   Code   RO        10087    .text               mf_w.l(cdrcmple.o)
    0x080004dc   0x080004dc   0x00000038   Code   RO        10089    .text               mf_w.l(d2f.o)
    0x08000514   0x08000514   0x0000002c   Code   RO        10125    .text               mc_w.l(uidiv.o)
    0x08000540   0x08000540   0x0000001e   Code   RO        10127    .text               mc_w.l(llshl.o)
    0x0800055e   0x0800055e   0x00000020   Code   RO        10129    .text               mc_w.l(llushr.o)
    0x0800057e   0x0800057e   0x00000000   Code   RO        10138    .text               mc_w.l(iusefp.o)
    0x0800057e   0x0800057e   0x0000006e   Code   RO        10139    .text               mf_w.l(fepilogue.o)
    0x080005ec   0x080005ec   0x000000ba   Code   RO        10141    .text               mf_w.l(depilogue.o)
    0x080006a6   0x080006a6   0x0000014e   Code   RO        10143    .text               mf_w.l(dadd.o)
    0x080007f4   0x080007f4   0x0000002e   Code   RO        10147    .text               mf_w.l(dscalb.o)
    0x08000822   0x08000822   0x000000a2   Code   RO        10149    .text               mf_w.l(dsqrt.o)
    0x080008c4   0x080008c4   0x00000024   Code   RO        10153    .text               mc_w.l(init.o)
    0x080008e8   0x080008e8   0x00000024   Code   RO        10155    .text               mc_w.l(llsshr.o)
    0x0800090c   0x0800090c   0x00000056   Code   RO        10165    .text               mc_w.l(__dczerorl2.o)
    0x08000962   0x08000962   0x00000016   Code   RO          222    i.ADC_Cmd           stm32f4xx_adc.o
    0x08000978   0x08000978   0x00000030   Code   RO          223    i.ADC_CommonInit    stm32f4xx_adc.o
    0x080009a8   0x080009a8   0x00000016   Code   RO          226    i.ADC_DMACmd        stm32f4xx_adc.o
    0x080009be   0x080009be   0x00000016   Code   RO          227    i.ADC_DMARequestAfterLastTransferCmd  stm32f4xx_adc.o
    0x080009d4   0x080009d4   0x00000054   Code   RO          242    i.ADC_Init          stm32f4xx_adc.o
    0x08000a28   0x08000a28   0x000000b8   Code   RO          247    i.ADC_RegularChannelConfig  stm32f4xx_adc.o
    0x08000ae0   0x08000ae0   0x0000000a   Code   RO          249    i.ADC_SoftwareStartConv  stm32f4xx_adc.o
    0x08000aea   0x08000aea   0x00000002   PAD
    0x08000aec   0x08000aec   0x00000028   Code   RO         7628    i.AD_GPIO_Config    touch.o
    0x08000b14   0x08000b14   0x00000010   Code   RO         6667    i.Ads1251_Int       ad7706.o
    0x08000b24   0x08000b24   0x00000002   Code   RO         6703    i.All_LedOff        gpio.o
    0x08000b26   0x08000b26   0x0000000c   Code   RO         5982    i.BEBufToUint16     test.o
    0x08000b32   0x08000b32   0x00000002   PAD
    0x08000b34   0x08000b34   0x00000030   Code   RO         7860    i.Beep_GPIO_Config  bsp_beep.o
    0x08000b64   0x08000b64   0x00000002   Code   RO         6704    i.Beep_Off          gpio.o
    0x08000b66   0x08000b66   0x00000002   Code   RO         6705    i.Beep_On           gpio.o
    0x08000b68   0x08000b68   0x0000005c   Code   RO         5441    i.Beep_Out          user.o
    0x08000bc4   0x08000bc4   0x00000004   Code   RO         5279    i.BusFault_Handler  stm32f4xx_it.o
    0x08000bc8   0x08000bc8   0x00000020   Code   RO         7861    i.ButtonSound       bsp_beep.o
    0x08000be8   0x08000be8   0x00000014   Code   RO         8555    i.CH376DiskConnect  filesys.o
    0x08000bfc   0x08000bfc   0x0000000a   Code   RO         8556    i.CH376DiskMount    filesys.o
    0x08000c06   0x08000c06   0x0000001c   Code   RO         8569    i.CH376GetIntStatus  filesys.o
    0x08000c22   0x08000c22   0x00000014   Code   RO         8576    i.CH376SendCmdWaitInt  filesys.o
    0x08000c36   0x08000c36   0x00000002   PAD
    0x08000c38   0x08000c38   0x000000f4   Code   RO         7772    i.CH376_GPIO_Init   ch376.o
    0x08000d2c   0x08000d2c   0x00000068   Code   RO         7476    i.CPLD_GPIO_Configuration  cpld.o
    0x08000d94   0x08000d94   0x00000038   Code   RO         5983    i.CRC16             test.o
    0x08000dcc   0x08000dcc   0x00000034   Code   RO         6706    i.Channel_Configuration  gpio.o
    0x08000e00   0x08000e00   0x000000dc   Code   RO         5984    i.Clear_Process     test.o
    0x08000edc   0x08000edc   0x00000002   Code   RO         6707    i.Close_Compled     gpio.o
    0x08000ede   0x08000ede   0x00000002   PAD
    0x08000ee0   0x08000ee0   0x00000164   Code   RO         5444    i.ComToSave         user.o
    0x08001044   0x08001044   0x0000004a   Code   RO         9022    i.DCD_EP_Close      usb_dcd.o
    0x0800108e   0x0800108e   0x00000048   Code   RO         9023    i.DCD_EP_ClrStall   usb_dcd.o
    0x080010d6   0x080010d6   0x00000024   Code   RO         9024    i.DCD_EP_Flush      usb_dcd.o
    0x080010fa   0x080010fa   0x00000068   Code   RO         9025    i.DCD_EP_Open       usb_dcd.o
    0x08001162   0x08001162   0x00000052   Code   RO         9026    i.DCD_EP_PrepareRx  usb_dcd.o
    0x080011b4   0x080011b4   0x0000001c   Code   RO         9027    i.DCD_EP_SetAddress  usb_dcd.o
    0x080011d0   0x080011d0   0x00000048   Code   RO         9028    i.DCD_EP_Stall      usb_dcd.o
    0x08001218   0x08001218   0x0000004e   Code   RO         9029    i.DCD_EP_Tx         usb_dcd.o
    0x08001266   0x08001266   0x00000066   Code   RO         9116    i.DCD_HandleEnumDone_ISR  usb_dcd_int.o
    0x080012cc   0x080012cc   0x00000144   Code   RO         9117    i.DCD_HandleInEP_ISR  usb_dcd_int.o
    0x08001410   0x08001410   0x00000100   Code   RO         9118    i.DCD_HandleOutEP_ISR  usb_dcd_int.o
    0x08001510   0x08001510   0x00000068   Code   RO         9119    i.DCD_HandleResume_ISR  usb_dcd_int.o
    0x08001578   0x08001578   0x000000b0   Code   RO         9120    i.DCD_HandleRxStatusQueueLevel_ISR  usb_dcd_int.o
    0x08001628   0x08001628   0x0000002c   Code   RO         9121    i.DCD_HandleSof_ISR  usb_dcd_int.o
    0x08001654   0x08001654   0x000000a8   Code   RO         9122    i.DCD_HandleUSBSuspend_ISR  usb_dcd_int.o
    0x080016fc   0x080016fc   0x00000110   Code   RO         9123    i.DCD_HandleUsbReset_ISR  usb_dcd_int.o
    0x0800180c   0x0800180c   0x0000009c   Code   RO         9031    i.DCD_Init          usb_dcd.o
    0x080018a8   0x080018a8   0x0000002c   Code   RO         9124    i.DCD_IsoINIncomplete_ISR  usb_dcd_int.o
    0x080018d4   0x080018d4   0x0000002c   Code   RO         9125    i.DCD_IsoOUTIncomplete_ISR  usb_dcd_int.o
    0x08001900   0x08001900   0x0000002c   Code   RO         9126    i.DCD_OTG_ISR       usb_dcd_int.o
    0x0800192c   0x0800192c   0x00000028   Code   RO         9127    i.DCD_ReadDevInEP   usb_dcd_int.o
    0x08001954   0x08001954   0x0000002c   Code   RO         9128    i.DCD_SessionRequest_ISR  usb_dcd_int.o
    0x08001980   0x08001980   0x000000ae   Code   RO         9129    i.DCD_WriteEmptyTxFifo  usb_dcd_int.o
    0x08001a2e   0x08001a2e   0x00000016   Code   RO         1358    i.DMA2D_DeInit      stm32f4xx_dma2d.o
    0x08001a44   0x08001a44   0x00000018   Code   RO         1363    i.DMA2D_GetFlagStatus  stm32f4xx_dma2d.o
    0x08001a5c   0x08001a5c   0x000000e4   Code   RO         1366    i.DMA2D_Init        stm32f4xx_dma2d.o
    0x08001b40   0x08001b40   0x00000014   Code   RO         1368    i.DMA2D_StartTransfer  stm32f4xx_dma2d.o
    0x08001b54   0x08001b54   0x00000008   Code   RO         7896    i.DMA2_Stream3_IRQHandler  bsp_sdio_sd.o
    0x08001b5c   0x08001b5c   0x00000034   Code   RO         1220    i.DMA_ClearFlag     stm32f4xx_dma.o
    0x08001b90   0x08001b90   0x00000016   Code   RO         1222    i.DMA_Cmd           stm32f4xx_dma.o
    0x08001ba6   0x08001ba6   0x00000002   PAD
    0x08001ba8   0x08001ba8   0x00000058   Code   RO         1234    i.DMA_Init          stm32f4xx_dma.o
    0x08001c00   0x08001c00   0x00000034   Code   RO         5446    i.Datacov           user.o
    0x08001c34   0x08001c34   0x00000002   Code   RO         5280    i.DebugMon_Handler  stm32f4xx_it.o
    0x08001c36   0x08001c36   0x00000044   Code   RO         5447    i.Debug_Set_Num     user.o
    0x08001c7a   0x08001c7a   0x00000044   Code   RO         5448    i.Debug_Set_Res     user.o
    0x08001cbe   0x08001cbe   0x0000001a   Code   RO         5449    i.Debug_Valuedata   user.o
    0x08001cd8   0x08001cd8   0x00000006   Code   RO         5450    i.Debug_ValuedataV  user.o
    0x08001cde   0x08001cde   0x00000002   PAD
    0x08001ce0   0x08001ce0   0x00000080   Code   RO         5451    i.Debug_stanedcomp  user.o
    0x08001d60   0x08001d60   0x00000140   Code   RO         5452    i.DispBattery       user.o
    0x08001ea0   0x08001ea0   0x00000834   Code   RO         5453    i.DispSet_value     user.o
    0x080026d4   0x080026d4   0x0000000a   Code   RO         5454    i.Disp_Button_SysSet  user.o
    0x080026de   0x080026de   0x00000002   PAD
    0x080026e0   0x080026e0   0x00000278   Code   RO         5456    i.Disp_Button_value1  user.o
    0x08002958   0x08002958   0x00000054   Code   RO         5457    i.Disp_Debug_Reference  user.o
    0x080029ac   0x080029ac   0x00000090   Code   RO         5458    i.Disp_Debug_value  user.o
    0x08002a3c   0x08002a3c   0x00000070   Code   RO         5459    i.Disp_Fastbutton   user.o
    0x08002aac   0x08002aac   0x00000474   Code   RO         5461    i.Disp_NumKeyboard_Set  user.o
    0x08002f20   0x08002f20   0x00000078   Code   RO         5462    i.Disp_Open         user.o
    0x08002f98   0x08002f98   0x00000034   Code   RO         6223    i.Disp_R_V          bsp_lcd.o
    0x08002fcc   0x08002fcc   0x00000044   Code   RO         5463    i.Disp_Range        user.o
    0x08003010   0x08003010   0x0000008e   Code   RO         5464    i.Disp_Set_CompNum  user.o
    0x0800309e   0x0800309e   0x0000008e   Code   RO         5465    i.Disp_Set_Num      user.o
    0x0800312c   0x0800312c   0x000000a0   Code   RO         5466    i.Disp_Sys          user.o
    0x080031cc   0x080031cc   0x00000090   Code   RO         5468    i.Disp_Sys_Item     user.o
    0x0800325c   0x0800325c   0x0000000c   Code   RO         5469    i.Disp_Sys_Screen   user.o
    0x08003268   0x08003268   0x00000570   Code   RO         5470    i.Disp_Sys_value    user.o
    0x080037d8   0x080037d8   0x0000000c   Code   RO         5471    i.Disp_TestScreen   user.o
    0x080037e4   0x080037e4   0x0000000c   Code   RO         5472    i.Disp_TestSetScreen  user.o
    0x080037f0   0x080037f0   0x000000c0   Code   RO         5474    i.Disp_Test_Item    user.o
    0x080038b0   0x080038b0   0x000000c0   Code   RO         5475    i.Disp_Test_Set_Item  user.o
    0x08003970   0x08003970   0x00000426   Code   RO         5476    i.Disp_Test_value   user.o
    0x08003d96   0x08003d96   0x00000002   PAD
    0x08003d98   0x08003d98   0x00000190   Code   RO         5477    i.Disp_Testvalue    user.o
    0x08003f28   0x08003f28   0x00000020   Code   RO         5478    i.Disp_TopBar_Color  user.o
    0x08003f48   0x08003f48   0x00000050   Code   RO         6224    i.Disp_Usbflag      bsp_lcd.o
    0x08003f98   0x08003f98   0x00000090   Code   RO         5479    i.Disp_UserCheck_Item  user.o
    0x08004028   0x08004028   0x0000000c   Code   RO         5480    i.Disp_Usercheck_Screen  user.o
    0x08004034   0x08004034   0x0000002c   Code   RO         5481    i.Disp_button_Num_Freq  user.o
    0x08004060   0x08004060   0x00000048   Code   RO         5482    i.Disp_button_Num_time  user.o
    0x080040a8   0x080040a8   0x00000074   Code   RO         5483    i.Disp_dateandtime  user.o
    0x0800411c   0x0800411c   0x00000074   Code   RO         5281    i.EXTI3_IRQHandler  stm32f4xx_it.o
    0x08004190   0x08004190   0x0000000c   Code   RO         1485    i.EXTI_ClearITPendingBit  stm32f4xx_exti.o
    0x0800419c   0x0800419c   0x00000018   Code   RO         1489    i.EXTI_GetITStatus  stm32f4xx_exti.o
    0x080041b4   0x080041b4   0x00000094   Code   RO         1490    i.EXTI_Init         stm32f4xx_exti.o
    0x08004248   0x08004248   0x00000048   Code   RO         1844    i.FMC_GetFlagStatus  stm32f4xx_fmc.o
    0x08004290   0x08004290   0x00000020   Code   RO         1861    i.FMC_SDRAMCmdConfig  stm32f4xx_fmc.o
    0x080042b0   0x080042b0   0x00000144   Code   RO         1863    i.FMC_SDRAMInit     stm32f4xx_fmc.o
    0x080043f4   0x080043f4   0x00000018   Code   RO         1867    i.FMC_SetRefreshCount  stm32f4xx_fmc.o
    0x0800440c   0x0800440c   0x000000f8   Code   RO         6710    i.GPIO_Configuration  gpio.o
    0x08004504   0x08004504   0x00000090   Code   RO         2046    i.GPIO_Init         stm32f4xx_gpio.o
    0x08004594   0x08004594   0x00000046   Code   RO         2047    i.GPIO_PinAFConfig  stm32f4xx_gpio.o
    0x080045da   0x080045da   0x00000012   Code   RO         2050    i.GPIO_ReadInputDataBit  stm32f4xx_gpio.o
    0x080045ec   0x080045ec   0x00000004   Code   RO         2053    i.GPIO_ResetBits    stm32f4xx_gpio.o
    0x080045f0   0x080045f0   0x00000004   Code   RO         2054    i.GPIO_SetBits      stm32f4xx_gpio.o
    0x080045f4   0x080045f4   0x00000004   Code   RO         5282    i.HardFault_Handler  stm32f4xx_it.o
    0x080045f8   0x080045f8   0x000000c4   Code   RO         5486    i.Hex_Format        user.o
    0x080046bc   0x080046bc   0x00000024   Code   RO         5487    i.InitGlobalValue   user.o
    0x080046e0   0x080046e0   0x00000068   Code   RO         7773    i.Init_CH376        ch376.o
    0x08004748   0x08004748   0x000000c4   Code   RO         5488    i.Input_Set_Cov     user.o
    0x0800480c   0x0800480c   0x00000064   Code   RO         5489    i.Jisuan_Range      user.o
    0x08004870   0x08004870   0x00000020   Code   RO         5490    i.Jisuan_V_Range    user.o
    0x08004890   0x08004890   0x0000000a   Code   RO         6902    i.Key_Delay         keyboard.o
    0x0800489a   0x0800489a   0x00000002   PAD
    0x0800489c   0x0800489c   0x00000600   Code   RO         6904    i.Key_Identiry      keyboard.o
    0x08004e9c   0x08004e9c   0x00000020   Code   RO         6905    i.Key_Read          keyboard.o
    0x08004ebc   0x08004ebc   0x00000012   Code   RO         6906    i.Key_Read_WithTimeOut  keyboard.o
    0x08004ece   0x08004ece   0x00000002   PAD
    0x08004ed0   0x08004ed0   0x000000cc   Code   RO         6907    i.Key_Scan          keyboard.o
    0x08004f9c   0x08004f9c   0x00000014   Code   RO         6711    i.Key_beep          gpio.o
    0x08004fb0   0x08004fb0   0x00000098   Code   RO         6225    i.LCD429_PutPixel   bsp_lcd.o
    0x08005048   0x08005048   0x00000068   Code   RO         6226    i.LCD_Clear         bsp_lcd.o
    0x080050b0   0x080050b0   0x000000a4   Code   RO         6232    i.LCD_DispString_EN_CH  bsp_lcd.o
    0x08005154   0x08005154   0x00000060   Code   RO         6233    i.LCD_DispString_MS24x23  bsp_lcd.o
    0x080051b4   0x080051b4   0x00000040   Code   RO         6235    i.LCD_DisplayChar32  bsp_lcd.o
    0x080051f4   0x080051f4   0x0000008c   Code   RO         6236    i.LCD_DisplayFont_MS24x23  bsp_lcd.o
    0x08005280   0x08005280   0x0000009c   Code   RO         6240    i.LCD_DrawChar      bsp_lcd.o
    0x0800531c   0x0800531c   0x0000017c   Code   RO         6243    i.LCD_DrawCircle    bsp_lcd.o
    0x08005498   0x08005498   0x0000014c   Code   RO         6247    i.LCD_DrawFullRect  bsp_lcd.o
    0x080055e4   0x080055e4   0x00000108   Code   RO         6248    i.LCD_DrawLine      bsp_lcd.o
    0x080056ec   0x080056ec   0x00000018   Code   RO         6250    i.LCD_DrawPoint     bsp_lcd.o
    0x08005704   0x08005704   0x0000011e   Code   RO         6252    i.LCD_DrawUniLine   bsp_lcd.o
    0x08005822   0x08005822   0x0000001c   Code   RO         6253    i.LCD_Draw_Circle   bsp_lcd.o
    0x0800583e   0x0800583e   0x00000002   PAD
    0x08005840   0x08005840   0x000002e0   Code   RO         6256    i.LCD_GPIO_Config   bsp_lcd.o
    0x08005b20   0x08005b20   0x0000008a   Code   RO         6259    i.LCD_Init          bsp_lcd.o
    0x08005baa   0x08005baa   0x00000002   PAD
    0x08005bac   0x08005bac   0x0000009c   Code   RO         6260    i.LCD_LayerInit     bsp_lcd.o
    0x08005c48   0x08005c48   0x00000014   Code   RO         6267    i.LCD_SetColors     bsp_lcd.o
    0x08005c5c   0x08005c5c   0x0000000c   Code   RO         6270    i.LCD_SetFont       bsp_lcd.o
    0x08005c68   0x08005c68   0x0000002c   Code   RO         6271    i.LCD_SetLayer      bsp_lcd.o
    0x08005c94   0x08005c94   0x0000000c   Code   RO         6272    i.LCD_SetTextColor  bsp_lcd.o
    0x08005ca0   0x08005ca0   0x00000030   Code   RO         6273    i.LCD_SetTransparency  bsp_lcd.o
    0x08005cd0   0x08005cd0   0x0000008c   Code   RO         6276    i.LCD_ShowFontCN_32  bsp_lcd.o
    0x08005d5c   0x08005d5c   0x0000008c   Code   RO         6277    i.LCD_ShowFontCN_40_55  bsp_lcd.o
    0x08005de8   0x08005de8   0x00000024   Code   RO         2620    i.LTDC_Cmd          stm32f4xx_ltdc.o
    0x08005e0c   0x08005e0c   0x00000188   Code   RO         2631    i.LTDC_Init         stm32f4xx_ltdc.o
    0x08005f94   0x08005f94   0x00000004   Code   RO         2634    i.LTDC_LayerAlpha   stm32f4xx_ltdc.o
    0x08005f98   0x08005f98   0x00000016   Code   RO         2635    i.LTDC_LayerCmd     stm32f4xx_ltdc.o
    0x08005fae   0x08005fae   0x00000114   Code   RO         2636    i.LTDC_LayerInit    stm32f4xx_ltdc.o
    0x080060c2   0x080060c2   0x00000002   PAD
    0x080060c4   0x080060c4   0x0000000c   Code   RO         2643    i.LTDC_ReloadConfig  stm32f4xx_ltdc.o
    0x080060d0   0x080060d0   0x00000002   Code   RO         6712    i.Led_Fail_On       gpio.o
    0x080060d2   0x080060d2   0x00000002   Code   RO         6713    i.Led_GPIO_Configuration  gpio.o
    0x080060d4   0x080060d4   0x00000002   Code   RO         6714    i.Led_Pass_On       gpio.o
    0x080060d6   0x080060d6   0x00000002   Code   RO         6715    i.Lock_Off          gpio.o
    0x080060d8   0x080060d8   0x00000002   Code   RO         6716    i.Lock_On           gpio.o
    0x080060da   0x080060da   0x00000002   PAD
    0x080060dc   0x080060dc   0x000000e4   Code   RO         5988    i.MODS_03H          test.o
    0x080061c0   0x080061c0   0x00000164   Code   RO         5989    i.MODS_ReadRegValue  test.o
    0x08006324   0x08006324   0x00000004   Code   RO         5283    i.MemManage_Handler  stm32f4xx_it.o
    0x08006328   0x08006328   0x00000002   Code   RO         5284    i.NMI_Handler       stm32f4xx_it.o
    0x0800632a   0x0800632a   0x00000002   PAD
    0x0800632c   0x0800632c   0x00000078   Code   RO          164    i.NVIC_Init         misc.o
    0x080063a4   0x080063a4   0x00000014   Code   RO          165    i.NVIC_PriorityGroupConfig  misc.o
    0x080063b8   0x080063b8   0x00000010   Code   RO         5285    i.OTG_FS_IRQHandler  stm32f4xx_it.o
    0x080063c8   0x080063c8   0x00000010   Code   RO         9503    i.OTG_HS_EP1_IN_IRQHandler  usb_bsp.o
    0x080063d8   0x080063d8   0x00000010   Code   RO         9504    i.OTG_HS_EP1_OUT_IRQHandler  usb_bsp.o
    0x080063e8   0x080063e8   0x00000010   Code   RO         9505    i.OTG_HS_IRQHandler  usb_bsp.o
    0x080063f8   0x080063f8   0x00000002   Code   RO         6717    i.Open_flag_Configuration  gpio.o
    0x080063fa   0x080063fa   0x00000002   Code   RO         6718    i.PLC_GPIO_Configuration  gpio.o
    0x080063fc   0x080063fc   0x0000000c   Code   RO         2813    i.PWR_BackupAccessCmd  stm32f4xx_pwr.o
    0x08006408   0x08006408   0x00000330   Code   RO         5491    i.Parameter_valuecomp  user.o
    0x08006738   0x08006738   0x00000002   Code   RO         5286    i.PendSV_Handler    stm32f4xx_it.o
    0x0800673a   0x0800673a   0x00000002   PAD
    0x0800673c   0x0800673c   0x00000010   Code   RO         5990    i.PowerOffDetect    test.o
    0x0800674c   0x0800674c   0x00000010   Code   RO         5991    i.PowerOffHandle    test.o
    0x0800675c   0x0800675c   0x00000002   Code   RO         6719    i.Power_Off_led     gpio.o
    0x0800675e   0x0800675e   0x00000002   Code   RO         6720    i.Power_On_led      gpio.o
    0x08006760   0x08006760   0x00000214   Code   RO         5992    i.Power_Process     test.o
    0x08006974   0x08006974   0x00000030   Code   RO         6283    i.PutPixel          bsp_lcd.o
    0x080069a4   0x080069a4   0x0000001c   Code   RO         7774    i.Query376Interrupt  ch376.o
    0x080069c0   0x080069c0   0x00000020   Code   RO         2960    i.RCC_AHB1PeriphClockCmd  stm32f4xx_rcc.o
    0x080069e0   0x080069e0   0x00000020   Code   RO         2962    i.RCC_AHB1PeriphResetCmd  stm32f4xx_rcc.o
    0x08006a00   0x08006a00   0x00000020   Code   RO         2966    i.RCC_AHB3PeriphClockCmd  stm32f4xx_rcc.o
    0x08006a20   0x08006a20   0x00000020   Code   RO         2969    i.RCC_APB1PeriphClockCmd  stm32f4xx_rcc.o
    0x08006a40   0x08006a40   0x00000020   Code   RO         2972    i.RCC_APB2PeriphClockCmd  stm32f4xx_rcc.o
    0x08006a60   0x08006a60   0x00000040   Code   RO         2982    i.RCC_GetFlagStatus  stm32f4xx_rcc.o
    0x08006aa0   0x08006aa0   0x0000002c   Code   RO         2990    i.RCC_LSEConfig     stm32f4xx_rcc.o
    0x08006acc   0x08006acc   0x00000018   Code   RO         2993    i.RCC_LTDCCLKDivConfig  stm32f4xx_rcc.o
    0x08006ae4   0x08006ae4   0x0000000c   Code   RO         3002    i.RCC_PLLSAICmd     stm32f4xx_rcc.o
    0x08006af0   0x08006af0   0x00000018   Code   RO         3003    i.RCC_PLLSAIConfig  stm32f4xx_rcc.o
    0x08006b08   0x08006b08   0x0000000c   Code   RO         3004    i.RCC_RTCCLKCmd     stm32f4xx_rcc.o
    0x08006b14   0x08006b14   0x0000003c   Code   RO         3005    i.RCC_RTCCLKConfig  stm32f4xx_rcc.o
    0x08006b50   0x08006b50   0x00000016   Code   RO         3367    i.RTC_Bcd2ToByte    stm32f4xx_rtc.o
    0x08006b66   0x08006b66   0x0000001c   Code   RO         3369    i.RTC_ByteToBcd2    stm32f4xx_rtc.o
    0x08006b82   0x08006b82   0x00000002   PAD
    0x08006b84   0x08006b84   0x0000006c   Code   RO         7545    i.RTC_CLK_Config    bsp_rtc.o
    0x08006bf0   0x08006bf0   0x0000001c   Code   RO         3372    i.RTC_ClearFlag     stm32f4xx_rtc.o
    0x08006c0c   0x08006c0c   0x00000020   Code   RO         3373    i.RTC_ClearITPendingBit  stm32f4xx_rtc.o
    0x08006c2c   0x08006c2c   0x00000050   Code   RO         3379    i.RTC_EnterInitMode  stm32f4xx_rtc.o
    0x08006c7c   0x08006c7c   0x00000014   Code   RO         3380    i.RTC_ExitInitMode  stm32f4xx_rtc.o
    0x08006c90   0x08006c90   0x0000004c   Code   RO         3383    i.RTC_GetDate       stm32f4xx_rtc.o
    0x08006cdc   0x08006cdc   0x00000028   Code   RO         3384    i.RTC_GetFlagStatus  stm32f4xx_rtc.o
    0x08006d04   0x08006d04   0x00000050   Code   RO         3388    i.RTC_GetTime       stm32f4xx_rtc.o
    0x08006d54   0x08006d54   0x00000064   Code   RO         3392    i.RTC_ITConfig      stm32f4xx_rtc.o
    0x08006db8   0x08006db8   0x00000064   Code   RO         3393    i.RTC_Init          stm32f4xx_rtc.o
    0x08006e1c   0x08006e1c   0x00000020   Code   RO         3396    i.RTC_ReadBackupRegister  stm32f4xx_rtc.o
    0x08006e3c   0x08006e3c   0x000000c8   Code   RO         3399    i.RTC_SetDate       stm32f4xx_rtc.o
    0x08006f04   0x08006f04   0x000000d0   Code   RO         3400    i.RTC_SetTime       stm32f4xx_rtc.o
    0x08006fd4   0x08006fd4   0x0000001c   Code   RO         3401    i.RTC_SetWakeUpCounter  stm32f4xx_rtc.o
    0x08006ff0   0x08006ff0   0x00000072   Code   RO         7547    i.RTC_Set_WakeUp    bsp_rtc.o
    0x08007062   0x08007062   0x00000050   Code   RO         7548    i.RTC_TimeAndDate_Set  bsp_rtc.o
    0x080070b2   0x080070b2   0x00000002   PAD
    0x080070b4   0x080070b4   0x00000028   Code   RO         7550    i.RTC_WKUP_IRQHandler  bsp_rtc.o
    0x080070dc   0x080070dc   0x00000060   Code   RO         3416    i.RTC_WaitForSynchro  stm32f4xx_rtc.o
    0x0800713c   0x0800713c   0x00000030   Code   RO         3417    i.RTC_WakeUpClockConfig  stm32f4xx_rtc.o
    0x0800716c   0x0800716c   0x00000078   Code   RO         3418    i.RTC_WakeUpCmd     stm32f4xx_rtc.o
    0x080071e4   0x080071e4   0x0000001c   Code   RO         3419    i.RTC_WriteBackupRegister  stm32f4xx_rtc.o
    0x08007200   0x08007200   0x000001a4   Code   RO         5492    i.R_Comp            user.o
    0x080073a4   0x080073a4   0x00000188   Code   RO         5493    i.Range_Changecomp  user.o
    0x0800752c   0x0800752c   0x00000068   Code   RO         5494    i.Range_Control     user.o
    0x08007594   0x08007594   0x00000020   Code   RO         5495    i.ReadBE32U         user.o
    0x080075b4   0x080075b4   0x0000006c   Code   RO         6723    i.ReadBatGPIOInit   gpio.o
    0x08007620   0x08007620   0x0000002a   Code   RO         6668    i.Read_Convert_read  ad7706.o
    0x0800764a   0x0800764a   0x00000002   PAD
    0x0800764c   0x0800764c   0x00000010   Code   RO         6724    i.Read_Openflag     gpio.o
    0x0800765c   0x0800765c   0x00000020   Code   RO         7512    i.Read_set_flash    flash_eerom.o
    0x0800767c   0x0800767c   0x000000ec   Code   RO         7629    i.Rheostat_ADC_Mode_Config  touch.o
    0x08007768   0x08007768   0x0000000c   Code   RO         3892    i.SDIO_ClearITPendingBit  stm32f4xx_sdio.o
    0x08007774   0x08007774   0x00000018   Code   RO         3904    i.SDIO_GetITStatus  stm32f4xx_sdio.o
    0x0800778c   0x0800778c   0x00000008   Code   RO         7900    i.SDIO_IRQHandler   bsp_sdio_sd.o
    0x08007794   0x08007794   0x00000020   Code   RO         3907    i.SDIO_ITConfig     stm32f4xx_sdio.o
    0x080077b4   0x080077b4   0x000003a8   Code   RO         7153    i.SDRAM_GPIO_Config  bsp_sdram.o
    0x08007b5c   0x08007b5c   0x00000064   Code   RO         7154    i.SDRAM_Init        bsp_sdram.o
    0x08007bc0   0x08007bc0   0x000000c8   Code   RO         7155    i.SDRAM_InitSequence  bsp_sdram.o
    0x08007c88   0x08007c88   0x00000024   Code   RO         7159    i.SDRAM_delay       bsp_sdram.o
    0x08007cac   0x08007cac   0x00000028   Code   RO         7919    i.SD_ProcessDMAIRQ  bsp_sdio_sd.o
    0x08007cd4   0x08007cd4   0x000000ac   Code   RO         7920    i.SD_ProcessIRQSrc  bsp_sdio_sd.o
    0x08007d80   0x08007d80   0x00000018   Code   RO         4115    i.SPI_Cmd           stm32f4xx_spi.o
    0x08007d98   0x08007d98   0x00000050   Code   RO         7032    i.SPI_FLASH_BufferRead  bsp_spi_flash.o
    0x08007de8   0x08007de8   0x00000122   Code   RO         7033    i.SPI_FLASH_BufferWrite  bsp_spi_flash.o
    0x08007f0a   0x08007f0a   0x00000002   PAD
    0x08007f0c   0x08007f0c   0x000000dc   Code   RO         7035    i.SPI_FLASH_Init    bsp_spi_flash.o
    0x08007fe8   0x08007fe8   0x00000098   Code   RO         7036    i.SPI_FLASH_PageWrite  bsp_spi_flash.o
    0x08008080   0x08008080   0x00000040   Code   RO         7040    i.SPI_FLASH_SectorErase  bsp_spi_flash.o
    0x080080c0   0x080080c0   0x00000078   Code   RO         7041    i.SPI_FLASH_SendByte  bsp_spi_flash.o
    0x08008138   0x08008138   0x00000054   Code   RO         7044    i.SPI_FLASH_WaitForWriteEnd  bsp_spi_flash.o
    0x0800818c   0x0800818c   0x0000001c   Code   RO         7045    i.SPI_FLASH_WriteEnable  bsp_spi_flash.o
    0x080081a8   0x080081a8   0x00000012   Code   RO         4123    i.SPI_I2S_GetFlagStatus  stm32f4xx_spi.o
    0x080081ba   0x080081ba   0x00000006   Code   RO         4126    i.SPI_I2S_ReceiveData  stm32f4xx_spi.o
    0x080081c0   0x080081c0   0x00000004   Code   RO         4127    i.SPI_I2S_SendData  stm32f4xx_spi.o
    0x080081c4   0x080081c4   0x0000003c   Code   RO         4128    i.SPI_Init          stm32f4xx_spi.o
    0x08008200   0x08008200   0x00000040   Code   RO         7048    i.SPI_TIMEOUT_UserCallback  bsp_spi_flash.o
    0x08008240   0x08008240   0x00000006   Code   RO         7775    i.SPI_TIMEOUT_UserCallback  ch376.o
    0x08008246   0x08008246   0x00000002   PAD
    0x08008248   0x08008248   0x00000078   Code   RO         7776    i.SPIx_ReadWriteByte  ch376.o
    0x080082c0   0x080082c0   0x00000002   Code   RO         5287    i.SVC_Handler       stm32f4xx_it.o
    0x080082c2   0x080082c2   0x00000002   PAD
    0x080082c4   0x080082c4   0x00000020   Code   RO         6725    i.Select_V_I        gpio.o
    0x080082e4   0x080082e4   0x00000020   Code   RO         7477    i.Send_To_Cpld      cpld.o
    0x08008304   0x08008304   0x00000014   Code   RO         7263    i.Send_Uart3str     bsp_debug_usart.o
    0x08008318   0x08008318   0x00000068   Code   RO         7478    i.Send_one_buff     cpld.o
    0x08008380   0x08008380   0x0000000c   Code   RO         5399    i.SetSoftTimer      pbdata.o
    0x0800838c   0x0800838c   0x00000120   Code   RO           13    i.SetSysClock       system_stm32f4xx.o
    0x080084ac   0x080084ac   0x000009a0   Code   RO         5993    i.Setup_Process     test.o
    0x08008e4c   0x08008e4c   0x00000060   Code   RO         5497    i.Soft_Turnon       user.o
    0x08008eac   0x08008eac   0x0000010c   Code   RO         6669    i.SpiRxByte         ad7706.o
    0x08008fb8   0x08008fb8   0x00000024   Code   RO         7513    i.Store_set_flash   flash_eerom.o
    0x08008fdc   0x08008fdc   0x0000003c   Code   RO         5498    i.StrToint          user.o
    0x08009018   0x08009018   0x00000008   Code   RO         5288    i.SysTick_Handler   stm32f4xx_it.o
    0x08009020   0x08009020   0x00000068   Code   RO         7382    i.SysTick_Init      bsp_systick.o
    0x08009088   0x08009088   0x0000018c   Code   RO         5994    i.Sys_Process       test.o
    0x08009214   0x08009214   0x00000068   Code   RO           15    i.SystemInit        system_stm32f4xx.o
    0x0800927c   0x0800927c   0x00000016   Code   RO         7210    i.TIM6_Configuration  bsp_basic_tim.o
    0x08009292   0x08009292   0x00000002   PAD
    0x08009294   0x08009294   0x0000008c   Code   RO         5289    i.TIM6_DAC_IRQHandler  stm32f4xx_it.o
    0x08009320   0x08009320   0x0000002a   Code   RO         7211    i.TIM6_NVIC_Configuration  bsp_basic_tim.o
    0x0800934a   0x0800934a   0x00000002   PAD
    0x0800934c   0x0800934c   0x0000003c   Code   RO         7212    i.TIM8_GPIO_Config  bsp_basic_tim.o
    0x08009388   0x08009388   0x0000007c   Code   RO         7213    i.TIM8_PWMOUTPUT_Config  bsp_basic_tim.o
    0x08009404   0x08009404   0x00000006   Code   RO         4347    i.TIM_ClearFlag     stm32f4xx_tim.o
    0x0800940a   0x0800940a   0x00000006   Code   RO         4348    i.TIM_ClearITPendingBit  stm32f4xx_tim.o
    0x08009410   0x08009410   0x00000018   Code   RO         4353    i.TIM_Cmd           stm32f4xx_tim.o
    0x08009428   0x08009428   0x0000001e   Code   RO         4355    i.TIM_CtrlPWMOutputs  stm32f4xx_tim.o
    0x08009446   0x08009446   0x00000022   Code   RO         4374    i.TIM_GetITStatus   stm32f4xx_tim.o
    0x08009468   0x08009468   0x00000012   Code   RO         4378    i.TIM_ITConfig      stm32f4xx_tim.o
    0x0800947a   0x0800947a   0x00000002   PAD
    0x0800947c   0x0800947c   0x00000040   Code   RO         7214    i.TIM_Mode_Config   bsp_basic_tim.o
    0x080094bc   0x080094bc   0x0000007c   Code   RO         4382    i.TIM_OC1Init       stm32f4xx_tim.o
    0x08009538   0x08009538   0x00000012   Code   RO         4385    i.TIM_OC1PreloadConfig  stm32f4xx_tim.o
    0x0800954a   0x0800954a   0x00000002   PAD
    0x0800954c   0x0800954c   0x000000a0   Code   RO         4392    i.TIM_OC3Init       stm32f4xx_tim.o
    0x080095ec   0x080095ec   0x000000a0   Code   RO         7215    i.TIM_PWMOUTPUT_Config  bsp_basic_tim.o
    0x0800968c   0x0800968c   0x00000084   Code   RO         4425    i.TIM_TimeBaseInit  stm32f4xx_tim.o
    0x08009710   0x08009710   0x0000000a   Code   RO         7630    i.TP_Adj_Info_Show  touch.o
    0x0800971a   0x0800971a   0x00000002   PAD
    0x0800971c   0x0800971c   0x000006dc   Code   RO         7631    i.TP_Adjust         touch.o
    0x08009df8   0x08009df8   0x00000068   Code   RO         7633    i.TP_Drow_Touch_Point  touch.o
    0x08009e60   0x08009e60   0x0000007c   Code   RO         7634    i.TP_Get_Adjdata    touch.o
    0x08009edc   0x08009edc   0x00000030   Code   RO         7635    i.TP_Init           touch.o
    0x08009f0c   0x08009f0c   0x00000030   Code   RO         7636    i.TP_Read_AD        touch.o
    0x08009f3c   0x08009f3c   0x00000072   Code   RO         7637    i.TP_Read_XOY       touch.o
    0x08009fae   0x08009fae   0x00000002   PAD
    0x08009fb0   0x08009fb0   0x0000003c   Code   RO         7638    i.TP_Read_XY        touch.o
    0x08009fec   0x08009fec   0x000000c0   Code   RO         7639    i.TP_Read_XY2       touch.o
    0x0800a0ac   0x0800a0ac   0x0000005c   Code   RO         7640    i.TP_Save_Adjdata   touch.o
    0x0800a108   0x0800a108   0x00000128   Code   RO         7641    i.TP_Scan           touch.o
    0x0800a230   0x0800a230   0x00000050   Code   RO         5500    i.Test_Debug        user.o
    0x0800a280   0x0800a280   0x00001278   Code   RO         5995    i.Test_Process      test.o
    0x0800b4f8   0x0800b4f8   0x00000150   Code   RO         5501    i.Time_Set_Cov      user.o
    0x0800b648   0x0800b648   0x00000018   Code   RO         7383    i.TimingDelay_Decrement  bsp_systick.o
    0x0800b660   0x0800b660   0x0000008c   Code   RO         7642    i.Touch_GPIO_Config  touch.o
    0x0800b6ec   0x0800b6ec   0x00000006   Code   RO         6909    i.Touch_Identiry    keyboard.o
    0x0800b6f2   0x0800b6f2   0x00000002   Code   RO         6726    i.Trip_Off          gpio.o
    0x0800b6f4   0x0800b6f4   0x00000002   Code   RO         6727    i.Trip_On           gpio.o
    0x0800b6f6   0x0800b6f6   0x00000002   Code   RO         6728    i.Turnoff_Led       gpio.o
    0x0800b6f8   0x0800b6f8   0x00000002   Code   RO         6729    i.Turnon_Led        gpio.o
    0x0800b6fa   0x0800b6fa   0x00000002   PAD
    0x0800b6fc   0x0800b6fc   0x000000bc   Code   RO         5290    i.USART3_IRQHandler  stm32f4xx_it.o
    0x0800b7b8   0x0800b7b8   0x00000012   Code   RO         4903    i.USART_ClearFlag   stm32f4xx_usart.o
    0x0800b7ca   0x0800b7ca   0x0000001a   Code   RO         4910    i.USART_GetFlagStatus  stm32f4xx_usart.o
    0x0800b7e4   0x0800b7e4   0x0000000a   Code   RO         4921    i.USART_ReceiveData  stm32f4xx_usart.o
    0x0800b7ee   0x0800b7ee   0x00000008   Code   RO         4924    i.USART_SendData    stm32f4xx_usart.o
    0x0800b7f6   0x0800b7f6   0x00000016   Code   RO         9226    i.USBD_ClrCfg       usbd_core.o
    0x0800b80c   0x0800b80c   0x00000048   Code   RO         9400    i.USBD_ClrFeature   usbd_req.o
    0x0800b854   0x0800b854   0x0000001e   Code   RO         9340    i.USBD_CtlContinueRx  usbd_ioreq.o
    0x0800b872   0x0800b872   0x0000001e   Code   RO         9341    i.USBD_CtlContinueSendData  usbd_ioreq.o
    0x0800b890   0x0800b890   0x0000001e   Code   RO         9401    i.USBD_CtlError     usbd_req.o
    0x0800b8ae   0x0800b8ae   0x00000024   Code   RO         9343    i.USBD_CtlReceiveStatus  usbd_ioreq.o
    0x0800b8d2   0x0800b8d2   0x0000002e   Code   RO         9344    i.USBD_CtlSendData  usbd_ioreq.o
    0x0800b900   0x0800b900   0x00000024   Code   RO         9345    i.USBD_CtlSendStatus  usbd_ioreq.o
    0x0800b924   0x0800b924   0x000000d0   Code   RO         9227    i.USBD_DataInStage  usbd_core.o
    0x0800b9f4   0x0800b9f4   0x00000096   Code   RO         9228    i.USBD_DataOutStage  usbd_core.o
    0x0800ba8a   0x0800ba8a   0x00000006   Code   RO         9229    i.USBD_DeInit       usbd_core.o
    0x0800ba90   0x0800ba90   0x00000018   Code   RO         9230    i.USBD_DevConnected  usbd_core.o
    0x0800baa8   0x0800baa8   0x00000024   Code   RO         9231    i.USBD_DevDisconnected  usbd_core.o
    0x0800bacc   0x0800bacc   0x00000054   Code   RO         9402    i.USBD_GetConfig    usbd_req.o
    0x0800bb20   0x0800bb20   0x00000184   Code   RO         9403    i.USBD_GetDescriptor  usbd_req.o
    0x0800bca4   0x0800bca4   0x00000014   Code   RO         9404    i.USBD_GetLen       usbd_req.o
    0x0800bcb8   0x0800bcb8   0x00000050   Code   RO         9405    i.USBD_GetStatus    usbd_req.o
    0x0800bd08   0x0800bd08   0x00000052   Code   RO         9406    i.USBD_GetString    usbd_req.o
    0x0800bd5a   0x0800bd5a   0x00000012   Code   RO         9637    i.USBD_HID_DataIn   usbd_hid_core.o
    0x0800bd6c   0x0800bd6c   0x00000010   Code   RO         9638    i.USBD_HID_DataOut  usbd_hid_core.o
    0x0800bd7c   0x0800bd7c   0x0000001a   Code   RO         9639    i.USBD_HID_DeInit   usbd_hid_core.o
    0x0800bd96   0x0800bd96   0x00000002   PAD
    0x0800bd98   0x0800bd98   0x00000010   Code   RO         9640    i.USBD_HID_GetCfgDesc  usbd_hid_core.o
    0x0800bda8   0x0800bda8   0x00000022   Code   RO         9641    i.USBD_HID_Init     usbd_hid_core.o
    0x0800bdca   0x0800bdca   0x00000022   Code   RO         9642    i.USBD_HID_SendReport  usbd_hid_core.o
    0x0800bdec   0x0800bdec   0x000000e8   Code   RO         9643    i.USBD_HID_Setup    usbd_hid_core.o
    0x0800bed4   0x0800bed4   0x00000042   Code   RO         9232    i.USBD_Init         usbd_core.o
    0x0800bf16   0x0800bf16   0x00000012   Code   RO         9233    i.USBD_IsoINIncomplete  usbd_core.o
    0x0800bf28   0x0800bf28   0x00000012   Code   RO         9234    i.USBD_IsoOUTIncomplete  usbd_core.o
    0x0800bf3a   0x0800bf3a   0x00000002   PAD
    0x0800bf3c   0x0800bf3c   0x000000ec   Code   RO         9130    i.USBD_OTG_EP1IN_ISR_Handler  usb_dcd_int.o
    0x0800c028   0x0800c028   0x00000080   Code   RO         9131    i.USBD_OTG_EP1OUT_ISR_Handler  usb_dcd_int.o
    0x0800c0a8   0x0800c0a8   0x00000100   Code   RO         9132    i.USBD_OTG_ISR_Handler  usb_dcd_int.o
    0x0800c1a8   0x0800c1a8   0x00000048   Code   RO         9407    i.USBD_ParseSetupRequest  usbd_req.o
    0x0800c1f0   0x0800c1f0   0x00000032   Code   RO         9235    i.USBD_Reset        usbd_core.o
    0x0800c222   0x0800c222   0x0000001e   Code   RO         9236    i.USBD_Resume       usbd_core.o
    0x0800c240   0x0800c240   0x00000014   Code   RO         9237    i.USBD_RunTestMode  usbd_core.o
    0x0800c254   0x0800c254   0x0000001a   Code   RO         9238    i.USBD_SOF          usbd_core.o
    0x0800c26e   0x0800c26e   0x0000005c   Code   RO         9408    i.USBD_SetAddress   usbd_req.o
    0x0800c2ca   0x0800c2ca   0x0000001e   Code   RO         9239    i.USBD_SetCfg       usbd_core.o
    0x0800c2e8   0x0800c2e8   0x000000d0   Code   RO         9409    i.USBD_SetConfig    usbd_req.o
    0x0800c3b8   0x0800c3b8   0x000000a4   Code   RO         9410    i.USBD_SetFeature   usbd_req.o
    0x0800c45c   0x0800c45c   0x00000054   Code   RO         9240    i.USBD_SetupStage   usbd_core.o
    0x0800c4b0   0x0800c4b0   0x00000072   Code   RO         9411    i.USBD_StdDevReq    usbd_req.o
    0x0800c522   0x0800c522   0x00000002   PAD
    0x0800c524   0x0800c524   0x0000015c   Code   RO         9412    i.USBD_StdEPReq     usbd_req.o
    0x0800c680   0x0800c680   0x0000004c   Code   RO         9413    i.USBD_StdItfReq    usbd_req.o
    0x0800c6cc   0x0800c6cc   0x00000020   Code   RO         9241    i.USBD_Suspend      usbd_core.o
    0x0800c6ec   0x0800c6ec   0x00000034   Code   RO         9570    i.USBD_USR_ConfigStrDescriptor  usbd_desc.o
    0x0800c720   0x0800c720   0x00000002   Code   RO         9703    i.USBD_USR_DeviceConfigured  usbd_usr.o
    0x0800c722   0x0800c722   0x00000002   Code   RO         9704    i.USBD_USR_DeviceConnected  usbd_usr.o
    0x0800c724   0x0800c724   0x00000010   Code   RO         9571    i.USBD_USR_DeviceDescriptor  usbd_desc.o
    0x0800c734   0x0800c734   0x00000002   Code   RO         9705    i.USBD_USR_DeviceDisconnected  usbd_usr.o
    0x0800c736   0x0800c736   0x00000002   Code   RO         9706    i.USBD_USR_DeviceReset  usbd_usr.o
    0x0800c738   0x0800c738   0x00000002   Code   RO         9707    i.USBD_USR_DeviceResumed  usbd_usr.o
    0x0800c73a   0x0800c73a   0x00000002   Code   RO         9708    i.USBD_USR_DeviceSuspended  usbd_usr.o
    0x0800c73c   0x0800c73c   0x00000064   Code   RO         9709    i.USBD_USR_Init     usbd_usr.o
    0x0800c7a0   0x0800c7a0   0x00000038   Code   RO         9572    i.USBD_USR_InterfaceStrDescriptor  usbd_desc.o
    0x0800c7d8   0x0800c7d8   0x00000010   Code   RO         9573    i.USBD_USR_LangIDStrDescriptor  usbd_desc.o
    0x0800c7e8   0x0800c7e8   0x0000002c   Code   RO         9574    i.USBD_USR_ManufacturerStrDescriptor  usbd_desc.o
    0x0800c814   0x0800c814   0x00000058   Code   RO         9575    i.USBD_USR_ProductStrDescriptor  usbd_desc.o
    0x0800c86c   0x0800c86c   0x00000048   Code   RO         9576    i.USBD_USR_SerialStrDescriptor  usbd_desc.o
    0x0800c8b4   0x0800c8b4   0x00000074   Code   RO         9506    i.USB_OTG_BSP_EnableInterrupt  usb_bsp.o
    0x0800c928   0x0800c928   0x00000074   Code   RO         9507    i.USB_OTG_BSP_Init  usb_bsp.o
    0x0800c99c   0x0800c99c   0x00000012   Code   RO         9508    i.USB_OTG_BSP_mDelay  usb_bsp.o
    0x0800c9ae   0x0800c9ae   0x00000022   Code   RO         9509    i.USB_OTG_BSP_uDelay  usb_bsp.o
    0x0800c9d0   0x0800c9d0   0x0000011a   Code   RO         8789    i.USB_OTG_CoreInit  usb_core.o
    0x0800caea   0x0800caea   0x00000256   Code   RO         8790    i.USB_OTG_CoreInitDev  usb_core.o
    0x0800cd40   0x0800cd40   0x00000070   Code   RO         8791    i.USB_OTG_CoreReset  usb_core.o
    0x0800cdb0   0x0800cdb0   0x00000022   Code   RO         8792    i.USB_OTG_DisableGlobalInt  usb_core.o
    0x0800cdd2   0x0800cdd2   0x0000006a   Code   RO         8793    i.USB_OTG_EP0Activate  usb_core.o
    0x0800ce3c   0x0800ce3c   0x00000156   Code   RO         8794    i.USB_OTG_EP0StartXfer  usb_core.o
    0x0800cf92   0x0800cf92   0x00000062   Code   RO         8795    i.USB_OTG_EP0_OutStart  usb_core.o
    0x0800cff4   0x0800cff4   0x000000b0   Code   RO         8796    i.USB_OTG_EPActivate  usb_core.o
    0x0800d0a4   0x0800d0a4   0x00000050   Code   RO         8797    i.USB_OTG_EPClearStall  usb_core.o
    0x0800d0f4   0x0800d0f4   0x00000076   Code   RO         8798    i.USB_OTG_EPDeactivate  usb_core.o
    0x0800d16a   0x0800d16a   0x00000064   Code   RO         8799    i.USB_OTG_EPSetStall  usb_core.o
    0x0800d1ce   0x0800d1ce   0x000001f6   Code   RO         8800    i.USB_OTG_EPStartXfer  usb_core.o
    0x0800d3c4   0x0800d3c4   0x00000034   Code   RO         8801    i.USB_OTG_EnableCommonInt  usb_core.o
    0x0800d3f8   0x0800d3f8   0x000000b0   Code   RO         8802    i.USB_OTG_EnableDevInt  usb_core.o
    0x0800d4a8   0x0800d4a8   0x00000022   Code   RO         8803    i.USB_OTG_EnableGlobalInt  usb_core.o
    0x0800d4ca   0x0800d4ca   0x00000002   PAD
    0x0800d4cc   0x0800d4cc   0x0000004c   Code   RO         8804    i.USB_OTG_FlushRxFifo  usb_core.o
    0x0800d518   0x0800d518   0x00000054   Code   RO         8805    i.USB_OTG_FlushTxFifo  usb_core.o
    0x0800d56c   0x0800d56c   0x00000034   Code   RO         8806    i.USB_OTG_GetDeviceSpeed  usb_core.o
    0x0800d5a0   0x0800d5a0   0x0000000c   Code   RO         8808    i.USB_OTG_GetMode   usb_core.o
    0x0800d5ac   0x0800d5ac   0x00000018   Code   RO         8809    i.USB_OTG_InitDevSpeed  usb_core.o
    0x0800d5c4   0x0800d5c4   0x00000016   Code   RO         8810    i.USB_OTG_IsDeviceMode  usb_core.o
    0x0800d5da   0x0800d5da   0x00000010   Code   RO         8812    i.USB_OTG_ReadCoreItr  usb_core.o
    0x0800d5ea   0x0800d5ea   0x00000010   Code   RO         8813    i.USB_OTG_ReadDevAllInEPItr  usb_core.o
    0x0800d5fa   0x0800d5fa   0x00000010   Code   RO         8814    i.USB_OTG_ReadDevAllOutEp_itr  usb_core.o
    0x0800d60a   0x0800d60a   0x00000014   Code   RO         8815    i.USB_OTG_ReadDevOutEP_itr  usb_core.o
    0x0800d61e   0x0800d61e   0x00000028   Code   RO         8817    i.USB_OTG_ReadPacket  usb_core.o
    0x0800d646   0x0800d646   0x00000002   PAD
    0x0800d648   0x0800d648   0x000000d4   Code   RO         8818    i.USB_OTG_SelectCore  usb_core.o
    0x0800d71c   0x0800d71c   0x0000004e   Code   RO         8819    i.USB_OTG_SetCurrentMode  usb_core.o
    0x0800d76a   0x0800d76a   0x00000040   Code   RO         8823    i.USB_OTG_WritePacket  usb_core.o
    0x0800d7aa   0x0800d7aa   0x00000002   PAD
    0x0800d7ac   0x0800d7ac   0x000000a8   Code   RO         5502    i.Uart_Process      user.o
    0x0800d854   0x0800d854   0x00000004   Code   RO         5291    i.UsageFault_Handler  stm32f4xx_it.o
    0x0800d858   0x0800d858   0x0000001e   Code   RO         7264    i.Usart_SendByte    bsp_debug_usart.o
    0x0800d876   0x0800d876   0x00000032   Code   RO         7265    i.Usart_SendString  bsp_debug_usart.o
    0x0800d8a8   0x0800d8a8   0x00000448   Code   RO         5996    i.Use_DebugProcess  test.o
    0x0800dcf0   0x0800dcf0   0x00000658   Code   RO         5997    i.Use_SysSetProcess  test.o
    0x0800e348   0x0800e348   0x000000f8   Code   RO         5503    i.VRange_Changecomp  user.o
    0x0800e440   0x0800e440   0x00000094   Code   RO         5504    i.V_Comp            user.o
    0x0800e4d4   0x0800e4d4   0x00000030   Code   RO         5505    i.V_Datacov         user.o
    0x0800e504   0x0800e504   0x00000038   Code   RO         6730    i.V_I_Select_Configuration  gpio.o
    0x0800e53c   0x0800e53c   0x00000020   Code   RO         6731    i.V_I_amp           gpio.o
    0x0800e55c   0x0800e55c   0x0000001c   Code   RO         5506    i.V_Range_Control   user.o
    0x0800e578   0x0800e578   0x00000024   Code   RO         8584    i.Wait376Interrupt  filesys.o
    0x0800e59c   0x0800e59c   0x00000016   Code   RO         6284    i.WriteString_16    bsp_lcd.o
    0x0800e5b2   0x0800e5b2   0x00000002   PAD
    0x0800e5b4   0x0800e5b4   0x000000bc   Code   RO         6285    i.WriteString_Big   bsp_lcd.o
    0x0800e670   0x0800e670   0x00000020   Code   RO         9967    i.__0printf$6       mc_w.l(printf6.o)
    0x0800e690   0x0800e690   0x00000028   Code   RO         9969    i.__0sprintf$6      mc_w.l(printf6.o)
    0x0800e6b8   0x0800e6b8   0x00000030   Code   RO        10105    i.__ARM_fpclassify  m_wm.l(fpclassify.o)
    0x0800e6e8   0x0800e6e8   0x00000014   Code   RO         9767    i.__hardfp_fabs     m_wm.l(fabs.o)
    0x0800e6fc   0x0800e6fc   0x00000004   PAD
    0x0800e700   0x0800e700   0x00000c50   Code   RO         9773    i.__hardfp_pow      m_wm.l(pow.o)
    0x0800f350   0x0800f350   0x0000007a   Code   RO         9787    i.__hardfp_sqrt     m_wm.l(sqrt.o)
    0x0800f3ca   0x0800f3ca   0x000000f8   Code   RO        10107    i.__kernel_poly     m_wm.l(poly.o)
    0x0800f4c2   0x0800f4c2   0x00000006   PAD
    0x0800f4c8   0x0800f4c8   0x00000030   Code   RO        10091    i.__mathlib_dbl_divzero  m_wm.l(dunder.o)
    0x0800f4f8   0x0800f4f8   0x00000014   Code   RO        10093    i.__mathlib_dbl_infnan2  m_wm.l(dunder.o)
    0x0800f50c   0x0800f50c   0x00000004   PAD
    0x0800f510   0x0800f510   0x00000020   Code   RO        10094    i.__mathlib_dbl_invalid  m_wm.l(dunder.o)
    0x0800f530   0x0800f530   0x00000020   Code   RO        10095    i.__mathlib_dbl_overflow  m_wm.l(dunder.o)
    0x0800f550   0x0800f550   0x00000020   Code   RO        10097    i.__mathlib_dbl_underflow  m_wm.l(dunder.o)
    0x0800f570   0x0800f570   0x0000000e   Code   RO        10159    i.__scatterload_copy  mc_w.l(handlers.o)
    0x0800f57e   0x0800f57e   0x00000002   Code   RO        10160    i.__scatterload_null  mc_w.l(handlers.o)
    0x0800f580   0x0800f580   0x0000000e   Code   RO        10161    i.__scatterload_zeroinit  mc_w.l(handlers.o)
    0x0800f58e   0x0800f58e   0x00000002   PAD
    0x0800f590   0x0800f590   0x0000000c   Code   RO        10133    i.__set_errno       mc_w.l(errno.o)
    0x0800f59c   0x0800f59c   0x000002f0   Code   RO         9974    i._printf_core      mc_w.l(printf6.o)
    0x0800f88c   0x0800f88c   0x00000024   Code   RO         9975    i._printf_post_padding  mc_w.l(printf6.o)
    0x0800f8b0   0x0800f8b0   0x0000002e   Code   RO         9976    i._printf_pre_padding  mc_w.l(printf6.o)
    0x0800f8de   0x0800f8de   0x0000000a   Code   RO         9978    i._sputc            mc_w.l(printf6.o)
    0x0800f8e8   0x0800f8e8   0x0000004e   Code   RO         5508    i.bubble_sort_better  user.o
    0x0800f936   0x0800f936   0x0000000a   Code   RO         5400    i.delay             pbdata.o
    0x0800f940   0x0800f940   0x00000038   Code   RO         7384    i.delay_1ms         bsp_systick.o
    0x0800f978   0x0800f978   0x00000036   Code   RO         7385    i.delay_1us         bsp_systick.o
    0x0800f9ae   0x0800f9ae   0x0000000a   Code   RO         7386    i.delay_us          bsp_systick.o
    0x0800f9b8   0x0800f9b8   0x00000018   Code   RO         9769    i.fabs              m_wm.l(fabs.o)
    0x0800f9d0   0x0800f9d0   0x00000040   Code   RO         6288    i.findHzIndex_32    bsp_lcd.o
    0x0800fa10   0x0800fa10   0x00000024   Code   RO         7267    i.fputc             bsp_debug_usart.o
    0x0800fa34   0x0800fa34   0x00000268   Code   RO         5509    i.input_num         user.o
    0x0800fc9c   0x0800fc9c   0x00000298   Code   RO         5510    i.input_password    user.o
    0x0800ff34   0x0800ff34   0x00000064   Code   RO         6289    i.lcd_image         bsp_lcd.o
    0x0800ff98   0x0800ff98   0x00000094   Code   RO         5161    i.main              main.o
    0x0801002c   0x0801002c   0x000000c4   Code   RO         5513    i.read_adI_1        user.o
    0x080100f0   0x080100f0   0x000000c4   Code   RO         5514    i.read_adI_2        user.o
    0x080101b4   0x080101b4   0x000000bc   Code   RO         5515    i.read_adI_3        user.o
    0x08010270   0x08010270   0x000000bc   Code   RO         5516    i.read_adI_4        user.o
    0x0801032c   0x0801032c   0x0000003c   Code   RO         5517    i.read_adI_one      user.o
    0x08010368   0x08010368   0x000000d4   Code   RO         5518    i.read_adV_1        user.o
    0x0801043c   0x0801043c   0x000000d0   Code   RO         5519    i.read_adV_2        user.o
    0x0801050c   0x0801050c   0x000000d0   Code   RO         5520    i.read_adV_3        user.o
    0x080105dc   0x080105dc   0x000000d0   Code   RO         5521    i.read_adV_4        user.o
    0x080106ac   0x080106ac   0x0000003c   Code   RO         5522    i.read_adV_one      user.o
    0x080106e8   0x080106e8   0x00000050   Code   RO         6732    i.read_cpld         gpio.o
    0x08010738   0x08010738   0x00000048   Code   RO         6290    i.search_MSFont_Index  bsp_lcd.o
    0x08010780   0x08010780   0x00000034   Code   RO         5999    i.set_mid           test.o
    0x080107b4   0x080107b4   0x00000034   Code   RO         7644    i.set_xx            touch.o
    0x080107e8   0x080107e8   0x00000034   Code   RO         7645    i.set_yy            touch.o
    0x0801081c   0x0801081c   0x00000034   Code   RO         7646    i.set_yz            touch.o
    0x08010850   0x08010850   0x0000006e   Code   RO         9789    i.sqrt              m_wm.l(sqrt.o)
    0x080108be   0x080108be   0x00000002   PAD
    0x080108c0   0x080108c0   0x00000060   Code   RO         6003    i.udisk_scan        test.o
    0x08010920   0x08010920   0x0000000c   Code   RO         7779    i.xEndCH376Cmd      ch376.o
    0x0801092c   0x0801092c   0x00000014   Code   RO         7780    i.xReadCH376Data    ch376.o
    0x08010940   0x08010940   0x0000002c   Code   RO         7781    i.xWriteCH376Cmd    ch376.o
    0x0801096c   0x0801096c   0x00000012   Code   RO         7782    i.xWriteCH376Data   ch376.o
    0x0801097e   0x0801097e   0x00000002   PAD
    0x08010980   0x08010980   0x00000ca6   Data   RO         5523    .constdata          user.o
    0x08011626   0x08011626   0x00070a08   Data   RO         6005    .constdata          test.o
    0x0808202e   0x0808202e   0x0000dab2   Data   RO         6292    .constdata          bsp_lcd.o
    0x0808fae0   0x0808fae0   0x0000cd06   Data   RO         6989    .constdata          fonts.o
    0x0809c7e6   0x0809c7e6   0x00000002   PAD
    0x0809c7e8   0x0809c7e8   0x00000088   Data   RO         9776    .constdata          m_wm.l(pow.o)
    0x0809c870   0x0809c870   0x00000008   Data   RO        10109    .constdata          m_wm.l(qnan.o)
    0x0809c878   0x0809c878   0x00000020   Data   RO        10157    Region$$Table       anon$$obj.o


    Execution Region RW_IRAM1 (Exec base: 0x20000000, Load base: 0x0809c898, Size: 0x00007ff8, Max: 0x00030000, ABSOLUTE, COMPRESSED[0x00000150])

    Exec Addr    Load Addr    Size         Type   Attr      Idx    E Section Name        Object

    0x20000000   COMPRESSED   0x00000014   Data   RW           16    .data               system_stm32f4xx.o
    0x20000014   COMPRESSED   0x00000001   Data   RW         5292    .data               stm32f4xx_it.o
    0x20000015   COMPRESSED   0x00000003   PAD
    0x20000018   COMPRESSED   0x0000006a   Data   RW         5403    .data               pbdata.o
    0x20000082   COMPRESSED   0x00000002   PAD
    0x20000084   COMPRESSED   0x0000007d   Data   RW         5524    .data               user.o
    0x20000101   COMPRESSED   0x00000003   PAD
    0x20000104   COMPRESSED   0x00000014   Data   RW         6006    .data               test.o
    0x20000118   COMPRESSED   0x0000001c   Data   RW         6293    .data               bsp_lcd.o
    0x20000134   COMPRESSED   0x00000006   Data   RW         6912    .data               keyboard.o
    0x2000013a   COMPRESSED   0x00000002   PAD
    0x2000013c   COMPRESSED   0x00000029   Data   RW         6990    .data               fonts.o
    0x20000165   COMPRESSED   0x00000003   PAD
    0x20000168   COMPRESSED   0x00000004   Data   RW         7049    .data               bsp_spi_flash.o
    0x2000016c   COMPRESSED   0x00000004   Data   RW         7387    .data               bsp_systick.o
    0x20000170   COMPRESSED   0x0000003e   Data   RW         7649    .data               touch.o
    0x200001ae   COMPRESSED   0x00000002   PAD
    0x200001b0   COMPRESSED   0x00000004   Data   RW         7783    .data               ch376.o
    0x200001b4   COMPRESSED   0x00000018   Data   RW         7933    .data               bsp_sdio_sd.o
    0x200001cc   COMPRESSED   0x00000034   Data   RW         9242    .data               usbd_core.o
    0x20000200   COMPRESSED   0x0000000d   Data   RW         9415    .data               usbd_req.o
    0x2000020d   COMPRESSED   0x00000003   PAD
    0x20000210   COMPRESSED   0x0000003c   Data   RW         9577    .data               usbd_desc.o
    0x2000024c   COMPRESSED   0x00000087   Data   RW         9645    .data               usbd_hid_core.o
    0x200002d3   COMPRESSED   0x00000001   PAD
    0x200002d4   COMPRESSED   0x0000001c   Data   RW         9710    .data               usbd_usr.o
    0x200002f0   COMPRESSED   0x00000004   Data   RW        10124    .data               mc_w.l(stdout.o)
    0x200002f4   COMPRESSED   0x00000004   Data   RW        10134    .data               mc_w.l(errno.o)
    0x200002f8        -       0x00001533   Zero   RW         5401    .bss                pbdata.o
    0x2000182b   COMPRESSED   0x00000001   PAD
    0x2000182c        -       0x000026c8   Zero   RW         6004    .bss                test.o
    0x20003ef4        -       0x000000ff   Zero   RW         9414    .bss                usbd_req.o
    0x20003ff3   COMPRESSED   0x00000005   PAD
    0x20003ff8        -       0x00004000   Zero   RW            1    STACK               startup_stm32f429_439xx.o


==============================================================================

Image component sizes


      Code (inc. data)   RO Data    RW Data    ZI Data      Debug   Object Name

       326          8          0          0          0       1790   ad7706.o
       472         26          0          0          0       3700   bsp_basic_tim.o
        80         12          0          0          0       1053   bsp_beep.o
       136         10          0          0          0       2884   bsp_debug_usart.o
      4262        252      55986         28          0      32175   bsp_lcd.o
       342         32          0          0          0       2422   bsp_rtc.o
       228         18          0         24          0      11736   bsp_sdio_sd.o
      1272         30          0          0          0       3185   bsp_sdram.o
      1102        148          0          4          0       6823   bsp_spi_flash.o
       248         22          0          4          0      29913   bsp_systick.o
       596         46          0          4          0       5887   ch376.o
       240         22          0          0          0       2189   cpld.o
       114          6          0          0          0       2789   filesys.o
        68         14          0          0          0       1355   flash_eerom.o
         0          0      52486         41          0       2880   fonts.o
       678         58          0          0          0      12758   gpio.o
      1806         54          0          6          0       7871   keyboard.o
       148         18          0          0          0      15803   main.o
       140         24          0          0          0       1759   misc.o
        22          6          0        106       5427      14851   pbdata.o
        36          8        428          0      16384        972   startup_stm32f429_439xx.o
       392         24          0          0          0       6035   stm32f4xx_adc.o
       162         20          0          0          0       3277   stm32f4xx_dma.o
       294         20          0          0          0       3176   stm32f4xx_dma2d.o
       184         16          0          0          0       2384   stm32f4xx_exti.o
       452         20          0          0          0       3843   stm32f4xx_fmc.o
       240          0          0          0          0       3935   stm32f4xx_gpio.o
       492         64          0          1          0      52322   stm32f4xx_it.o
       742         26          0          0          0       4646   stm32f4xx_ltdc.o
        12          6          0          0          0        594   stm32f4xx_pwr.o
       400         72          0          0          0       7758   stm32f4xx_rcc.o
      1366        104          0          0          0      14092   stm32f4xx_rtc.o
        68         16          0          0          0       1892   stm32f4xx_sdio.o
       112          0          0          0          0       3902   stm32f4xx_spi.o
       552         48          0          0          0       7590   stm32f4xx_tim.o
        62          0          0          0          0       3345   stm32f4xx_usart.o
       392         32          0         20          0     369421   system_stm32f4xx.o
     11892       1130     461320         20       9928      47907   test.o
      3416        198          0         62          0      14742   touch.o
       332         22          0          0          0       4412   usb_bsp.o
      3542         18          0          0          0      21740   usb_core.o
       702          0          0          0          0       6779   usb_dcd.o
      2456         68          0          0          0      12566   usb_dcd_int.o
       820          6          0         52          0      11560   usbd_core.o
       344        168          0         60          0       5884   usbd_desc.o
       376         30          0        135          0       5483   usbd_hid_core.o
       178          0          0          0          0       3780   usbd_ioreq.o
      1830         60          0         13        255      10643   usbd_req.o
       112         12          0         28          0       3973   usbd_usr.o
     16426       1672       3238        125          0      90619   user.o

    ----------------------------------------------------------------------
     60738       4666     573492        752      32000     893095   Object Totals
         0          0         32          0          0          0   (incl. Generated)
        74          0          2         19          6          0   (incl. Padding)

    ----------------------------------------------------------------------

      Code (inc. data)   RO Data    RW Data    ZI Data      Debug   Library Member Name

       164         44          0          0          0        620   dunder.o
        44          0          0          0          0        248   fabs.o
        48          0          0          0          0        124   fpclassify.o
       248          0          0          0          0        152   poly.o
      3152        296        136          0          0        352   pow.o
         0          0          8          0          0          0   qnan.o
       232          0          0          0          0        296   sqrt.o
        86          0          0          0          0          0   __dczerorl2.o
         0          0          0          0          0          0   entry.o
         0          0          0          0          0          0   entry10a.o
         0          0          0          0          0          0   entry11a.o
         8          4          0          0          0          0   entry2.o
         4          0          0          0          0          0   entry5.o
         0          0          0          0          0          0   entry7b.o
         0          0          0          0          0          0   entry8b.o
         8          4          0          0          0          0   entry9a.o
        12          6          0          4          0         68   errno.o
        30          0          0          0          0          0   handlers.o
        36          8          0          0          0         68   init.o
         0          0          0          0          0          0   iusefp.o
        30          0          0          0          0         68   llshl.o
        36          0          0          0          0         68   llsshr.o
        32          0          0          0          0         68   llushr.o
        36          0          0          0          0         68   memcpya.o
       916         20          0          0          0        504   printf6.o
         0          0          0          4          0          0   stdout.o
        28          0          0          0          0         76   strcmp.o
        44          0          0          0          0         80   uidiv.o
        48          0          0          0          0         68   cdcmple.o
        48          0          0          0          0         68   cdrcmple.o
        56          0          0          0          0         88   d2f.o
       334          0          0          0          0        148   dadd.o
       222          0          0          0          0        100   ddiv.o
       186          0          0          0          0        176   depilogue.o
        50          0          0          0          0         76   dfixui.o
        34          0          0          0          0         76   dflti.o
        26          0          0          0          0         76   dfltui.o
       228          0          0          0          0         96   dmul.o
        46          0          0          0          0         80   dscalb.o
       162          0          0          0          0        100   dsqrt.o
        38          0          0          0          0         68   f2d.o
       110          0          0          0          0        168   fepilogue.o

    ----------------------------------------------------------------------
      6802        382        144          8          0       4248   Library Totals
        20          0          0          0          0          0   (incl. Padding)

    ----------------------------------------------------------------------

      Code (inc. data)   RO Data    RW Data    ZI Data      Debug   Library Name

      3888        340        144          0          0       1792   m_wm.l
      1306         42          0          8          0       1068   mc_w.l
      1588          0          0          0          0       1388   mf_w.l

    ----------------------------------------------------------------------
      6802        382        144          8          0       4248   Library Totals

    ----------------------------------------------------------------------

==============================================================================


      Code (inc. data)   RO Data    RW Data    ZI Data      Debug   

     67540       5048     573636        760      32000     851527   Grand Totals
     67540       5048     573636        336      32000     851527   ELF Image Totals (compressed)
     67540       5048     573636        336          0          0   ROM Totals

==============================================================================

    Total RO  Size (Code + RO Data)               641176 ( 626.15kB)
    Total RW  Size (RW Data + ZI Data)             32760 (  31.99kB)
    Total ROM Size (Code + RO Data + RW Data)     641512 ( 626.48kB)

==============================================================================

