Component: ARM Compiler 5.06 update 6 (build 750) Tool: armlink [4d35ed]

==============================================================================

Section Cross References

    startup_stm32f429_439xx.o(RESET) refers to startup_stm32f429_439xx.o(STACK) for __initial_sp
    startup_stm32f429_439xx.o(RESET) refers to startup_stm32f429_439xx.o(.text) for Reset_Handler
    startup_stm32f429_439xx.o(RESET) refers to stm32f4xx_it.o(i.NMI_Handler) for NMI_Handler
    startup_stm32f429_439xx.o(RESET) refers to stm32f4xx_it.o(i.HardFault_Handler) for HardFault_Handler
    startup_stm32f429_439xx.o(RESET) refers to stm32f4xx_it.o(i.MemManage_Handler) for MemManage_Handler
    startup_stm32f429_439xx.o(RESET) refers to stm32f4xx_it.o(i.BusFault_Handler) for BusFault_Handler
    startup_stm32f429_439xx.o(RESET) refers to stm32f4xx_it.o(i.UsageFault_Handler) for UsageFault_Handler
    startup_stm32f429_439xx.o(RESET) refers to stm32f4xx_it.o(i.SVC_Handler) for SVC_Handler
    startup_stm32f429_439xx.o(RESET) refers to stm32f4xx_it.o(i.DebugMon_Handler) for DebugMon_Handler
    startup_stm32f429_439xx.o(RESET) refers to stm32f4xx_it.o(i.PendSV_Handler) for PendSV_Handler
    startup_stm32f429_439xx.o(RESET) refers to stm32f4xx_it.o(i.SysTick_Handler) for SysTick_Handler
    startup_stm32f429_439xx.o(RESET) refers to bsp_rtc.o(i.RTC_WKUP_IRQHandler) for RTC_WKUP_IRQHandler
    startup_stm32f429_439xx.o(RESET) refers to stm32f4xx_it.o(i.EXTI3_IRQHandler) for EXTI3_IRQHandler
    startup_stm32f429_439xx.o(RESET) refers to stm32f4xx_it.o(i.USART3_IRQHandler) for USART3_IRQHandler
    startup_stm32f429_439xx.o(RESET) refers to bsp_sdio_sd.o(i.SDIO_IRQHandler) for SDIO_IRQHandler
    startup_stm32f429_439xx.o(RESET) refers to stm32f4xx_it.o(i.TIM6_DAC_IRQHandler) for TIM6_DAC_IRQHandler
    startup_stm32f429_439xx.o(RESET) refers to bsp_sdio_sd.o(i.DMA2_Stream3_IRQHandler) for DMA2_Stream3_IRQHandler
    startup_stm32f429_439xx.o(RESET) refers to stm32f4xx_it.o(i.OTG_FS_IRQHandler) for OTG_FS_IRQHandler
    startup_stm32f429_439xx.o(RESET) refers to usb_bsp.o(i.OTG_HS_EP1_OUT_IRQHandler) for OTG_HS_EP1_OUT_IRQHandler
    startup_stm32f429_439xx.o(RESET) refers to usb_bsp.o(i.OTG_HS_EP1_IN_IRQHandler) for OTG_HS_EP1_IN_IRQHandler
    startup_stm32f429_439xx.o(RESET) refers to usb_bsp.o(i.OTG_HS_IRQHandler) for OTG_HS_IRQHandler
    startup_stm32f429_439xx.o(.text) refers to system_stm32f4xx.o(i.SystemInit) for SystemInit
    startup_stm32f429_439xx.o(.text) refers to entry.o(.ARM.Collect$$$$00000000) for __main
    system_stm32f4xx.o(i.SystemCoreClockUpdate) refers to system_stm32f4xx.o(.data) for SystemCoreClock
    system_stm32f4xx.o(i.SystemInit) refers to system_stm32f4xx.o(i.SetSysClock) for SetSysClock
    stm32f4xx_adc.o(i.ADC_DeInit) refers to stm32f4xx_rcc.o(i.RCC_APB2PeriphResetCmd) for RCC_APB2PeriphResetCmd
    stm32f4xx_can.o(i.CAN_DeInit) refers to stm32f4xx_rcc.o(i.RCC_APB1PeriphResetCmd) for RCC_APB1PeriphResetCmd
    stm32f4xx_can.o(i.CAN_GetITStatus) refers to stm32f4xx_can.o(i.CheckITStatus) for CheckITStatus
    stm32f4xx_cryp.o(i.CRYP_DeInit) refers to stm32f4xx_rcc.o(i.RCC_AHB2PeriphResetCmd) for RCC_AHB2PeriphResetCmd
    stm32f4xx_cryp_aes.o(i.CRYP_AES_CBC) refers to stm32f4xx_cryp.o(i.CRYP_KeyStructInit) for CRYP_KeyStructInit
    stm32f4xx_cryp_aes.o(i.CRYP_AES_CBC) refers to stm32f4xx_cryp.o(i.CRYP_FIFOFlush) for CRYP_FIFOFlush
    stm32f4xx_cryp_aes.o(i.CRYP_AES_CBC) refers to stm32f4xx_cryp.o(i.CRYP_Init) for CRYP_Init
    stm32f4xx_cryp_aes.o(i.CRYP_AES_CBC) refers to stm32f4xx_cryp.o(i.CRYP_KeyInit) for CRYP_KeyInit
    stm32f4xx_cryp_aes.o(i.CRYP_AES_CBC) refers to stm32f4xx_cryp.o(i.CRYP_Cmd) for CRYP_Cmd
    stm32f4xx_cryp_aes.o(i.CRYP_AES_CBC) refers to stm32f4xx_cryp.o(i.CRYP_GetFlagStatus) for CRYP_GetFlagStatus
    stm32f4xx_cryp_aes.o(i.CRYP_AES_CBC) refers to stm32f4xx_cryp.o(i.CRYP_IVInit) for CRYP_IVInit
    stm32f4xx_cryp_aes.o(i.CRYP_AES_CBC) refers to stm32f4xx_cryp.o(i.CRYP_GetCmdStatus) for CRYP_GetCmdStatus
    stm32f4xx_cryp_aes.o(i.CRYP_AES_CBC) refers to stm32f4xx_cryp.o(i.CRYP_DataIn) for CRYP_DataIn
    stm32f4xx_cryp_aes.o(i.CRYP_AES_CBC) refers to stm32f4xx_cryp.o(i.CRYP_DataOut) for CRYP_DataOut
    stm32f4xx_cryp_aes.o(i.CRYP_AES_CCM) refers to stm32f4xx_cryp.o(i.CRYP_KeyStructInit) for CRYP_KeyStructInit
    stm32f4xx_cryp_aes.o(i.CRYP_AES_CCM) refers to stm32f4xx_cryp.o(i.CRYP_FIFOFlush) for CRYP_FIFOFlush
    stm32f4xx_cryp_aes.o(i.CRYP_AES_CCM) refers to stm32f4xx_cryp.o(i.CRYP_KeyInit) for CRYP_KeyInit
    stm32f4xx_cryp_aes.o(i.CRYP_AES_CCM) refers to stm32f4xx_cryp.o(i.CRYP_IVInit) for CRYP_IVInit
    stm32f4xx_cryp_aes.o(i.CRYP_AES_CCM) refers to stm32f4xx_cryp.o(i.CRYP_Init) for CRYP_Init
    stm32f4xx_cryp_aes.o(i.CRYP_AES_CCM) refers to stm32f4xx_cryp.o(i.CRYP_PhaseConfig) for CRYP_PhaseConfig
    stm32f4xx_cryp_aes.o(i.CRYP_AES_CCM) refers to stm32f4xx_cryp.o(i.CRYP_DataIn) for CRYP_DataIn
[...]
    __mathlib_dbl_infnan2                    0x08011841   Thumb Code    20  dunder.o(i.__mathlib_dbl_infnan2)
    __mathlib_dbl_invalid                    0x08011859   Thumb Code    24  dunder.o(i.__mathlib_dbl_invalid)
    __mathlib_dbl_overflow                   0x08011879   Thumb Code    24  dunder.o(i.__mathlib_dbl_overflow)
    __mathlib_dbl_underflow                  0x08011899   Thumb Code    24  dunder.o(i.__mathlib_dbl_underflow)
    __scatterload_copy                       0x080118b9   Thumb Code    14  handlers.o(i.__scatterload_copy)
    __scatterload_null                       0x080118c7   Thumb Code     2  handlers.o(i.__scatterload_null)
    __scatterload_zeroinit                   0x080118c9   Thumb Code    14  handlers.o(i.__scatterload_zeroinit)
    __set_errno                              0x080118d9   Thumb Code     6  errno.o(i.__set_errno)
    bubble_sort_better                       0x08011c31   Thumb Code    78  user.o(i.bubble_sort_better)
    delay                                    0x08011c7f   Thumb Code    10  pbdata.o(i.delay)
    delay_1ms                                0x08011c89   Thumb Code    56  bsp_systick.o(i.delay_1ms)
    delay_1us                                0x08011cc1   Thumb Code    54  bsp_systick.o(i.delay_1us)
    delay_us                                 0x08011cf7   Thumb Code    10  bsp_systick.o(i.delay_us)
    fabs                                     0x08011d01   Thumb Code    24  fabs.o(i.fabs)
    fputc                                    0x08011d19   Thumb Code    32  bsp_debug_usart.o(i.fputc)
    input_num                                0x08011d3d   Thumb Code   576  user.o(i.input_num)
    input_password                           0x08011fa5   Thumb Code   612  user.o(i.input_password)
    lcd_image                                0x0801223d   Thumb Code    90  bsp_lcd.o(i.lcd_image)
    main                                     0x080122a1   Thumb Code   160  main.o(i.main)
    read_adI_1                               0x08012351   Thumb Code   170  user.o(i.read_adI_1)
    read_adI_2                               0x08012415   Thumb Code   170  user.o(i.read_adI_2)
    read_adI_3                               0x080124d9   Thumb Code   164  user.o(i.read_adI_3)
    read_adI_4                               0x08012595   Thumb Code   164  user.o(i.read_adI_4)
    read_adI_one                             0x08012651   Thumb Code    52  user.o(i.read_adI_one)
    read_adV_1                               0x0801268d   Thumb Code   184  user.o(i.read_adV_1)
    read_adV_one                             0x0801275d   Thumb Code    52  user.o(i.read_adV_one)
    read_cpld                                0x08012799   Thumb Code    72  gpio.o(i.read_cpld)
    search_MSFont_Index                      0x080127e9   Thumb Code    68  bsp_lcd.o(i.search_MSFont_Index)
    sqrt                                     0x08012865   Thumb Code   110  sqrt.o(i.sqrt)
    udisk_scan                               0x080128d5   Thumb Code    88  test.o(i.udisk_scan)
    xEndCH376Cmd                             0x08012935   Thumb Code     8  ch376.o(i.xEndCH376Cmd)
    xReadCH376Data                           0x08012941   Thumb Code    20  ch376.o(i.xReadCH376Data)
    xWriteCH376Cmd                           0x08012955   Thumb Code    40  ch376.o(i.xWriteCH376Cmd)
    xWriteCH376Data                          0x08012981   Thumb Code    18  ch376.o(i.xWriteCH376Data)
    Port_Select                              0x08012994   Data        1024  user.o(.constdata)
    User_Check_main                          0x08012d94   Data          39  user.o(.constdata)
    User_Check_Item                          0x08012dbb   Data          78  user.o(.constdata)
    Test_Setitem                             0x08012e09   Data          60  user.o(.constdata)
    Test_Setitem_E                           0x08012e45   Data          60  user.o(.constdata)
    All_TopName                              0x08012e81   Data         264  user.o(.constdata)
    All_TopName_E                            0x08012f89   Data         242  user.o(.constdata)
    Set_testitem                             0x0801307b   Data         180  user.o(.constdata)
    Set_testitem_E                           0x0801312f   Data         180  user.o(.constdata)
    Test_Tirpvalue                           0x080131e3   Data          14  user.o(.constdata)
    Test_Tirpvalue_E                         0x080131f1   Data          14  user.o(.constdata)
    Test_Speedvalue                          0x080131ff   Data          28  user.o(.constdata)
    Test_Speedvalue_E                        0x0801321b   Data          28  user.o(.constdata)
    Test_Compvalue                           0x08013237   Data          14  user.o(.constdata)
    Test_Compvalue_E                         0x08013245   Data          14  user.o(.constdata)
    Setup_Beep                               0x08013253   Data          21  user.o(.constdata)
    Setup_Beep_E                             0x08013268   Data          21  user.o(.constdata)
    INPUT                                    0x0801327d   Data           7  user.o(.constdata)
    INPUT_E                                  0x08013284   Data           7  user.o(.constdata)
    User_Range                               0x0801328b   Data          88  user.o(.constdata)
    User_Range_E                             0x080132e3   Data          88  user.o(.constdata)
    DISP_UINT                                0x0801333b   Data          12  user.o(.constdata)
    User_Rangeset                            0x08013347   Data          55  user.o(.constdata)
    Sys_Setitem                              0x0801337e   Data          88  user.o(.constdata)
    HIS_TOP                                  0x080133d6   Data          44  user.o(.constdata)
    Sys_Setitem_E                            0x08013402   Data          88  user.o(.constdata)
    Sys_Buard_Value                          0x0801345a   Data          56  user.o(.constdata)
    Sys_Language_Value                       0x08013492   Data          16  user.o(.constdata)
    Sys_Language_Button                      0x080134a2   Data          16  user.o(.constdata)
    BiasButton_Tip                           0x080134b2   Data          16  user.o(.constdata)
    Sys_Sys                                  0x080134c2   Data          84  user.o(.constdata)
    Sys_Sys_E                                0x08013516   Data          84  user.o(.constdata)
    Range_Disp_Test                          0x0801356a   Data         168  user.o(.constdata)
    RANG_4094                                0x08013612   Data           8  user.o(.constdata)
    POW_NUM                                  0x0801361a   Data           8  user.o(.constdata)
    RANGE_RATE                               0x08013624   Data          20  user.o(.constdata)
    SystemLimit                              0x08013638   Data          16  user.o(.constdata)
    SystemLimitDot                           0x08013648   Data          10  user.o(.constdata)
    ParameterLimit                           0x08013652   Data          12  user.o(.constdata)
    Debug_Limit                              0x08013660   Data           8  user.o(.constdata)
    send_dot                                 0x08013668   Data          11  user.o(.constdata)
    Send_uint                                0x08013673   Data          11  user.o(.constdata)
    Test_Uint                                0x0801367e   Data          16  user.o(.constdata)
    gImage_open                              0x0801368e   Data       460808  test.o(.constdata)
    s_CRCLo                                  0x08083f96   Data         256  test.o(.constdata)
    GB_21                                    0x08084096   Data        7930  bsp_lcd.o(.constdata)
    GB_16                                    0x08085f90   Data        5780  bsp_lcd.o(.constdata)
    GB_24                                    0x08087624   Data        7548  bsp_lcd.o(.constdata)
    GB_32                                    0x080893a0   Data       15340  bsp_lcd.o(.constdata)
    MS24x23                                  0x0808cf8c   Data       20942  bsp_lcd.o(.constdata)
    ASCII16x24_Table                         0x0809215a   Data        4560  fonts.o(.constdata)
    Out_1224                                 0x0809332a   Data         624  fonts.o(.constdata)
    Out_Assic                                0x0809359a   Data        7720  fonts.o(.constdata)
    _num                                     0x080953c2   Data        2944  fonts.o(.constdata)
    ASCII12x12_Table                         0x08095f42   Data        2304  fonts.o(.constdata)
    ASCII8x12_Table                          0x08096842   Data        2304  fonts.o(.constdata)
    ASCII8x8_Table                           0x08097142   Data        1536  fonts.o(.constdata)
    nBitmapDot                               0x08097d32   Data         128  fonts.o(.constdata)
    Channel_16x32_Table                      0x08097db2   Data       12160  fonts.o(.constdata)
    Channel_16x24_Table                      0x0809ad32   Data        9120  fonts.o(.constdata)
    Channel_97x48_Table                      0x0809d0d2   Data        7566  fonts.o(.constdata)
    __mathlib_zero                           0x0809eee8   Data           8  qnan.o(.constdata)
    Region$$Table$$Base                      0x0809eef0   Number         0  anon$$obj.o(Region$$Table)
    Region$$Table$$Limit                     0x0809ef10   Number         0  anon$$obj.o(Region$$Table)
    SystemCoreClock                          0x20000000   Data           4  system_stm32f4xx.o(.data)
    AHBPrescTable                            0x20000004   Data          16  system_stm32f4xx.o(.data)
    Key_Up_flag                              0x20000018   Data           1  pbdata.o(.data)
    Touch_Up_flag                            0x20000019   Data           1  pbdata.o(.data)
    Touch_Item                               0x2000001a   Data           1  pbdata.o(.data)
    Readfirst_cpld                           0x2000001b   Data           1  pbdata.o(.data)
    Readsecond_cpld                          0x2000001c   Data           1  pbdata.o(.data)
    polarity_v                               0x2000001d   Data           1  pbdata.o(.data)
    polarity_r                               0x2000001e   Data           1  pbdata.o(.data)
    F_Fail                                   0x2000001f   Data           1  pbdata.o(.data)
    F_100ms                                  0x20000020   Data           1  pbdata.o(.data)
    F_Password                               0x20000021   Data           1  pbdata.o(.data)
    SystemStatus                             0x20000022   Data           1  pbdata.o(.data)
    SystemMessage                            0x20000023   Data           1  pbdata.o(.data)
    MenuIndex                                0x20000024   Data           1  pbdata.o(.data)
    Range                                    0x20000025   Data           1  pbdata.o(.data)
    V_Range                                  0x20000026   Data           1  pbdata.o(.data)
    ffit_data1                               0x20000027   Data           1  pbdata.o(.data)
    count_ffit                               0x20000028   Data           2  pbdata.o(.data)
    Ad_over                                  0x2000002a   Data           1  pbdata.o(.data)
    Relay_c                                  0x2000002b   Data           1  pbdata.o(.data)
    softswitch                               0x2000002c   Data           1  pbdata.o(.data)
    Voltage                                  0x20000030   Data           4  pbdata.o(.data)
    Test_Time                                0x20000034   Data           4  pbdata.o(.data)
    Resistance                               0x20000038   Data           4  pbdata.o(.data)
    System                                   0x2000003c   Data           8  pbdata.o(.data)
    USB_Openflag                             0x20000044   Data           1  pbdata.o(.data)
    Disp_usbflag                             0x20000045   Data           1  pbdata.o(.data)
    Disp_RTCflag                             0x20000046   Data           1  pbdata.o(.data)
    dt                                       0x20000047   Data           1  pbdata.o(.data)
    SoftTimer                                0x20000048   Data           2  pbdata.o(.data)
    range_over                               0x2000004a   Data           1  pbdata.o(.data)
    V_ad                                     0x2000004c   Data           4  pbdata.o(.data)
    I_ad                                     0x20000050   Data           4  pbdata.o(.data)
    POINT_COLOR                              0x20000054   Data           4  pbdata.o(.data)
    disp_I                                   0x20000058   Data           4  pbdata.o(.data)
    disp_V                                   0x2000005c   Data           4  pbdata.o(.data)
    Ad_value                                 0x20000060   Data           4  pbdata.o(.data)
    debug_flag                               0x20000064   Data           1  pbdata.o(.data)
    test_start                               0x20000065   Data           1  pbdata.o(.data)
    Set_flag                                 0x20000066   Data           1  pbdata.o(.data)
    Range_value                              0x20000068   Data           4  pbdata.o(.data)
    Range_Value_V                            0x2000006c   Data           4  pbdata.o(.data)
    g_LcdDirection                           0x20000070   Data           4  pbdata.o(.data)
    open_flag                                0x20000074   Data           1  pbdata.o(.data)
    touch_value                              0x20000075   Data           1  pbdata.o(.data)
    RangeChange_Flag                         0x20000076   Data           1  pbdata.o(.data)
    Int_Pe3flag                              0x20000077   Data           1  pbdata.o(.data)
    last_R_disp                              0x20000078   Data           4  pbdata.o(.data)
    last_V_disp                              0x2000007c   Data           4  pbdata.o(.data)
    cpld_buff                                0x20000080   Data           2  pbdata.o(.data)
    usbreadtime                              0x20000084   Data           8  user.o(.data)
    DispBuf                                  0x2000008c   Data           8  user.o(.data)
    Debug_Compvalue                          0x20000094   Data          48  user.o(.data)
    Debug_Compvaluemind                      0x200000c4   Data          32  user.o(.data)
    Test_Value                               0x200000e4   Data           8  user.o(.data)
    Test_Value_V                             0x200000ec   Data           8  user.o(.data)
    Pga_value2                               0x200000f4   Data           7  user.o(.data)
    Pga_value                                0x200000fb   Data           8  user.o(.data)
    Debug_Dot                                0x20000103   Data           6  user.o(.data)
    U15_4094                                 0x2000010c   Data           1  test.o(.data)
    U16_4094                                 0x2000010d   Data           1  test.o(.data)
    result                                   0x2000010e   Data           1  test.o(.data)
    fileflag                                 0x2000010f   Data           1  test.o(.data)
    usbstatus                                0x20000110   Data           1  test.o(.data)
    powerstat                                0x20000111   Data           1  test.o(.data)
    sdstatus                                 0x20000112   Data           1  test.o(.data)
    holdflag                                 0x20000113   Data           1  test.o(.data)
    foldernum                                0x20000114   Data           2  test.o(.data)
    hispage                                  0x20000116   Data           2  test.o(.data)
    hispagestart                             0x20000118   Data           2  test.o(.data)
    hispageend                               0x2000011a   Data           2  test.o(.data)
    hiscursor                                0x2000011c   Data           2  test.o(.data)
    recordflag                               0x2000011e   Data           1  test.o(.data)
    sdcount                                  0x2000011f   Data           1  test.o(.data)
    indexflag                                0x20000120   Data           1  test.o(.data)
    Colour                                   0x20000134   Data           8  bsp_lcd.o(.data)
    Keyboard                                 0x20000150   Data           3  keyboard.o(.data)
    Font16x24                                0x20000158   Data           8  fonts.o(.data)
    Font12x12                                0x20000160   Data           8  fonts.o(.data)
    Font8x12                                 0x20000168   Data           8  fonts.o(.data)
    Font8x8                                  0x20000170   Data           8  fonts.o(.data)
    FontC_16x32                              0x20000178   Data           8  fonts.o(.data)
    StopCondition                            0x20000194   Data           4  bsp_sdio_sd.o(.data)
    TransferError                            0x20000198   Data           1  bsp_sdio_sd.o(.data)
    TransferEnd                              0x2000019c   Data           4  bsp_sdio_sd.o(.data)
    DMAEndOfTransfer                         0x200001a0   Data           4  bsp_sdio_sd.o(.data)
    SET_TEST_MODE                            0x200001a4   Data           4  usbd_core.o(.data)
    USBD_DCD_INT_cb                          0x200001a8   Data          44  usbd_core.o(.data)
    USBD_DCD_INT_fops                        0x200001d4   Data           4  usbd_core.o(.data)
    USBD_ep_status                           0x200001d8   Data           4  usbd_req.o(.data)
    USBD_default_cfg                         0x200001dc   Data           4  usbd_req.o(.data)
    USBD_cfg_status                          0x200001e0   Data           4  usbd_req.o(.data)
    USR_desc                                 0x200001e8   Data          28  usbd_desc.o(.data)
    USBD_DeviceDesc                          0x20000204   Data          18  usbd_desc.o(.data)
    USBD_DeviceQualifierDesc                 0x20000216   Data          10  usbd_desc.o(.data)
    USBD_LangIDDesc                          0x20000220   Data           4  usbd_desc.o(.data)
    USBD_HID_cb                              0x20000224   Data          48  usbd_hid_core.o(.data)
    UsbHidReceiveComplete                    0x200002aa   Data           1  usbd_hid_core.o(.data)
    USR_cb                                   0x200002ac   Data          28  usbd_usr.o(.data)
    __stdout                                 0x200002c8   Data           4  stdout.o(.data)
    Send_ComBuff                             0x200002d0   Data          21  pbdata.o(.bss)
    Send_To_U                                0x200002e5   Data          64  pbdata.o(.bss)
    Rev_Combuff                              0x20000325   Data          42  pbdata.o(.bss)
    scan_V                                   0x20000350   Data         520  pbdata.o(.bss)
    scan_I                                   0x20000558   Data        2000  pbdata.o(.bss)
    Savedata_2516                            0x20000d28   Data         112  pbdata.o(.bss)
    NumBox                                   0x20000d98   Data          12  pbdata.o(.bss)
    Test_value                               0x20000da4   Data          16  pbdata.o(.bss)
    Float                                    0x20000db4   Data          12  pbdata.o(.bss)
    SaveData                                 0x20000dc0   Data          54  pbdata.o(.bss)
    Calibrate                                0x20000df6   Data          40  pbdata.o(.bss)
    Res_count                                0x20000e20   Data          16  pbdata.o(.bss)
    Jk516save                                0x20000e30   Data         260  pbdata.o(.bss)
    Jk516cal                                 0x20000f34   Data          48  pbdata.o(.bss)
    ComBuf                                   0x20000f64   Data          80  pbdata.o(.bss)
    i_buff                                   0x20000fb4   Data          48  pbdata.o(.bss)
    fit_i_buff                               0x20000fe4   Data        1020  pbdata.o(.bss)
    fit_v_buff                               0x200013e0   Data        1020  pbdata.o(.bss)
    debug_buff                               0x200017dc   Data          55  pbdata.o(.bss)
    fs                                       0x20001814   Data        4144  test.o(.bss)
    file                                     0x20002844   Data        4132  test.o(.bss)
    usbbuf                                   0x20003868   Data          64  test.o(.bss)
    send_usbbuf                              0x200038a8   Data          64  test.o(.bss)
    indexname                                0x200038e8   Data          20  test.o(.bss)
    USB_OTG_dev                              0x200038fc   Data        1524  test.o(.bss)
    SDSAVE                                   0x20003ef0   Data         512  test.o(.bss)
    BlockNum                                 0x200040f0   Data         512  test.o(.bss)
    HisIndex                                 0x200042f0   Data         512  test.o(.bss)
    SDCardInfo                               0x20004520   Data          88  bsp_sdio_sd.o(.bss)
    SDIO_InitStructure                       0x20004578   Data          24  bsp_sdio_sd.o(.bss)
    SDIO_CmdInitStructure                    0x20004590   Data          20  bsp_sdio_sd.o(.bss)
    SDIO_DataInitStructure                   0x200045a4   Data          24  bsp_sdio_sd.o(.bss)
    USBD_StrDesc                             0x200045bc   Data         255  usbd_req.o(.bss)
    __initial_sp                             0x200086c0   Data           0  startup_stm32f429_439xx.o(STACK)



==============================================================================

Memory Map of the image

  Image Entry point : 0x080001ad

  Load Region LR_IROM1 (Base: 0x08000000, Size: 0x0009f1e0, Max: 0x00100000, ABSOLUTE, COMPRESSED[0x0009f048])

    Execution Region ER_IROM1 (Exec base: 0x08000000, Load base: 0x08000000, Size: 0x0009ef10, Max: 0x00100000, ABSOLUTE)

    Exec Addr    Load Addr    Size         Type   Attr      Idx    E Section Name        Object

    0x08000000   0x08000000   0x000001ac   Data   RO            3    RESET               startup_stm32f429_439xx.o
    0x080001ac   0x080001ac   0x00000000   Code   RO         9666  * .ARM.Collect$$$$00000000  mc_w.l(entry.o)
    0x080001ac   0x080001ac   0x00000004   Code   RO         9981    .ARM.Collect$$$$00000001  mc_w.l(entry2.o)
    0x080001b0   0x080001b0   0x00000004   Code   RO         9984    .ARM.Collect$$$$00000004  mc_w.l(entry5.o)
    0x080001b4   0x080001b4   0x00000000   Code   RO         9986    .ARM.Collect$$$$00000008  mc_w.l(entry7b.o)
    0x080001b4   0x080001b4   0x00000000   Code   RO         9988    .ARM.Collect$$$$0000000A  mc_w.l(entry8b.o)
    0x080001b4   0x080001b4   0x00000008   Code   RO         9989    .ARM.Collect$$$$0000000B  mc_w.l(entry9a.o)
    0x080001bc   0x080001bc   0x00000000   Code   RO         9991    .ARM.Collect$$$$0000000D  mc_w.l(entry10a.o)
    0x080001bc   0x080001bc   0x00000000   Code   RO         9993    .ARM.Collect$$$$0000000F  mc_w.l(entry11a.o)
    0x080001bc   0x080001bc   0x00000004   Code   RO         9982    .ARM.Collect$$$$00002712  mc_w.l(entry2.o)
    0x080001c0   0x080001c0   0x00000024   Code   RO            4    .text               startup_stm32f429_439xx.o
    0x080001e4   0x080001e4   0x00000062   Code   RO         9669    .text               mc_w.l(uldiv.o)
    0x08000246   0x08000246   0x00000024   Code   RO         9671    .text               mc_w.l(memcpya.o)
    0x0800026a   0x0800026a   0x00000024   Code   RO         9673    .text               mc_w.l(memseta.o)
    0x0800028e   0x0800028e   0x00000018   Code   RO         9675    .text               mc_w.l(strcat.o)
    0x080002a6   0x080002a6   0x0000001c   Code   RO         9677    .text               mc_w.l(strcmp.o)
    0x080002c2   0x080002c2   0x00000012   Code   RO         9679    .text               mc_w.l(strcpy.o)
    0x080002d4   0x080002d4   0x000000e4   Code   RO         9944    .text               mf_w.l(dmul.o)
    0x080003b8   0x080003b8   0x000000de   Code   RO         9946    .text               mf_w.l(ddiv.o)
    0x08000496   0x08000496   0x00000022   Code   RO         9948    .text               mf_w.l(dflti.o)
    0x080004b8   0x080004b8   0x0000001a   Code   RO         9950    .text               mf_w.l(dfltui.o)
    0x080004d2   0x080004d2   0x00000026   Code   RO         9954    .text               mf_w.l(f2d.o)
    0x080004f8   0x080004f8   0x00000030   Code   RO         9956    .text               mf_w.l(cdcmple.o)
    0x08000528   0x08000528   0x00000030   Code   RO         9958    .text               mf_w.l(cdrcmple.o)
    0x08000558   0x08000558   0x00000038   Code   RO         9960    .text               mf_w.l(d2f.o)
    0x08000590   0x08000590   0x0000002c   Code   RO         9996    .text               mc_w.l(uidiv.o)
    0x080005bc   0x080005bc   0x0000001e   Code   RO         9998    .text               mc_w.l(llshl.o)
    0x080005da   0x080005da   0x00000020   Code   RO        10000    .text               mc_w.l(llushr.o)
    0x080005fa   0x080005fa   0x00000000   Code   RO        10009    .text               mc_w.l(iusefp.o)
    0x080005fa   0x080005fa   0x0000006e   Code   RO        10010    .text               mf_w.l(fepilogue.o)
    0x08000668   0x08000668   0x000000ba   Code   RO        10012    .text               mf_w.l(depilogue.o)
    0x08000722   0x08000722   0x0000014e   Code   RO        10014    .text               mf_w.l(dadd.o)
    0x08000870   0x08000870   0x0000002e   Code   RO        10018    .text               mf_w.l(dscalb.o)
    0x0800089e   0x0800089e   0x000000a2   Code   RO        10020    .text               mf_w.l(dsqrt.o)
    0x08000940   0x08000940   0x00000024   Code   RO        10024    .text               mc_w.l(init.o)
    0x08000964   0x08000964   0x00000024   Code   RO        10026    .text               mc_w.l(llsshr.o)
    0x08000988   0x08000988   0x00000056   Code   RO        10036    .text               mc_w.l(__dczerorl2.o)
    0x080009de   0x080009de   0x00000002   PAD
    0x080009e0   0x080009e0   0x00000010   Code   RO         6798    i.Ads1251_Int       ad7706.o
    0x080009f0   0x080009f0   0x00000002   Code   RO         6834    i.All_LedOff        gpio.o
    0x080009f2   0x080009f2   0x0000000c   Code   RO         5988    i.BEBufToUint16     test.o
    0x080009fe   0x080009fe   0x00000002   PAD
    0x08000a00   0x08000a00   0x00000030   Code   RO         7979    i.Beep_GPIO_Config  bsp_beep.o
    0x08000a30   0x08000a30   0x00000002   Code   RO         6835    i.Beep_Off          gpio.o
    0x08000a32   0x08000a32   0x00000002   Code   RO         6836    i.Beep_On           gpio.o
    0x08000a34   0x08000a34   0x0000005c   Code   RO         5441    i.Beep_Out          user.o
    0x08000a90   0x08000a90   0x00000004   Code   RO         5279    i.BusFault_Handler  stm32f4xx_it.o
    0x08000a94   0x08000a94   0x00000020   Code   RO         7980    i.ButtonSound       bsp_beep.o
    0x08000ab4   0x08000ab4   0x0000001a   Code   RO         5989    i.CAL_ERASE         test.o
    0x08000ace   0x08000ace   0x00000030   Code   RO         8415    i.CH376ByteLocate   filesys.o
    0x08000afe   0x08000afe   0x00000058   Code   RO         8417    i.CH376ByteWrite    filesys.o
    0x08000b56   0x08000b56   0x00000014   Code   RO         8422    i.CH376DiskConnect  filesys.o
    0x08000b6a   0x08000b6a   0x0000000a   Code   RO         8423    i.CH376DiskMount    filesys.o
    0x08000b74   0x08000b74   0x0000000e   Code   RO         8427    i.CH376FileClose    filesys.o
    0x08000b82   0x08000b82   0x00000014   Code   RO         8428    i.CH376FileCreate   filesys.o
    0x08000b96   0x08000b96   0x00000038   Code   RO         8429    i.CH376FileCreatePath  filesys.o
    0x08000bce   0x08000bce   0x00000026   Code   RO         8431    i.CH376FileOpen     filesys.o
    0x08000bf4   0x08000bf4   0x00000064   Code   RO         8432    i.CH376FileOpenDir  filesys.o
    0x08000c58   0x08000c58   0x0000000e   Code   RO         8433    i.CH376FileOpenPath  filesys.o
    0x08000c66   0x08000c66   0x0000001c   Code   RO         8436    i.CH376GetIntStatus  filesys.o
    0x08000c82   0x08000c82   0x00000030   Code   RO         8437    i.CH376Read32bitDat  filesys.o
    0x08000cb2   0x08000cb2   0x00000016   Code   RO         8439    i.CH376ReadVar32    filesys.o
    0x08000cc8   0x08000cc8   0x0000001e   Code   RO         8440    i.CH376ReadVar8     filesys.o
    0x08000ce6   0x08000ce6   0x0000001c   Code   RO         8442    i.CH376SendCmdDatWaitInt  filesys.o
    0x08000d02   0x08000d02   0x00000014   Code   RO         8443    i.CH376SendCmdWaitInt  filesys.o
    0x08000d16   0x08000d16   0x0000002e   Code   RO         8444    i.CH376SeparatePath  filesys.o
    0x08000d44   0x08000d44   0x0000009c   Code   RO         8445    i.CH376SetFileName  filesys.o
    0x08000de0   0x08000de0   0x0000002e   Code   RO         8448    i.CH376WriteReqBlock  filesys.o
    0x08000e0e   0x08000e0e   0x00000034   Code   RO         8449    i.CH376WriteVar32   filesys.o
    0x08000e42   0x08000e42   0x00000002   PAD
    0x08000e44   0x08000e44   0x000000f4   Code   RO         7891    i.CH376_GPIO_Init   ch376.o
    0x08000f38   0x08000f38   0x00000068   Code   RO         7607    i.CPLD_GPIO_Configuration  cpld.o
    0x08000fa0   0x08000fa0   0x00000038   Code   RO         5990    i.CRC16             test.o
    0x08000fd8   0x08000fd8   0x00000034   Code   RO         6837    i.Channel_Configuration  gpio.o
    0x0800100c   0x0800100c   0x000000fc   Code   RO         5991    i.Clear_Process     test.o
    0x08001108   0x08001108   0x00000002   Code   RO         6838    i.Close_Compled     gpio.o
    0x0800110a   0x0800110a   0x0000002c   Code   RO         8009    i.CmdError          bsp_sdio_sd.o
    0x08001136   0x08001136   0x00000002   PAD
    0x08001138   0x08001138   0x00000134   Code   RO         8010    i.CmdResp1Error     bsp_sdio_sd.o
    0x0800126c   0x0800126c   0x0000004c   Code   RO         8011    i.CmdResp2Error     bsp_sdio_sd.o
    0x080012b8   0x080012b8   0x00000038   Code   RO         8012    i.CmdResp3Error     bsp_sdio_sd.o
    0x080012f0   0x080012f0   0x0000009c   Code   RO         8013    i.CmdResp6Error     bsp_sdio_sd.o
    0x0800138c   0x0800138c   0x0000004c   Code   RO         8014    i.CmdResp7Error     bsp_sdio_sd.o
    0x080013d8   0x080013d8   0x00000164   Code   RO         5444    i.ComToSave         user.o
    0x0800153c   0x0800153c   0x0000004a   Code   RO         8889    i.DCD_EP_Close      usb_dcd.o
    0x08001586   0x08001586   0x00000048   Code   RO         8890    i.DCD_EP_ClrStall   usb_dcd.o
    0x080015ce   0x080015ce   0x00000024   Code   RO         8891    i.DCD_EP_Flush      usb_dcd.o
    0x080015f2   0x080015f2   0x00000068   Code   RO         8892    i.DCD_EP_Open       usb_dcd.o
    0x0800165a   0x0800165a   0x00000052   Code   RO         8893    i.DCD_EP_PrepareRx  usb_dcd.o
    0x080016ac   0x080016ac   0x0000001c   Code   RO         8894    i.DCD_EP_SetAddress  usb_dcd.o
    0x080016c8   0x080016c8   0x00000048   Code   RO         8895    i.DCD_EP_Stall      usb_dcd.o
    0x08001710   0x08001710   0x0000004e   Code   RO         8896    i.DCD_EP_Tx         usb_dcd.o
    0x0800175e   0x0800175e   0x00000066   Code   RO         8983    i.DCD_HandleEnumDone_ISR  usb_dcd_int.o
    0x080017c4   0x080017c4   0x00000144   Code   RO         8984    i.DCD_HandleInEP_ISR  usb_dcd_int.o
    0x08001908   0x08001908   0x00000100   Code   RO         8985    i.DCD_HandleOutEP_ISR  usb_dcd_int.o
    0x08001a08   0x08001a08   0x00000068   Code   RO         8986    i.DCD_HandleResume_ISR  usb_dcd_int.o
    0x08001a70   0x08001a70   0x000000b0   Code   RO         8987    i.DCD_HandleRxStatusQueueLevel_ISR  usb_dcd_int.o
    0x08001b20   0x08001b20   0x0000002c   Code   RO         8988    i.DCD_HandleSof_ISR  usb_dcd_int.o
    0x08001b4c   0x08001b4c   0x000000a8   Code   RO         8989    i.DCD_HandleUSBSuspend_ISR  usb_dcd_int.o
    0x08001bf4   0x08001bf4   0x00000110   Code   RO         8990    i.DCD_HandleUsbReset_ISR  usb_dcd_int.o
    0x08001d04   0x08001d04   0x0000009c   Code   RO         8898    i.DCD_Init          usb_dcd.o
    0x08001da0   0x08001da0   0x0000002c   Code   RO         8991    i.DCD_IsoINIncomplete_ISR  usb_dcd_int.o
    0x08001dcc   0x08001dcc   0x0000002c   Code   RO         8992    i.DCD_IsoOUTIncomplete_ISR  usb_dcd_int.o
    0x08001df8   0x08001df8   0x0000002c   Code   RO         8993    i.DCD_OTG_ISR       usb_dcd_int.o
    0x08001e24   0x08001e24   0x00000028   Code   RO         8994    i.DCD_ReadDevInEP   usb_dcd_int.o
    0x08001e4c   0x08001e4c   0x0000002c   Code   RO         8995    i.DCD_SessionRequest_ISR  usb_dcd_int.o
    0x08001e78   0x08001e78   0x000000ae   Code   RO         8996    i.DCD_WriteEmptyTxFifo  usb_dcd_int.o
    0x08001f26   0x08001f26   0x00000016   Code   RO         1358    i.DMA2D_DeInit      stm32f4xx_dma2d.o
    0x08001f3c   0x08001f3c   0x00000018   Code   RO         1363    i.DMA2D_GetFlagStatus  stm32f4xx_dma2d.o
    0x08001f54   0x08001f54   0x000000e4   Code   RO         1366    i.DMA2D_Init        stm32f4xx_dma2d.o
    0x08002038   0x08002038   0x00000014   Code   RO         1368    i.DMA2D_StartTransfer  stm32f4xx_dma2d.o
    0x0800204c   0x0800204c   0x00000008   Code   RO         8015    i.DMA2_Stream3_IRQHandler  bsp_sdio_sd.o
    0x08002054   0x08002054   0x00000034   Code   RO         1220    i.DMA_ClearFlag     stm32f4xx_dma.o
    0x08002088   0x08002088   0x00000016   Code   RO         1222    i.DMA_Cmd           stm32f4xx_dma.o
    0x0800209e   0x0800209e   0x00000002   PAD
    0x080020a0   0x080020a0   0x00000158   Code   RO         1223    i.DMA_DeInit        stm32f4xx_dma.o
    0x080021f8   0x080021f8   0x00000016   Code   RO         1226    i.DMA_FlowControllerConfig  stm32f4xx_dma.o
    0x0800220e   0x0800220e   0x0000003a   Code   RO         1233    i.DMA_ITConfig      stm32f4xx_dma.o
    0x08002248   0x08002248   0x00000058   Code   RO         1234    i.DMA_Init          stm32f4xx_dma.o
    0x080022a0   0x080022a0   0x00000034   Code   RO         5446    i.Datacov           user.o
    0x080022d4   0x080022d4   0x00000002   Code   RO         5280    i.DebugMon_Handler  stm32f4xx_it.o
    0x080022d6   0x080022d6   0x00000044   Code   RO         5447    i.Debug_Set_Num     user.o
    0x0800231a   0x0800231a   0x00000044   Code   RO         5448    i.Debug_Set_Res     user.o
    0x0800235e   0x0800235e   0x0000001a   Code   RO         5449    i.Debug_Valuedata   user.o
    0x08002378   0x08002378   0x00000006   Code   RO         5450    i.Debug_ValuedataV  user.o
    0x0800237e   0x0800237e   0x00000002   PAD
    0x08002380   0x08002380   0x0000013c   Code   RO         5452    i.DispBattery       user.o
    0x080024bc   0x080024bc   0x00000834   Code   RO         5453    i.DispSet_value     user.o
    0x08002cf0   0x08002cf0   0x0000000a   Code   RO         5454    i.Disp_Button_SysSet  user.o
    0x08002cfa   0x08002cfa   0x00000002   PAD
    0x08002cfc   0x08002cfc   0x0000059c   Code   RO         5456    i.Disp_Button_value1  user.o
    0x08003298   0x08003298   0x00000058   Code   RO         5457    i.Disp_Debug_Reference  user.o
    0x080032f0   0x080032f0   0x00000094   Code   RO         5458    i.Disp_Debug_value  user.o
    0x08003384   0x08003384   0x00000070   Code   RO         5459    i.Disp_Fastbutton   user.o
    0x080033f4   0x080033f4   0x0000048c   Code   RO         5461    i.Disp_NumKeyboard_Set  user.o
    0x08003880   0x08003880   0x00000084   Code   RO         5462    i.Disp_Open         user.o
    0x08003904   0x08003904   0x00000034   Code   RO         6354    i.Disp_R_V          bsp_lcd.o
    0x08003938   0x08003938   0x0000004c   Code   RO         5463    i.Disp_Range        user.o
    0x08003984   0x08003984   0x0000004c   Code   RO         5464    i.Disp_SD_VIEW_Item  user.o
    0x080039d0   0x080039d0   0x0000008e   Code   RO         5465    i.Disp_Set_CompNum  user.o
    0x08003a5e   0x08003a5e   0x0000008e   Code   RO         5466    i.Disp_Set_Num      user.o
    0x08003aec   0x08003aec   0x000000a0   Code   RO         5467    i.Disp_Sys          user.o
    0x08003b8c   0x08003b8c   0x00000090   Code   RO         5469    i.Disp_Sys_Item     user.o
    0x08003c1c   0x08003c1c   0x0000000c   Code   RO         5470    i.Disp_Sys_Screen   user.o
    0x08003c28   0x08003c28   0x00000570   Code   RO         5471    i.Disp_Sys_value    user.o
    0x08004198   0x08004198   0x0000000c   Code   RO         5472    i.Disp_TestScreen   user.o
    0x080041a4   0x080041a4   0x0000000c   Code   RO         5473    i.Disp_TestSetScreen  user.o
    0x080041b0   0x080041b0   0x000000c0   Code   RO         5475    i.Disp_Test_Item    user.o
    0x08004270   0x08004270   0x000000c0   Code   RO         5476    i.Disp_Test_Set_Item  user.o
    0x08004330   0x08004330   0x00000426   Code   RO         5477    i.Disp_Test_value   user.o
    0x08004756   0x08004756   0x00000002   PAD
    0x08004758   0x08004758   0x00000190   Code   RO         5478    i.Disp_Testvalue    user.o
    0x080048e8   0x080048e8   0x00000020   Code   RO         5479    i.Disp_TopBar_Color  user.o
    0x08004908   0x08004908   0x00000050   Code   RO         6355    i.Disp_Usbflag      bsp_lcd.o
    0x08004958   0x08004958   0x00000094   Code   RO         5480    i.Disp_UserCheck_Item  user.o
    0x080049ec   0x080049ec   0x0000000c   Code   RO         5481    i.Disp_Usercheck_Screen  user.o
    0x080049f8   0x080049f8   0x0000002c   Code   RO         5482    i.Disp_button_Num_Freq  user.o
    0x08004a24   0x08004a24   0x00000048   Code   RO         5483    i.Disp_button_Num_time  user.o
    0x08004a6c   0x08004a6c   0x000000a8   Code   RO         5484    i.Disp_dateandtime  user.o
    0x08004b14   0x08004b14   0x000001dc   Code   RO         5992    i.Draw_His_Data     test.o
    0x08004cf0   0x08004cf0   0x00000204   Code   RO         5993    i.Draw_His_Index    test.o
    0x08004ef4   0x08004ef4   0x00000074   Code   RO         5281    i.EXTI3_IRQHandler  stm32f4xx_it.o
    0x08004f68   0x08004f68   0x0000000c   Code   RO         1485    i.EXTI_ClearITPendingBit  stm32f4xx_exti.o
    0x08004f74   0x08004f74   0x00000024   Code   RO         1486    i.EXTI_DeInit       stm32f4xx_exti.o
    0x08004f98   0x08004f98   0x00000018   Code   RO         1489    i.EXTI_GetITStatus  stm32f4xx_exti.o
    0x08004fb0   0x08004fb0   0x00000094   Code   RO         1490    i.EXTI_Init         stm32f4xx_exti.o
    0x08005044   0x08005044   0x0000000c   Code   RO         1550    i.FLASH_ClearFlag   stm32f4xx_flash.o
    0x08005050   0x08005050   0x00000088   Code   RO         1556    i.FLASH_EraseSector  stm32f4xx_flash.o
    0x080050d8   0x080050d8   0x00000054   Code   RO         1558    i.FLASH_GetStatus   stm32f4xx_flash.o
    0x0800512c   0x0800512c   0x00000014   Code   RO         1562    i.FLASH_Lock        stm32f4xx_flash.o
    0x08005140   0x08005140   0x00000050   Code   RO         1586    i.FLASH_ProgramWord  stm32f4xx_flash.o
    0x08005190   0x08005190   0x00000024   Code   RO         1588    i.FLASH_Unlock      stm32f4xx_flash.o
    0x080051b4   0x080051b4   0x00000022   Code   RO         1589    i.FLASH_WaitForLastOperation  stm32f4xx_flash.o
    0x080051d6   0x080051d6   0x00000002   PAD
    0x080051d8   0x080051d8   0x00000048   Code   RO         1844    i.FMC_GetFlagStatus  stm32f4xx_fmc.o
    0x08005220   0x08005220   0x00000020   Code   RO         1861    i.FMC_SDRAMCmdConfig  stm32f4xx_fmc.o
    0x08005240   0x08005240   0x00000144   Code   RO         1863    i.FMC_SDRAMInit     stm32f4xx_fmc.o
    0x08005384   0x08005384   0x00000018   Code   RO         1867    i.FMC_SetRefreshCount  stm32f4xx_fmc.o
    0x0800539c   0x0800539c   0x00000194   Code   RO         8016    i.FindSCR           bsp_sdio_sd.o
    0x08005530   0x08005530   0x0000002e   Code   RO         5997    i.FlashWrite        test.o
    0x0800555e   0x0800555e   0x0000001a   Code   RO         5998    i.Flash_Read32BitDatas  test.o
    0x08005578   0x08005578   0x00000128   Code   RO         6841    i.GPIO_Configuration  gpio.o
    0x080056a0   0x080056a0   0x00000090   Code   RO         2046    i.GPIO_Init         stm32f4xx_gpio.o
    0x08005730   0x08005730   0x00000046   Code   RO         2047    i.GPIO_PinAFConfig  stm32f4xx_gpio.o
    0x08005776   0x08005776   0x00000012   Code   RO         2050    i.GPIO_ReadInputDataBit  stm32f4xx_gpio.o
    0x08005788   0x08005788   0x00000004   Code   RO         2053    i.GPIO_ResetBits    stm32f4xx_gpio.o
    0x0800578c   0x0800578c   0x00000004   Code   RO         2054    i.GPIO_SetBits      stm32f4xx_gpio.o
    0x08005790   0x08005790   0x00000004   Code   RO         5282    i.HardFault_Handler  stm32f4xx_it.o
    0x08005794   0x08005794   0x000000c4   Code   RO         5487    i.Hex_Format        user.o
    0x08005858   0x08005858   0x00000068   Code   RO         7892    i.Init_CH376        ch376.o
    0x080058c0   0x080058c0   0x000000c4   Code   RO         5489    i.Input_Set_Cov     user.o
    0x08005984   0x08005984   0x0000019c   Code   RO         8017    i.IsCardProgramming  bsp_sdio_sd.o
    0x08005b20   0x08005b20   0x00000064   Code   RO         5490    i.Jisuan_Range      user.o
    0x08005b84   0x08005b84   0x00000020   Code   RO         5491    i.Jisuan_V_Range    user.o
    0x08005ba4   0x08005ba4   0x000000cc   Code   RO         5999    i.JumpBoot          test.o
    0x08005c70   0x08005c70   0x0000000a   Code   RO         7033    i.Key_Delay         keyboard.o
    0x08005c7a   0x08005c7a   0x00000002   PAD
    0x08005c7c   0x08005c7c   0x00000600   Code   RO         7035    i.Key_Identiry      keyboard.o
    0x0800627c   0x0800627c   0x00000020   Code   RO         7036    i.Key_Read          keyboard.o
    0x0800629c   0x0800629c   0x00000012   Code   RO         7037    i.Key_Read_WithTimeOut  keyboard.o
    0x080062ae   0x080062ae   0x00000002   PAD
    0x080062b0   0x080062b0   0x000000cc   Code   RO         7038    i.Key_Scan          keyboard.o
    0x0800637c   0x0800637c   0x00000014   Code   RO         6842    i.Key_beep          gpio.o
    0x08006390   0x08006390   0x00000098   Code   RO         6356    i.LCD429_PutPixel   bsp_lcd.o
    0x08006428   0x08006428   0x00000068   Code   RO         6357    i.LCD_Clear         bsp_lcd.o
    0x08006490   0x08006490   0x000000a4   Code   RO         6363    i.LCD_DispString_EN_CH  bsp_lcd.o
    0x08006534   0x08006534   0x00000060   Code   RO         6364    i.LCD_DispString_MS24x23  bsp_lcd.o
    0x08006594   0x08006594   0x00000040   Code   RO         6366    i.LCD_DisplayChar32  bsp_lcd.o
    0x080065d4   0x080065d4   0x0000008c   Code   RO         6367    i.LCD_DisplayFont_MS24x23  bsp_lcd.o
    0x08006660   0x08006660   0x0000009c   Code   RO         6371    i.LCD_DrawChar      bsp_lcd.o
    0x080066fc   0x080066fc   0x0000014c   Code   RO         6378    i.LCD_DrawFullRect  bsp_lcd.o
    0x08006848   0x08006848   0x00000108   Code   RO         6379    i.LCD_DrawLine      bsp_lcd.o
    0x08006950   0x08006950   0x0000011e   Code   RO         6383    i.LCD_DrawUniLine   bsp_lcd.o
    0x08006a6e   0x08006a6e   0x00000002   PAD
    0x08006a70   0x08006a70   0x000002e0   Code   RO         6387    i.LCD_GPIO_Config   bsp_lcd.o
    0x08006d50   0x08006d50   0x0000008a   Code   RO         6390    i.LCD_Init          bsp_lcd.o
    0x08006dda   0x08006dda   0x00000002   PAD
    0x08006ddc   0x08006ddc   0x0000009c   Code   RO         6391    i.LCD_LayerInit     bsp_lcd.o
    0x08006e78   0x08006e78   0x00000014   Code   RO         6398    i.LCD_SetColors     bsp_lcd.o
    0x08006e8c   0x08006e8c   0x0000000c   Code   RO         6401    i.LCD_SetFont       bsp_lcd.o
    0x08006e98   0x08006e98   0x0000002c   Code   RO         6402    i.LCD_SetLayer      bsp_lcd.o
    0x08006ec4   0x08006ec4   0x0000000c   Code   RO         6403    i.LCD_SetTextColor  bsp_lcd.o
    0x08006ed0   0x08006ed0   0x00000030   Code   RO         6404    i.LCD_SetTransparency  bsp_lcd.o
    0x08006f00   0x08006f00   0x0000008c   Code   RO         6408    i.LCD_ShowFontCN_40_55  bsp_lcd.o
    0x08006f8c   0x08006f8c   0x00000024   Code   RO         2620    i.LTDC_Cmd          stm32f4xx_ltdc.o
    0x08006fb0   0x08006fb0   0x00000188   Code   RO         2631    i.LTDC_Init         stm32f4xx_ltdc.o
    0x08007138   0x08007138   0x00000004   Code   RO         2634    i.LTDC_LayerAlpha   stm32f4xx_ltdc.o
    0x0800713c   0x0800713c   0x00000016   Code   RO         2635    i.LTDC_LayerCmd     stm32f4xx_ltdc.o
    0x08007152   0x08007152   0x00000114   Code   RO         2636    i.LTDC_LayerInit    stm32f4xx_ltdc.o
    0x08007266   0x08007266   0x00000002   PAD
    0x08007268   0x08007268   0x0000000c   Code   RO         2643    i.LTDC_ReloadConfig  stm32f4xx_ltdc.o
    0x08007274   0x08007274   0x00000002   Code   RO         6843    i.Led_Fail_On       gpio.o
    0x08007276   0x08007276   0x00000002   Code   RO         6844    i.Led_GPIO_Configuration  gpio.o
    0x08007278   0x08007278   0x00000002   Code   RO         6845    i.Led_Pass_On       gpio.o
    0x0800727a   0x0800727a   0x00000002   Code   RO         6846    i.Lock_Off          gpio.o
    0x0800727c   0x0800727c   0x00000002   Code   RO         6847    i.Lock_On           gpio.o
    0x0800727e   0x0800727e   0x00000002   PAD
    0x08007280   0x08007280   0x000000e4   Code   RO         6000    i.MODS_03H          test.o
    0x08007364   0x08007364   0x00000168   Code   RO         6001    i.MODS_ReadRegValue  test.o
    0x080074cc   0x080074cc   0x00000004   Code   RO         5283    i.MemManage_Handler  stm32f4xx_it.o
    0x080074d0   0x080074d0   0x00000002   Code   RO         5284    i.NMI_Handler       stm32f4xx_it.o
    0x080074d2   0x080074d2   0x00000002   PAD
    0x080074d4   0x080074d4   0x00000018   Code   RO         6002    i.NVIC_DisableIRQ   test.o
    0x080074ec   0x080074ec   0x00000078   Code   RO          164    i.NVIC_Init         misc.o
    0x08007564   0x08007564   0x00000014   Code   RO          165    i.NVIC_PriorityGroupConfig  misc.o
    0x08007578   0x08007578   0x00000010   Code   RO         5285    i.OTG_FS_IRQHandler  stm32f4xx_it.o
    0x08007588   0x08007588   0x00000010   Code   RO         9370    i.OTG_HS_EP1_IN_IRQHandler  usb_bsp.o
    0x08007598   0x08007598   0x00000010   Code   RO         9371    i.OTG_HS_EP1_OUT_IRQHandler  usb_bsp.o
    0x080075a8   0x080075a8   0x00000010   Code   RO         9372    i.OTG_HS_IRQHandler  usb_bsp.o
    0x080075b8   0x080075b8   0x00000002   Code   RO         6848    i.Open_flag_Configuration  gpio.o
    0x080075ba   0x080075ba   0x00000002   Code   RO         6849    i.PLC_GPIO_Configuration  gpio.o
    0x080075bc   0x080075bc   0x0000000c   Code   RO         2813    i.PWR_BackupAccessCmd  stm32f4xx_pwr.o
    0x080075c8   0x080075c8   0x0000024c   Code   RO         5492    i.Parameter_valuecomp  user.o
    0x08007814   0x08007814   0x00000002   Code   RO         5286    i.PendSV_Handler    stm32f4xx_it.o
    0x08007816   0x08007816   0x00000002   PAD
    0x08007818   0x08007818   0x00000010   Code   RO         6003    i.PowerOffDetect    test.o
    0x08007828   0x08007828   0x00000010   Code   RO         6004    i.PowerOffHandle    test.o
    0x08007838   0x08007838   0x00000002   Code   RO         6850    i.Power_Off_led     gpio.o
    0x0800783a   0x0800783a   0x00000002   Code   RO         6851    i.Power_On_led      gpio.o
    0x0800783c   0x0800783c   0x0000021c   Code   RO         6005    i.Power_Process     test.o
    0x08007a58   0x08007a58   0x00000030   Code   RO         6414    i.PutPixel          bsp_lcd.o
    0x08007a88   0x08007a88   0x0000001c   Code   RO         7893    i.Query376Interrupt  ch376.o
    0x08007aa4   0x08007aa4   0x00000020   Code   RO         2960    i.RCC_AHB1PeriphClockCmd  stm32f4xx_rcc.o
    0x08007ac4   0x08007ac4   0x00000020   Code   RO         2962    i.RCC_AHB1PeriphResetCmd  stm32f4xx_rcc.o
    0x08007ae4   0x08007ae4   0x00000020   Code   RO         2966    i.RCC_AHB3PeriphClockCmd  stm32f4xx_rcc.o
    0x08007b04   0x08007b04   0x00000020   Code   RO         2969    i.RCC_APB1PeriphClockCmd  stm32f4xx_rcc.o
    0x08007b24   0x08007b24   0x00000020   Code   RO         2971    i.RCC_APB1PeriphResetCmd  stm32f4xx_rcc.o
    0x08007b44   0x08007b44   0x00000020   Code   RO         2972    i.RCC_APB2PeriphClockCmd  stm32f4xx_rcc.o
    0x08007b64   0x08007b64   0x00000020   Code   RO         2974    i.RCC_APB2PeriphResetCmd  stm32f4xx_rcc.o
    0x08007b84   0x08007b84   0x00000064   Code   RO         2980    i.RCC_DeInit        stm32f4xx_rcc.o
    0x08007be8   0x08007be8   0x00000040   Code   RO         2982    i.RCC_GetFlagStatus  stm32f4xx_rcc.o
    0x08007c28   0x08007c28   0x0000002c   Code   RO         2990    i.RCC_LSEConfig     stm32f4xx_rcc.o
    0x08007c54   0x08007c54   0x00000018   Code   RO         2993    i.RCC_LTDCCLKDivConfig  stm32f4xx_rcc.o
    0x08007c6c   0x08007c6c   0x0000000c   Code   RO         3002    i.RCC_PLLSAICmd     stm32f4xx_rcc.o
    0x08007c78   0x08007c78   0x00000018   Code   RO         3003    i.RCC_PLLSAIConfig  stm32f4xx_rcc.o
    0x08007c90   0x08007c90   0x0000000c   Code   RO         3004    i.RCC_RTCCLKCmd     stm32f4xx_rcc.o
    0x08007c9c   0x08007c9c   0x0000003c   Code   RO         3005    i.RCC_RTCCLKConfig  stm32f4xx_rcc.o
    0x08007cd8   0x08007cd8   0x00000016   Code   RO         3367    i.RTC_Bcd2ToByte    stm32f4xx_rtc.o
    0x08007cee   0x08007cee   0x0000001c   Code   RO         3369    i.RTC_ByteToBcd2    stm32f4xx_rtc.o
    0x08007d0a   0x08007d0a   0x00000002   PAD
    0x08007d0c   0x08007d0c   0x0000006c   Code   RO         7664    i.RTC_CLK_Config    bsp_rtc.o
    0x08007d78   0x08007d78   0x0000001c   Code   RO         3372    i.RTC_ClearFlag     stm32f4xx_rtc.o
    0x08007d94   0x08007d94   0x00000020   Code   RO         3373    i.RTC_ClearITPendingBit  stm32f4xx_rtc.o
    0x08007db4   0x08007db4   0x000000d4   Code   RO         3378    i.RTC_DeInit        stm32f4xx_rtc.o
    0x08007e88   0x08007e88   0x00000050   Code   RO         3379    i.RTC_EnterInitMode  stm32f4xx_rtc.o
    0x08007ed8   0x08007ed8   0x00000014   Code   RO         3380    i.RTC_ExitInitMode  stm32f4xx_rtc.o
    0x08007eec   0x08007eec   0x0000004c   Code   RO         3383    i.RTC_GetDate       stm32f4xx_rtc.o
    0x08007f38   0x08007f38   0x00000028   Code   RO         3384    i.RTC_GetFlagStatus  stm32f4xx_rtc.o
    0x08007f60   0x08007f60   0x00000050   Code   RO         3388    i.RTC_GetTime       stm32f4xx_rtc.o
    0x08007fb0   0x08007fb0   0x00000064   Code   RO         3392    i.RTC_ITConfig      stm32f4xx_rtc.o
    0x08008014   0x08008014   0x00000064   Code   RO         3393    i.RTC_Init          stm32f4xx_rtc.o
    0x08008078   0x08008078   0x00000020   Code   RO         3396    i.RTC_ReadBackupRegister  stm32f4xx_rtc.o
    0x08008098   0x08008098   0x000000c8   Code   RO         3399    i.RTC_SetDate       stm32f4xx_rtc.o
    0x08008160   0x08008160   0x000000d0   Code   RO         3400    i.RTC_SetTime       stm32f4xx_rtc.o
    0x08008230   0x08008230   0x0000001c   Code   RO         3401    i.RTC_SetWakeUpCounter  stm32f4xx_rtc.o
    0x0800824c   0x0800824c   0x00000072   Code   RO         7666    i.RTC_Set_WakeUp    bsp_rtc.o
    0x080082be   0x080082be   0x00000050   Code   RO         7667    i.RTC_TimeAndDate_Set  bsp_rtc.o
    0x0800830e   0x0800830e   0x00000002   PAD
    0x08008310   0x08008310   0x00000028   Code   RO         7669    i.RTC_WKUP_IRQHandler  bsp_rtc.o
    0x08008338   0x08008338   0x00000060   Code   RO         3416    i.RTC_WaitForSynchro  stm32f4xx_rtc.o
    0x08008398   0x08008398   0x00000030   Code   RO         3417    i.RTC_WakeUpClockConfig  stm32f4xx_rtc.o
    0x080083c8   0x080083c8   0x00000078   Code   RO         3418    i.RTC_WakeUpCmd     stm32f4xx_rtc.o
    0x08008440   0x08008440   0x0000001c   Code   RO         3419    i.RTC_WriteBackupRegister  stm32f4xx_rtc.o
    0x0800845c   0x0800845c   0x000001a4   Code   RO         5493    i.R_Comp            user.o
    0x08008600   0x08008600   0x00000188   Code   RO         5494    i.Range_Changecomp  user.o
    0x08008788   0x08008788   0x00000068   Code   RO         5495    i.Range_Control     user.o
    0x080087f0   0x080087f0   0x00000020   Code   RO         5496    i.ReadBE32U         user.o
    0x08008810   0x08008810   0x0000006c   Code   RO         6854    i.ReadBatGPIOInit   gpio.o
    0x0800887c   0x0800887c   0x00000028   Code   RO         6006    i.Read_Block_Rec    test.o
    0x080088a4   0x080088a4   0x0000002a   Code   RO         6799    i.Read_Convert_read  ad7706.o
    0x080088ce   0x080088ce   0x00000002   PAD
    0x080088d0   0x080088d0   0x00000030   Code   RO         6007    i.Read_His_Data     test.o
    0x08008900   0x08008900   0x00000030   Code   RO         6008    i.Read_Index        test.o
    0x08008930   0x08008930   0x00000010   Code   RO         6855    i.Read_Openflag     gpio.o
    0x08008940   0x08008940   0x00000014   Code   RO         6009    i.Read_cal_flash    test.o
    0x08008954   0x08008954   0x00000018   Code   RO         6010    i.Read_set_flash    test.o
    0x0800896c   0x0800896c   0x0000011c   Code   RO         8018    i.SDEnWideBus       bsp_sdio_sd.o
    0x08008a88   0x08008a88   0x0000000c   Code   RO         3891    i.SDIO_ClearFlag    stm32f4xx_sdio.o
    0x08008a94   0x08008a94   0x0000000c   Code   RO         3892    i.SDIO_ClearITPendingBit  stm32f4xx_sdio.o
    0x08008aa0   0x08008aa0   0x0000000c   Code   RO         3893    i.SDIO_ClockCmd     stm32f4xx_sdio.o
    0x08008aac   0x08008aac   0x0000000c   Code   RO         3896    i.SDIO_DMACmd       stm32f4xx_sdio.o
    0x08008ab8   0x08008ab8   0x00000034   Code   RO         3897    i.SDIO_DataConfig   stm32f4xx_sdio.o
    0x08008aec   0x08008aec   0x00000016   Code   RO         3899    i.SDIO_DeInit       stm32f4xx_sdio.o
    0x08008b02   0x08008b02   0x00000002   PAD
    0x08008b04   0x08008b04   0x0000000c   Code   RO         3900    i.SDIO_GetCommandResponse  stm32f4xx_sdio.o
    0x08008b10   0x08008b10   0x00000018   Code   RO         3903    i.SDIO_GetFlagStatus  stm32f4xx_sdio.o
    0x08008b28   0x08008b28   0x00000018   Code   RO         3904    i.SDIO_GetITStatus  stm32f4xx_sdio.o
    0x08008b40   0x08008b40   0x00000010   Code   RO         3905    i.SDIO_GetPowerState  stm32f4xx_sdio.o
    0x08008b50   0x08008b50   0x00000018   Code   RO         3906    i.SDIO_GetResponse  stm32f4xx_sdio.o
    0x08008b68   0x08008b68   0x00000008   Code   RO         8019    i.SDIO_IRQHandler   bsp_sdio_sd.o
    0x08008b70   0x08008b70   0x00000020   Code   RO         3907    i.SDIO_ITConfig     stm32f4xx_sdio.o
    0x08008b90   0x08008b90   0x00000030   Code   RO         3908    i.SDIO_Init         stm32f4xx_sdio.o
    0x08008bc0   0x08008bc0   0x0000000c   Code   RO         3909    i.SDIO_ReadData     stm32f4xx_sdio.o
    0x08008bcc   0x08008bcc   0x0000002c   Code   RO         3911    i.SDIO_SendCommand  stm32f4xx_sdio.o
    0x08008bf8   0x08008bf8   0x0000000c   Code   RO         3913    i.SDIO_SetPowerState  stm32f4xx_sdio.o
    0x08008c04   0x08008c04   0x000003a8   Code   RO         7284    i.SDRAM_GPIO_Config  bsp_sdram.o
    0x08008fac   0x08008fac   0x00000064   Code   RO         7285    i.SDRAM_Init        bsp_sdram.o
    0x08009010   0x08009010   0x000000c8   Code   RO         7286    i.SDRAM_InitSequence  bsp_sdram.o
    0x080090d8   0x080090d8   0x00000024   Code   RO         7290    i.SDRAM_delay       bsp_sdram.o
    0x080090fc   0x080090fc   0x0000000c   Code   RO         8021    i.SD_Detect         bsp_sdio_sd.o
    0x08009108   0x08009108   0x00000090   Code   RO         8022    i.SD_EnableWideBusOperation  bsp_sdio_sd.o
    0x08009198   0x08009198   0x0000016c   Code   RO         8023    i.SD_Erase          bsp_sdio_sd.o
    0x08009304   0x08009304   0x0000031c   Code   RO         8024    i.SD_GetCardInfo    bsp_sdio_sd.o
    0x08009620   0x08009620   0x00000026   Code   RO         8026    i.SD_GetState       bsp_sdio_sd.o
    0x08009646   0x08009646   0x0000001e   Code   RO         8027    i.SD_GetStatus      bsp_sdio_sd.o
    0x08009664   0x08009664   0x000000c0   Code   RO         8030    i.SD_Init           bsp_sdio_sd.o
    0x08009724   0x08009724   0x0000013c   Code   RO         8031    i.SD_InitializeCards  bsp_sdio_sd.o
    0x08009860   0x08009860   0x00000090   Code   RO         8032    i.SD_LowLevel_DMA_RxConfig  bsp_sdio_sd.o
    0x080098f0   0x080098f0   0x00000090   Code   RO         8033    i.SD_LowLevel_DMA_TxConfig  bsp_sdio_sd.o
    0x08009980   0x08009980   0x000000a4   Code   RO         8035    i.SD_LowLevel_Init  bsp_sdio_sd.o
    0x08009a24   0x08009a24   0x000001a0   Code   RO         8037    i.SD_PowerON        bsp_sdio_sd.o
    0x08009bc4   0x08009bc4   0x00000230   Code   RO         6011    i.SD_Process        test.o
    0x08009df4   0x08009df4   0x00000028   Code   RO         8038    i.SD_ProcessDMAIRQ  bsp_sdio_sd.o
    0x08009e1c   0x08009e1c   0x000000ac   Code   RO         8039    i.SD_ProcessIRQSrc  bsp_sdio_sd.o
    0x08009ec8   0x08009ec8   0x000000f0   Code   RO         8040    i.SD_ReadBlock      bsp_sdio_sd.o
    0x08009fb8   0x08009fb8   0x000000f8   Code   RO         8041    i.SD_ReadMultiBlocks  bsp_sdio_sd.o
    0x0800a0b0   0x0800a0b0   0x00000038   Code   RO         8042    i.SD_SelectDeselect  bsp_sdio_sd.o
    0x0800a0e8   0x0800a0e8   0x00000054   Code   RO         8044    i.SD_SendStatus     bsp_sdio_sd.o
    0x0800a13c   0x0800a13c   0x00000034   Code   RO         8045    i.SD_StopTransfer   bsp_sdio_sd.o
    0x0800a170   0x0800a170   0x00000080   Code   RO         8047    i.SD_WaitWriteOperation  bsp_sdio_sd.o
    0x0800a1f0   0x0800a1f0   0x000000ec   Code   RO         8048    i.SD_WriteBlock     bsp_sdio_sd.o
    0x0800a2dc   0x0800a2dc   0x00000158   Code   RO         8049    i.SD_WriteMultiBlocks  bsp_sdio_sd.o
    0x0800a434   0x0800a434   0x0000001a   Code   RO         6012    i.SET_ERASE         test.o
    0x0800a44e   0x0800a44e   0x00000018   Code   RO         4115    i.SPI_Cmd           stm32f4xx_spi.o
    0x0800a466   0x0800a466   0x00000012   Code   RO         4123    i.SPI_I2S_GetFlagStatus  stm32f4xx_spi.o
    0x0800a478   0x0800a478   0x00000006   Code   RO         4126    i.SPI_I2S_ReceiveData  stm32f4xx_spi.o
    0x0800a47e   0x0800a47e   0x00000004   Code   RO         4127    i.SPI_I2S_SendData  stm32f4xx_spi.o
    0x0800a482   0x0800a482   0x0000003c   Code   RO         4128    i.SPI_Init          stm32f4xx_spi.o
    0x0800a4be   0x0800a4be   0x00000006   Code   RO         7894    i.SPI_TIMEOUT_UserCallback  ch376.o
    0x0800a4c4   0x0800a4c4   0x00000078   Code   RO         7895    i.SPIx_ReadWriteByte  ch376.o
    0x0800a53c   0x0800a53c   0x00000002   Code   RO         5287    i.SVC_Handler       stm32f4xx_it.o
    0x0800a53e   0x0800a53e   0x00000002   PAD
    0x0800a540   0x0800a540   0x00000020   Code   RO         6856    i.Select_V_I        gpio.o
    0x0800a560   0x0800a560   0x00000020   Code   RO         7608    i.Send_To_Cpld      cpld.o
    0x0800a580   0x0800a580   0x00000014   Code   RO         7394    i.Send_Uart3str     bsp_debug_usart.o
    0x0800a594   0x0800a594   0x00000068   Code   RO         7609    i.Send_one_buff     cpld.o
    0x0800a5fc   0x0800a5fc   0x0000000c   Code   RO         5399    i.SetSoftTimer      pbdata.o
    0x0800a608   0x0800a608   0x00000120   Code   RO           13    i.SetSysClock       system_stm32f4xx.o
    0x0800a728   0x0800a728   0x00000568   Code   RO         6013    i.Setup_Process     test.o
    0x0800ac90   0x0800ac90   0x00000060   Code   RO         5498    i.Soft_Turnon       user.o
    0x0800acf0   0x0800acf0   0x0000010c   Code   RO         6800    i.SpiRxByte         ad7706.o
    0x0800adfc   0x0800adfc   0x00000020   Code   RO         6014    i.Store_cal_flash   test.o
    0x0800ae1c   0x0800ae1c   0x00000024   Code   RO         6015    i.Store_set_flash   test.o
    0x0800ae40   0x0800ae40   0x0000003c   Code   RO         5499    i.StrToint          user.o
    0x0800ae7c   0x0800ae7c   0x00000008   Code   RO         5288    i.SysTick_Handler   stm32f4xx_it.o
    0x0800ae84   0x0800ae84   0x00000068   Code   RO         7513    i.SysTick_Init      bsp_systick.o
    0x0800aeec   0x0800aeec   0x000000dc   Code   RO         6016    i.Sys_Process       test.o
    0x0800afc8   0x0800afc8   0x00000068   Code   RO           15    i.SystemInit        system_stm32f4xx.o
    0x0800b030   0x0800b030   0x00000016   Code   RO         7341    i.TIM6_Configuration  bsp_basic_tim.o
    0x0800b046   0x0800b046   0x00000002   PAD
    0x0800b048   0x0800b048   0x0000008c   Code   RO         5289    i.TIM6_DAC_IRQHandler  stm32f4xx_it.o
    0x0800b0d4   0x0800b0d4   0x0000002a   Code   RO         7342    i.TIM6_NVIC_Configuration  bsp_basic_tim.o
    0x0800b0fe   0x0800b0fe   0x00000002   PAD
    0x0800b100   0x0800b100   0x0000003c   Code   RO         7343    i.TIM8_GPIO_Config  bsp_basic_tim.o
    0x0800b13c   0x0800b13c   0x0000007c   Code   RO         7344    i.TIM8_PWMOUTPUT_Config  bsp_basic_tim.o
    0x0800b1b8   0x0800b1b8   0x00000006   Code   RO         4347    i.TIM_ClearFlag     stm32f4xx_tim.o
    0x0800b1be   0x0800b1be   0x00000006   Code   RO         4348    i.TIM_ClearITPendingBit  stm32f4xx_tim.o
    0x0800b1c4   0x0800b1c4   0x00000018   Code   RO         4353    i.TIM_Cmd           stm32f4xx_tim.o
    0x0800b1dc   0x0800b1dc   0x0000001e   Code   RO         4355    i.TIM_CtrlPWMOutputs  stm32f4xx_tim.o
    0x0800b1fa   0x0800b1fa   0x00000002   PAD
    0x0800b1fc   0x0800b1fc   0x00000190   Code   RO         4358    i.TIM_DeInit        stm32f4xx_tim.o
    0x0800b38c   0x0800b38c   0x00000022   Code   RO         4374    i.TIM_GetITStatus   stm32f4xx_tim.o
    0x0800b3ae   0x0800b3ae   0x00000012   Code   RO         4378    i.TIM_ITConfig      stm32f4xx_tim.o
    0x0800b3c0   0x0800b3c0   0x00000040   Code   RO         7345    i.TIM_Mode_Config   bsp_basic_tim.o
    0x0800b400   0x0800b400   0x0000007c   Code   RO         4382    i.TIM_OC1Init       stm32f4xx_tim.o
    0x0800b47c   0x0800b47c   0x00000012   Code   RO         4385    i.TIM_OC1PreloadConfig  stm32f4xx_tim.o
    0x0800b48e   0x0800b48e   0x00000002   PAD
    0x0800b490   0x0800b490   0x000000a0   Code   RO         4392    i.TIM_OC3Init       stm32f4xx_tim.o
    0x0800b530   0x0800b530   0x000000a0   Code   RO         7346    i.TIM_PWMOUTPUT_Config  bsp_basic_tim.o
    0x0800b5d0   0x0800b5d0   0x00000084   Code   RO         4425    i.TIM_TimeBaseInit  stm32f4xx_tim.o
    0x0800b654   0x0800b654   0x00000050   Code   RO         5501    i.Test_Debug        user.o
    0x0800b6a4   0x0800b6a4   0x00002030   Code   RO         6017    i.Test_Process      test.o
    0x0800d6d4   0x0800d6d4   0x00000134   Code   RO         5502    i.Time_Set_Cov      user.o
    0x0800d808   0x0800d808   0x00000018   Code   RO         7514    i.TimingDelay_Decrement  bsp_systick.o
    0x0800d820   0x0800d820   0x00000006   Code   RO         7040    i.Touch_Identiry    keyboard.o
    0x0800d826   0x0800d826   0x00000002   Code   RO         6857    i.Trip_Off          gpio.o
    0x0800d828   0x0800d828   0x00000002   Code   RO         6858    i.Trip_On           gpio.o
    0x0800d82a   0x0800d82a   0x00000002   Code   RO         6859    i.Turnoff_Led       gpio.o
    0x0800d82c   0x0800d82c   0x00000002   Code   RO         6860    i.Turnon_Led        gpio.o
    0x0800d82e   0x0800d82e   0x00000002   PAD
    0x0800d830   0x0800d830   0x000000bc   Code   RO         5290    i.USART3_IRQHandler  stm32f4xx_it.o
    0x0800d8ec   0x0800d8ec   0x00000012   Code   RO         4903    i.USART_ClearFlag   stm32f4xx_usart.o
    0x0800d8fe   0x0800d8fe   0x00000018   Code   RO         4907    i.USART_Cmd         stm32f4xx_usart.o
    0x0800d916   0x0800d916   0x00000002   PAD
    0x0800d918   0x0800d918   0x000000f0   Code   RO         4909    i.USART_DeInit      stm32f4xx_usart.o
    0x0800da08   0x0800da08   0x0000001a   Code   RO         4910    i.USART_GetFlagStatus  stm32f4xx_usart.o
    0x0800da22   0x0800da22   0x0000004a   Code   RO         4913    i.USART_ITConfig    stm32f4xx_usart.o
    0x0800da6c   0x0800da6c   0x0000000a   Code   RO         4921    i.USART_ReceiveData  stm32f4xx_usart.o
    0x0800da76   0x0800da76   0x00000008   Code   RO         4924    i.USART_SendData    stm32f4xx_usart.o
    0x0800da7e   0x0800da7e   0x00000016   Code   RO         9093    i.USBD_ClrCfg       usbd_core.o
    0x0800da94   0x0800da94   0x00000048   Code   RO         9267    i.USBD_ClrFeature   usbd_req.o
    0x0800dadc   0x0800dadc   0x0000001e   Code   RO         9207    i.USBD_CtlContinueRx  usbd_ioreq.o
    0x0800dafa   0x0800dafa   0x0000001e   Code   RO         9208    i.USBD_CtlContinueSendData  usbd_ioreq.o
    0x0800db18   0x0800db18   0x0000001e   Code   RO         9268    i.USBD_CtlError     usbd_req.o
    0x0800db36   0x0800db36   0x00000024   Code   RO         9210    i.USBD_CtlReceiveStatus  usbd_ioreq.o
    0x0800db5a   0x0800db5a   0x0000002e   Code   RO         9211    i.USBD_CtlSendData  usbd_ioreq.o
    0x0800db88   0x0800db88   0x00000024   Code   RO         9212    i.USBD_CtlSendStatus  usbd_ioreq.o
    0x0800dbac   0x0800dbac   0x000000d0   Code   RO         9094    i.USBD_DataInStage  usbd_core.o
    0x0800dc7c   0x0800dc7c   0x00000096   Code   RO         9095    i.USBD_DataOutStage  usbd_core.o
    0x0800dd12   0x0800dd12   0x00000006   Code   RO         9096    i.USBD_DeInit       usbd_core.o
    0x0800dd18   0x0800dd18   0x00000018   Code   RO         9097    i.USBD_DevConnected  usbd_core.o
    0x0800dd30   0x0800dd30   0x00000024   Code   RO         9098    i.USBD_DevDisconnected  usbd_core.o
    0x0800dd54   0x0800dd54   0x00000054   Code   RO         9269    i.USBD_GetConfig    usbd_req.o
    0x0800dda8   0x0800dda8   0x00000184   Code   RO         9270    i.USBD_GetDescriptor  usbd_req.o
    0x0800df2c   0x0800df2c   0x00000014   Code   RO         9271    i.USBD_GetLen       usbd_req.o
    0x0800df40   0x0800df40   0x00000050   Code   RO         9272    i.USBD_GetStatus    usbd_req.o
    0x0800df90   0x0800df90   0x00000052   Code   RO         9273    i.USBD_GetString    usbd_req.o
    0x0800dfe2   0x0800dfe2   0x00000012   Code   RO         9504    i.USBD_HID_DataIn   usbd_hid_core.o
    0x0800dff4   0x0800dff4   0x00000010   Code   RO         9505    i.USBD_HID_DataOut  usbd_hid_core.o
    0x0800e004   0x0800e004   0x0000001a   Code   RO         9506    i.USBD_HID_DeInit   usbd_hid_core.o
    0x0800e01e   0x0800e01e   0x00000002   PAD
    0x0800e020   0x0800e020   0x00000010   Code   RO         9507    i.USBD_HID_GetCfgDesc  usbd_hid_core.o
    0x0800e030   0x0800e030   0x00000022   Code   RO         9508    i.USBD_HID_Init     usbd_hid_core.o
    0x0800e052   0x0800e052   0x00000022   Code   RO         9509    i.USBD_HID_SendReport  usbd_hid_core.o
    0x0800e074   0x0800e074   0x000000e8   Code   RO         9510    i.USBD_HID_Setup    usbd_hid_core.o
    0x0800e15c   0x0800e15c   0x00000042   Code   RO         9099    i.USBD_Init         usbd_core.o
    0x0800e19e   0x0800e19e   0x00000012   Code   RO         9100    i.USBD_IsoINIncomplete  usbd_core.o
    0x0800e1b0   0x0800e1b0   0x00000012   Code   RO         9101    i.USBD_IsoOUTIncomplete  usbd_core.o
    0x0800e1c2   0x0800e1c2   0x00000002   PAD
    0x0800e1c4   0x0800e1c4   0x000000ec   Code   RO         8997    i.USBD_OTG_EP1IN_ISR_Handler  usb_dcd_int.o
    0x0800e2b0   0x0800e2b0   0x00000080   Code   RO         8998    i.USBD_OTG_EP1OUT_ISR_Handler  usb_dcd_int.o
    0x0800e330   0x0800e330   0x00000100   Code   RO         8999    i.USBD_OTG_ISR_Handler  usb_dcd_int.o
    0x0800e430   0x0800e430   0x00000048   Code   RO         9274    i.USBD_ParseSetupRequest  usbd_req.o
    0x0800e478   0x0800e478   0x00000032   Code   RO         9102    i.USBD_Reset        usbd_core.o
    0x0800e4aa   0x0800e4aa   0x0000001e   Code   RO         9103    i.USBD_Resume       usbd_core.o
    0x0800e4c8   0x0800e4c8   0x00000014   Code   RO         9104    i.USBD_RunTestMode  usbd_core.o
    0x0800e4dc   0x0800e4dc   0x0000001a   Code   RO         9105    i.USBD_SOF          usbd_core.o
    0x0800e4f6   0x0800e4f6   0x0000005c   Code   RO         9275    i.USBD_SetAddress   usbd_req.o
    0x0800e552   0x0800e552   0x0000001e   Code   RO         9106    i.USBD_SetCfg       usbd_core.o
    0x0800e570   0x0800e570   0x000000d0   Code   RO         9276    i.USBD_SetConfig    usbd_req.o
    0x0800e640   0x0800e640   0x000000a4   Code   RO         9277    i.USBD_SetFeature   usbd_req.o
    0x0800e6e4   0x0800e6e4   0x00000054   Code   RO         9107    i.USBD_SetupStage   usbd_core.o
    0x0800e738   0x0800e738   0x00000072   Code   RO         9278    i.USBD_StdDevReq    usbd_req.o
    0x0800e7aa   0x0800e7aa   0x00000002   PAD
    0x0800e7ac   0x0800e7ac   0x0000015c   Code   RO         9279    i.USBD_StdEPReq     usbd_req.o
    0x0800e908   0x0800e908   0x0000004c   Code   RO         9280    i.USBD_StdItfReq    usbd_req.o
    0x0800e954   0x0800e954   0x00000020   Code   RO         9108    i.USBD_Suspend      usbd_core.o
    0x0800e974   0x0800e974   0x00000034   Code   RO         9437    i.USBD_USR_ConfigStrDescriptor  usbd_desc.o
    0x0800e9a8   0x0800e9a8   0x00000002   Code   RO         9570    i.USBD_USR_DeviceConfigured  usbd_usr.o
    0x0800e9aa   0x0800e9aa   0x00000002   Code   RO         9571    i.USBD_USR_DeviceConnected  usbd_usr.o
    0x0800e9ac   0x0800e9ac   0x00000010   Code   RO         9438    i.USBD_USR_DeviceDescriptor  usbd_desc.o
    0x0800e9bc   0x0800e9bc   0x00000002   Code   RO         9572    i.USBD_USR_DeviceDisconnected  usbd_usr.o
    0x0800e9be   0x0800e9be   0x00000002   Code   RO         9573    i.USBD_USR_DeviceReset  usbd_usr.o
    0x0800e9c0   0x0800e9c0   0x00000002   Code   RO         9574    i.USBD_USR_DeviceResumed  usbd_usr.o
    0x0800e9c2   0x0800e9c2   0x00000002   Code   RO         9575    i.USBD_USR_DeviceSuspended  usbd_usr.o
    0x0800e9c4   0x0800e9c4   0x00000064   Code   RO         9576    i.USBD_USR_Init     usbd_usr.o
    0x0800ea28   0x0800ea28   0x00000038   Code   RO         9439    i.USBD_USR_InterfaceStrDescriptor  usbd_desc.o
    0x0800ea60   0x0800ea60   0x00000010   Code   RO         9440    i.USBD_USR_LangIDStrDescriptor  usbd_desc.o
    0x0800ea70   0x0800ea70   0x0000002c   Code   RO         9441    i.USBD_USR_ManufacturerStrDescriptor  usbd_desc.o
    0x0800ea9c   0x0800ea9c   0x00000058   Code   RO         9442    i.USBD_USR_ProductStrDescriptor  usbd_desc.o
    0x0800eaf4   0x0800eaf4   0x00000048   Code   RO         9443    i.USBD_USR_SerialStrDescriptor  usbd_desc.o
    0x0800eb3c   0x0800eb3c   0x00000074   Code   RO         9373    i.USB_OTG_BSP_EnableInterrupt  usb_bsp.o
    0x0800ebb0   0x0800ebb0   0x00000074   Code   RO         9374    i.USB_OTG_BSP_Init  usb_bsp.o
    0x0800ec24   0x0800ec24   0x00000012   Code   RO         9375    i.USB_OTG_BSP_mDelay  usb_bsp.o
    0x0800ec36   0x0800ec36   0x00000022   Code   RO         9376    i.USB_OTG_BSP_uDelay  usb_bsp.o
    0x0800ec58   0x0800ec58   0x0000011a   Code   RO         8656    i.USB_OTG_CoreInit  usb_core.o
    0x0800ed72   0x0800ed72   0x00000256   Code   RO         8657    i.USB_OTG_CoreInitDev  usb_core.o
    0x0800efc8   0x0800efc8   0x00000070   Code   RO         8658    i.USB_OTG_CoreReset  usb_core.o
    0x0800f038   0x0800f038   0x00000022   Code   RO         8659    i.USB_OTG_DisableGlobalInt  usb_core.o
    0x0800f05a   0x0800f05a   0x0000006a   Code   RO         8660    i.USB_OTG_EP0Activate  usb_core.o
    0x0800f0c4   0x0800f0c4   0x00000156   Code   RO         8661    i.USB_OTG_EP0StartXfer  usb_core.o
    0x0800f21a   0x0800f21a   0x00000062   Code   RO         8662    i.USB_OTG_EP0_OutStart  usb_core.o
    0x0800f27c   0x0800f27c   0x000000b0   Code   RO         8663    i.USB_OTG_EPActivate  usb_core.o
    0x0800f32c   0x0800f32c   0x00000050   Code   RO         8664    i.USB_OTG_EPClearStall  usb_core.o
    0x0800f37c   0x0800f37c   0x00000076   Code   RO         8665    i.USB_OTG_EPDeactivate  usb_core.o
    0x0800f3f2   0x0800f3f2   0x00000064   Code   RO         8666    i.USB_OTG_EPSetStall  usb_core.o
    0x0800f456   0x0800f456   0x000001f6   Code   RO         8667    i.USB_OTG_EPStartXfer  usb_core.o
    0x0800f64c   0x0800f64c   0x00000034   Code   RO         8668    i.USB_OTG_EnableCommonInt  usb_core.o
    0x0800f680   0x0800f680   0x000000b0   Code   RO         8669    i.USB_OTG_EnableDevInt  usb_core.o
    0x0800f730   0x0800f730   0x00000022   Code   RO         8670    i.USB_OTG_EnableGlobalInt  usb_core.o
    0x0800f752   0x0800f752   0x00000002   PAD
    0x0800f754   0x0800f754   0x0000004c   Code   RO         8671    i.USB_OTG_FlushRxFifo  usb_core.o
    0x0800f7a0   0x0800f7a0   0x00000054   Code   RO         8672    i.USB_OTG_FlushTxFifo  usb_core.o
    0x0800f7f4   0x0800f7f4   0x00000034   Code   RO         8673    i.USB_OTG_GetDeviceSpeed  usb_core.o
    0x0800f828   0x0800f828   0x0000000c   Code   RO         8675    i.USB_OTG_GetMode   usb_core.o
    0x0800f834   0x0800f834   0x00000018   Code   RO         8676    i.USB_OTG_InitDevSpeed  usb_core.o
    0x0800f84c   0x0800f84c   0x00000016   Code   RO         8677    i.USB_OTG_IsDeviceMode  usb_core.o
    0x0800f862   0x0800f862   0x00000010   Code   RO         8679    i.USB_OTG_ReadCoreItr  usb_core.o
    0x0800f872   0x0800f872   0x00000010   Code   RO         8680    i.USB_OTG_ReadDevAllInEPItr  usb_core.o
    0x0800f882   0x0800f882   0x00000010   Code   RO         8681    i.USB_OTG_ReadDevAllOutEp_itr  usb_core.o
    0x0800f892   0x0800f892   0x00000014   Code   RO         8682    i.USB_OTG_ReadDevOutEP_itr  usb_core.o
    0x0800f8a6   0x0800f8a6   0x00000028   Code   RO         8684    i.USB_OTG_ReadPacket  usb_core.o
    0x0800f8ce   0x0800f8ce   0x00000002   PAD
    0x0800f8d0   0x0800f8d0   0x000000d4   Code   RO         8685    i.USB_OTG_SelectCore  usb_core.o
    0x0800f9a4   0x0800f9a4   0x0000004e   Code   RO         8686    i.USB_OTG_SetCurrentMode  usb_core.o
    0x0800f9f2   0x0800f9f2   0x00000040   Code   RO         8690    i.USB_OTG_WritePacket  usb_core.o
    0x0800fa32   0x0800fa32   0x00000002   PAD
    0x0800fa34   0x0800fa34   0x000000a8   Code   RO         5503    i.Uart_Process      user.o
    0x0800fadc   0x0800fadc   0x00000004   Code   RO         5291    i.UsageFault_Handler  stm32f4xx_it.o
    0x0800fae0   0x0800fae0   0x0000001e   Code   RO         7395    i.Usart_SendByte    bsp_debug_usart.o
    0x0800fafe   0x0800fafe   0x00000032   Code   RO         7396    i.Usart_SendString  bsp_debug_usart.o
    0x0800fb30   0x0800fb30   0x00000498   Code   RO         6018    i.Use_DebugProcess  test.o
    0x0800ffc8   0x0800ffc8   0x000005a8   Code   RO         6019    i.Use_SysSetProcess  test.o
    0x08010570   0x08010570   0x000000f8   Code   RO         5504    i.VRange_Changecomp  user.o
    0x08010668   0x08010668   0x00000094   Code   RO         5505    i.V_Comp            user.o
    0x080106fc   0x080106fc   0x00000030   Code   RO         5506    i.V_Datacov         user.o
    0x0801072c   0x0801072c   0x00000038   Code   RO         6861    i.V_I_Select_Configuration  gpio.o
    0x08010764   0x08010764   0x00000020   Code   RO         6862    i.V_I_amp           gpio.o
    0x08010784   0x08010784   0x0000001c   Code   RO         5507    i.V_Range_Control   user.o
    0x080107a0   0x080107a0   0x00000024   Code   RO         8451    i.Wait376Interrupt  filesys.o
    0x080107c4   0x080107c4   0x00000016   Code   RO         6415    i.WriteString_16    bsp_lcd.o
    0x080107da   0x080107da   0x00000002   PAD
    0x080107dc   0x080107dc   0x000000bc   Code   RO         6416    i.WriteString_Big   bsp_lcd.o
    0x08010898   0x08010898   0x00000028   Code   RO         6021    i.Write_Block_Rec   test.o
    0x080108c0   0x080108c0   0x00000068   Code   RO         6022    i.Write_His_Data    test.o
    0x08010928   0x08010928   0x00000114   Code   RO         6023    i.Write_His_Data_Man  test.o
    0x08010a3c   0x08010a3c   0x00000020   Code   RO         9838    i.__0printf$6       mc_w.l(printf6.o)
    0x08010a5c   0x08010a5c   0x00000028   Code   RO         9840    i.__0sprintf$6      mc_w.l(printf6.o)
    0x08010a84   0x08010a84   0x00000030   Code   RO         9976    i.__ARM_fpclassify  m_wm.l(fpclassify.o)
    0x08010ab4   0x08010ab4   0x00000014   Code   RO         9634    i.__hardfp_fabs     m_wm.l(fabs.o)
    0x08010ac8   0x08010ac8   0x00000c50   Code   RO         9640    i.__hardfp_pow      m_wm.l(pow.o)
    0x08011718   0x08011718   0x000000f8   Code   RO         9978    i.__kernel_poly     m_wm.l(poly.o)
    0x08011810   0x08011810   0x00000030   Code   RO         9962    i.__mathlib_dbl_divzero  m_wm.l(dunder.o)
    0x08011840   0x08011840   0x00000014   Code   RO         9964    i.__mathlib_dbl_infnan2  m_wm.l(dunder.o)
    0x08011854   0x08011854   0x00000004   PAD
    0x08011858   0x08011858   0x00000020   Code   RO         9965    i.__mathlib_dbl_invalid  m_wm.l(dunder.o)
    0x08011878   0x08011878   0x00000020   Code   RO         9966    i.__mathlib_dbl_overflow  m_wm.l(dunder.o)
    0x08011898   0x08011898   0x00000020   Code   RO         9968    i.__mathlib_dbl_underflow  m_wm.l(dunder.o)
    0x080118b8   0x080118b8   0x0000000e   Code   RO        10030    i.__scatterload_copy  mc_w.l(handlers.o)
    0x080118c6   0x080118c6   0x00000002   Code   RO        10031    i.__scatterload_null  mc_w.l(handlers.o)
    0x080118c8   0x080118c8   0x0000000e   Code   RO        10032    i.__scatterload_zeroinit  mc_w.l(handlers.o)
    0x080118d6   0x080118d6   0x00000002   PAD
    0x080118d8   0x080118d8   0x0000000c   Code   RO        10004    i.__set_errno       mc_w.l(errno.o)
    0x080118e4   0x080118e4   0x000002f0   Code   RO         9845    i._printf_core      mc_w.l(printf6.o)
    0x08011bd4   0x08011bd4   0x00000024   Code   RO         9846    i._printf_post_padding  mc_w.l(printf6.o)
    0x08011bf8   0x08011bf8   0x0000002e   Code   RO         9847    i._printf_pre_padding  mc_w.l(printf6.o)
    0x08011c26   0x08011c26   0x0000000a   Code   RO         9849    i._sputc            mc_w.l(printf6.o)
    0x08011c30   0x08011c30   0x0000004e   Code   RO         5509    i.bubble_sort_better  user.o
    0x08011c7e   0x08011c7e   0x0000000a   Code   RO         5400    i.delay             pbdata.o
    0x08011c88   0x08011c88   0x00000038   Code   RO         7515    i.delay_1ms         bsp_systick.o
    0x08011cc0   0x08011cc0   0x00000036   Code   RO         7516    i.delay_1us         bsp_systick.o
    0x08011cf6   0x08011cf6   0x0000000a   Code   RO         7517    i.delay_us          bsp_systick.o
    0x08011d00   0x08011d00   0x00000018   Code   RO         9636    i.fabs              m_wm.l(fabs.o)
    0x08011d18   0x08011d18   0x00000024   Code   RO         7398    i.fputc             bsp_debug_usart.o
    0x08011d3c   0x08011d3c   0x00000268   Code   RO         5510    i.input_num         user.o
    0x08011fa4   0x08011fa4   0x00000298   Code   RO         5511    i.input_password    user.o
    0x0801223c   0x0801223c   0x00000064   Code   RO         6420    i.lcd_image         bsp_lcd.o
    0x080122a0   0x080122a0   0x000000b0   Code   RO         5161    i.main              main.o
    0x08012350   0x08012350   0x000000c4   Code   RO         5514    i.read_adI_1        user.o
    0x08012414   0x08012414   0x000000c4   Code   RO         5515    i.read_adI_2        user.o
    0x080124d8   0x080124d8   0x000000bc   Code   RO         5516    i.read_adI_3        user.o
    0x08012594   0x08012594   0x000000bc   Code   RO         5517    i.read_adI_4        user.o
    0x08012650   0x08012650   0x0000003c   Code   RO         5518    i.read_adI_one      user.o
    0x0801268c   0x0801268c   0x000000d0   Code   RO         5519    i.read_adV_1        user.o
    0x0801275c   0x0801275c   0x0000003c   Code   RO         5523    i.read_adV_one      user.o
    0x08012798   0x08012798   0x00000050   Code   RO         6863    i.read_cpld         gpio.o
    0x080127e8   0x080127e8   0x00000048   Code   RO         6421    i.search_MSFont_Index  bsp_lcd.o
    0x08012830   0x08012830   0x00000034   Code   RO         6024    i.set_mid           test.o
    0x08012864   0x08012864   0x0000006e   Code   RO         9656    i.sqrt              m_wm.l(sqrt.o)
    0x080128d2   0x080128d2   0x00000002   PAD
    0x080128d4   0x080128d4   0x00000060   Code   RO         6028    i.udisk_scan        test.o
    0x08012934   0x08012934   0x0000000c   Code   RO         7898    i.xEndCH376Cmd      ch376.o
    0x08012940   0x08012940   0x00000014   Code   RO         7899    i.xReadCH376Data    ch376.o
    0x08012954   0x08012954   0x0000002c   Code   RO         7900    i.xWriteCH376Cmd    ch376.o
    0x08012980   0x08012980   0x00000012   Code   RO         7901    i.xWriteCH376Data   ch376.o
    0x08012992   0x08012992   0x00000002   PAD
    0x08012994   0x08012994   0x00000cfa   Data   RO         5524    .constdata          user.o
    0x0801368e   0x0801368e   0x00070a08   Data   RO         6030    .constdata          test.o
    0x08084096   0x08084096   0x0000e0c4   Data   RO         6423    .constdata          bsp_lcd.o
    0x0809215a   0x0809215a   0x0000cd06   Data   RO         7120    .constdata          fonts.o
    0x0809ee60   0x0809ee60   0x00000088   Data   RO         9643    .constdata          m_wm.l(pow.o)
    0x0809eee8   0x0809eee8   0x00000008   Data   RO         9980    .constdata          m_wm.l(qnan.o)
    0x0809eef0   0x0809eef0   0x00000020   Data   RO        10028    Region$$Table       anon$$obj.o


    Execution Region RW_IRAM1 (Exec base: 0x20000000, Load base: 0x0809ef10, Size: 0x000086c0, Max: 0x00030000, ABSOLUTE, COMPRESSED[0x00000138])

    Exec Addr    Load Addr    Size         Type   Attr      Idx    E Section Name        Object

    0x20000000   COMPRESSED   0x00000014   Data   RW           16    .data               system_stm32f4xx.o
    0x20000014   COMPRESSED   0x00000001   Data   RW         5292    .data               stm32f4xx_it.o
    0x20000015   COMPRESSED   0x00000003   PAD
    0x20000018   COMPRESSED   0x0000006a   Data   RW         5403    .data               pbdata.o
    0x20000082   COMPRESSED   0x00000002   PAD
    0x20000084   COMPRESSED   0x00000085   Data   RW         5525    .data               user.o
    0x20000109   COMPRESSED   0x00000003   PAD
    0x2000010c   COMPRESSED   0x00000028   Data   RW         6031    .data               test.o
    0x20000134   COMPRESSED   0x0000001c   Data   RW         6424    .data               bsp_lcd.o
    0x20000150   COMPRESSED   0x00000006   Data   RW         7043    .data               keyboard.o
    0x20000156   COMPRESSED   0x00000002   PAD
    0x20000158   COMPRESSED   0x00000029   Data   RW         7121    .data               fonts.o
    0x20000181   COMPRESSED   0x00000003   PAD
    0x20000184   COMPRESSED   0x00000004   Data   RW         7518    .data               bsp_systick.o
    0x20000188   COMPRESSED   0x00000004   Data   RW         7902    .data               ch376.o
    0x2000018c   COMPRESSED   0x00000018   Data   RW         8052    .data               bsp_sdio_sd.o
    0x200001a4   COMPRESSED   0x00000034   Data   RW         9109    .data               usbd_core.o
    0x200001d8   COMPRESSED   0x0000000d   Data   RW         9282    .data               usbd_req.o
    0x200001e5   COMPRESSED   0x00000003   PAD
    0x200001e8   COMPRESSED   0x0000003c   Data   RW         9444    .data               usbd_desc.o
    0x20000224   COMPRESSED   0x00000087   Data   RW         9512    .data               usbd_hid_core.o
    0x200002ab   COMPRESSED   0x00000001   PAD
    0x200002ac   COMPRESSED   0x0000001c   Data   RW         9577    .data               usbd_usr.o
    0x200002c8   COMPRESSED   0x00000004   Data   RW         9995    .data               mc_w.l(stdout.o)
    0x200002cc   COMPRESSED   0x00000004   Data   RW        10005    .data               mc_w.l(errno.o)
    0x200002d0        -       0x00001543   Zero   RW         5401    .bss                pbdata.o
    0x20001813   COMPRESSED   0x00000001   PAD
    0x20001814        -       0x00002cdc   Zero   RW         6029    .bss                test.o
    0x200044f0        -       0x000000cc   Zero   RW         8051    .bss                bsp_sdio_sd.o
    0x200045bc        -       0x000000ff   Zero   RW         9281    .bss                usbd_req.o
    0x200046bb   COMPRESSED   0x00000005   PAD
    0x200046c0        -       0x00004000   Zero   RW            1    STACK               startup_stm32f429_439xx.o


==============================================================================

Image component sizes


      Code (inc. data)   RO Data    RW Data    ZI Data      Debug   Object Name

       326          8          0          0          0       1738   ad7706.o
       472         26          0          0          0       3588   bsp_basic_tim.o
        80         12          0          0          0       1013   bsp_beep.o
       136         10          0          0          0       2788   bsp_debug_usart.o
      3626        222      57540         28          0      28095   bsp_lcd.o
       342         32          0          0          0       2342   bsp_rtc.o
      6192        368          0         24        204      28258   bsp_sdio_sd.o
      1272         30          0          0          0       3089   bsp_sdram.o
       248         22          0          4          0      29765   bsp_systick.o
       596         46          0          4          0       5671   ch376.o
       240         22          0          0          0       2113   cpld.o
       920          6          0          0          0      12816   filesys.o
         0          0      52486         41          0       2800   fonts.o
       726         60          0          0          0      12290   gpio.o
      1806         54          0          6          0       7707   keyboard.o
       176         16          0          0          0       4072   main.o
       140         24          0          0          0       1699   misc.o
        22          6          0        106       5443      15199   pbdata.o
        36          8        428          0      16384        956   startup_stm32f429_439xx.o
       586         40          0          0          0       5304   stm32f4xx_dma.o
       294         20          0          0          0       3080   stm32f4xx_dma2d.o
       220         24          0          0          0       2846   stm32f4xx_exti.o
       402         40          0          0          0       4881   stm32f4xx_flash.o
       452         20          0          0          0       3743   stm32f4xx_fmc.o
       240          0          0          0          0       3823   stm32f4xx_gpio.o
       492         64          0          1          0      52002   stm32f4xx_it.o
       742         26          0          0          0       4518   stm32f4xx_ltdc.o
        12          6          0          0          0        574   stm32f4xx_pwr.o
       564        102          0          0          0       9341   stm32f4xx_rcc.o
      1578        112          0          0          0      14489   stm32f4xx_rtc.o
       370         80          0          0          0      11366   stm32f4xx_sdio.o
       112          0          0          0          0       3790   stm32f4xx_spi.o
       952        102          0          0          0       8199   stm32f4xx_tim.o
       400         34          0          0          0       5481   stm32f4xx_usart.o
       392         32          0         20          0     364197   system_stm32f4xx.o
     16668       1468     461320         40      11484      51841   test.o
       332         22          0          0          0       4252   usb_bsp.o
      3542         18          0          0          0      21180   usb_core.o
       702          0          0          0          0       6595   usb_dcd.o
      2456         68          0          0          0      12226   usb_dcd_int.o
       820          6          0         52          0      11196   usbd_core.o
       344        168          0         60          0       5716   usbd_desc.o
       376         30          0        135          0       5315   usbd_hid_core.o
       178          0          0          0          0       3660   usbd_ioreq.o
      1830         60          0         13        255      10327   usbd_req.o
       112         12          0         28          0       3821   usbd_usr.o
     16362       1696       3322        133          0      87763   user.o

    ----------------------------------------------------------------------
     68956       5222     575128        712      33776     887525   Object Totals
         0          0         32          0          0          0   (incl. Generated)
        70          0          0         17          6          0   (incl. Padding)

    ----------------------------------------------------------------------

      Code (inc. data)   RO Data    RW Data    ZI Data      Debug   Library Member Name

       164         44          0          0          0        620   dunder.o
        44          0          0          0          0        248   fabs.o
        48          0          0          0          0        124   fpclassify.o
       248          0          0          0          0        152   poly.o
      3152        296        136          0          0        352   pow.o
         0          0          8          0          0          0   qnan.o
       110          0          0          0          0        148   sqrt.o
        86          0          0          0          0          0   __dczerorl2.o
         0          0          0          0          0          0   entry.o
         0          0          0          0          0          0   entry10a.o
         0          0          0          0          0          0   entry11a.o
         8          4          0          0          0          0   entry2.o
         4          0          0          0          0          0   entry5.o
         0          0          0          0          0          0   entry7b.o
         0          0          0          0          0          0   entry8b.o
         8          4          0          0          0          0   entry9a.o
        12          6          0          4          0         68   errno.o
        30          0          0          0          0          0   handlers.o
        36          8          0          0          0         68   init.o
         0          0          0          0          0          0   iusefp.o
        30          0          0          0          0         68   llshl.o
        36          0          0          0          0         68   llsshr.o
        32          0          0          0          0         68   llushr.o
        36          0          0          0          0         68   memcpya.o
        36          0          0          0          0        108   memseta.o
       916         20          0          0          0        504   printf6.o
         0          0          0          4          0          0   stdout.o
        24          0          0          0          0         68   strcat.o
        28          0          0          0          0         76   strcmp.o
        18          0          0          0          0         68   strcpy.o
        44          0          0          0          0         80   uidiv.o
        98          0          0          0          0         92   uldiv.o
        48          0          0          0          0         68   cdcmple.o
        48          0          0          0          0         68   cdrcmple.o
        56          0          0          0          0         88   d2f.o
       334          0          0          0          0        148   dadd.o
       222          0          0          0          0        100   ddiv.o
       186          0          0          0          0        176   depilogue.o
        34          0          0          0          0         76   dflti.o
        26          0          0          0          0         76   dfltui.o
       228          0          0          0          0         96   dmul.o
        46          0          0          0          0         80   dscalb.o
       162          0          0          0          0        100   dsqrt.o
        38          0          0          0          0         68   f2d.o
       110          0          0          0          0        168   fepilogue.o

    ----------------------------------------------------------------------
      6796        382        144          8          0       4360   Library Totals
        10          0          0          0          0          0   (incl. Padding)

    ----------------------------------------------------------------------

      Code (inc. data)   RO Data    RW Data    ZI Data      Debug   Library Name

      3766        340        144          0          0       1644   m_wm.l
      1482         42          0          8          0       1404   mc_w.l
      1538          0          0          0          0       1312   mf_w.l

    ----------------------------------------------------------------------
      6796        382        144          8          0       4360   Library Totals

    ----------------------------------------------------------------------

==============================================================================


      Code (inc. data)   RO Data    RW Data    ZI Data      Debug   

     75752       5604     575272        720      33776     840713   Grand Totals
     75752       5604     575272        312      33776     840713   ELF Image Totals (compressed)
     75752       5604     575272        312          0          0   ROM Totals

==============================================================================

    Total RO  Size (Code + RO Data)               651024 ( 635.77kB)
    Total RW  Size (RW Data + ZI Data)             34496 (  33.69kB)
    Total ROM Size (Code + RO Data + RW Data)     651336 ( 636.07kB)

==============================================================================

